Archive member included to satisfy reference by file (symbol)

c:/progra~1/raspbe~1/picosd~1.1/gcc-ar~1/bin/../lib/gcc/arm-none-eabi/10.3.1/thumb/v6-m/nofp\libgcc.a(_dvmd_tls.o)
                              CMakeFiles/milling_2.dir/C_/Program_Files/Raspberry_Pi/Pico_SDK_v1.5.1/pico-sdk/src/rp2_common/pico_divider/divider.S.obj (__aeabi_idiv0)
c:/progra~1/raspbe~1/picosd~1.1/gcc-ar~1/bin/../lib/gcc/arm-none-eabi/10.3.1/../../../../arm-none-eabi/lib/thumb/v6-m/nofp\libg.a(lib_a-atoi.o)
                              CMakeFiles/milling_2.dir/machine.c.obj (atoi)
c:/progra~1/raspbe~1/picosd~1.1/gcc-ar~1/bin/../lib/gcc/arm-none-eabi/10.3.1/../../../../arm-none-eabi/lib/thumb/v6-m/nofp\libg.a(lib_a-calloc.o)
                              CMakeFiles/milling_2.dir/C_/Program_Files/Raspberry_Pi/Pico_SDK_v1.5.1/pico-sdk/src/rp2_common/pico_malloc/pico_malloc.c.obj (calloc)
c:/progra~1/raspbe~1/picosd~1.1/gcc-ar~1/bin/../lib/gcc/arm-none-eabi/10.3.1/../../../../arm-none-eabi/lib/thumb/v6-m/nofp\libg.a(lib_a-callocr.o)
                              c:/progra~1/raspbe~1/picosd~1.1/gcc-ar~1/bin/../lib/gcc/arm-none-eabi/10.3.1/../../../../arm-none-eabi/lib/thumb/v6-m/nofp\libg.a(lib_a-calloc.o) (_calloc_r)
c:/progra~1/raspbe~1/picosd~1.1/gcc-ar~1/bin/../lib/gcc/arm-none-eabi/10.3.1/../../../../arm-none-eabi/lib/thumb/v6-m/nofp\libg.a(lib_a-ctype_.o)
                              CMakeFiles/milling_2.dir/command.c.obj (_ctype_)
c:/progra~1/raspbe~1/picosd~1.1/gcc-ar~1/bin/../lib/gcc/arm-none-eabi/10.3.1/../../../../arm-none-eabi/lib/thumb/v6-m/nofp\libg.a(lib_a-errno.o)
                              c:/progra~1/raspbe~1/picosd~1.1/gcc-ar~1/bin/../lib/gcc/arm-none-eabi/10.3.1/../../../../arm-none-eabi/lib/thumb/v6-m/nofp\libg.a(lib_a-callocr.o) (__errno)
c:/progra~1/raspbe~1/picosd~1.1/gcc-ar~1/bin/../lib/gcc/arm-none-eabi/10.3.1/../../../../arm-none-eabi/lib/thumb/v6-m/nofp\libg.a(lib_a-impure.o)
                              c:/progra~1/raspbe~1/picosd~1.1/gcc-ar~1/bin/../lib/gcc/arm-none-eabi/10.3.1/../../../../arm-none-eabi/lib/thumb/v6-m/nofp\libg.a(lib_a-calloc.o) (_impure_ptr)
c:/progra~1/raspbe~1/picosd~1.1/gcc-ar~1/bin/../lib/gcc/arm-none-eabi/10.3.1/../../../../arm-none-eabi/lib/thumb/v6-m/nofp\libg.a(lib_a-init.o)
                              c:/progra~1/raspbe~1/picosd~1.1/gcc-ar~1/bin/../lib/gcc/arm-none-eabi/10.3.1/../../../../arm-none-eabi/lib/thumb/v6-m/nofp/crt0.o (__libc_init_array)
c:/progra~1/raspbe~1/picosd~1.1/gcc-ar~1/bin/../lib/gcc/arm-none-eabi/10.3.1/../../../../arm-none-eabi/lib/thumb/v6-m/nofp\libg.a(lib_a-malloc.o)
                              CMakeFiles/milling_2.dir/C_/Program_Files/Raspberry_Pi/Pico_SDK_v1.5.1/pico-sdk/src/rp2_common/pico_malloc/pico_malloc.c.obj (malloc)
c:/progra~1/raspbe~1/picosd~1.1/gcc-ar~1/bin/../lib/gcc/arm-none-eabi/10.3.1/../../../../arm-none-eabi/lib/thumb/v6-m/nofp\libg.a(lib_a-mallocr.o)
                              c:/progra~1/raspbe~1/picosd~1.1/gcc-ar~1/bin/../lib/gcc/arm-none-eabi/10.3.1/../../../../arm-none-eabi/lib/thumb/v6-m/nofp\libg.a(lib_a-callocr.o) (_malloc_r)
c:/progra~1/raspbe~1/picosd~1.1/gcc-ar~1/bin/../lib/gcc/arm-none-eabi/10.3.1/../../../../arm-none-eabi/lib/thumb/v6-m/nofp\libg.a(lib_a-mlock.o)
                              c:/progra~1/raspbe~1/picosd~1.1/gcc-ar~1/bin/../lib/gcc/arm-none-eabi/10.3.1/../../../../arm-none-eabi/lib/thumb/v6-m/nofp\libg.a(lib_a-mallocr.o) (__malloc_lock)
c:/progra~1/raspbe~1/picosd~1.1/gcc-ar~1/bin/../lib/gcc/arm-none-eabi/10.3.1/../../../../arm-none-eabi/lib/thumb/v6-m/nofp\libg.a(lib_a-realloc.o)
                              CMakeFiles/milling_2.dir/C_/Program_Files/Raspberry_Pi/Pico_SDK_v1.5.1/pico-sdk/src/rp2_common/pico_malloc/pico_malloc.c.obj (realloc)
c:/progra~1/raspbe~1/picosd~1.1/gcc-ar~1/bin/../lib/gcc/arm-none-eabi/10.3.1/../../../../arm-none-eabi/lib/thumb/v6-m/nofp\libg.a(lib_a-reallocr.o)
                              c:/progra~1/raspbe~1/picosd~1.1/gcc-ar~1/bin/../lib/gcc/arm-none-eabi/10.3.1/../../../../arm-none-eabi/lib/thumb/v6-m/nofp\libg.a(lib_a-realloc.o) (_realloc_r)
c:/progra~1/raspbe~1/picosd~1.1/gcc-ar~1/bin/../lib/gcc/arm-none-eabi/10.3.1/../../../../arm-none-eabi/lib/thumb/v6-m/nofp\libg.a(lib_a-sbrkr.o)
                              c:/progra~1/raspbe~1/picosd~1.1/gcc-ar~1/bin/../lib/gcc/arm-none-eabi/10.3.1/../../../../arm-none-eabi/lib/thumb/v6-m/nofp\libg.a(lib_a-mallocr.o) (_sbrk_r)
c:/progra~1/raspbe~1/picosd~1.1/gcc-ar~1/bin/../lib/gcc/arm-none-eabi/10.3.1/../../../../arm-none-eabi/lib/thumb/v6-m/nofp\libg.a(lib_a-strchr.o)
                              CMakeFiles/milling_2.dir/machine.c.obj (strchr)
c:/progra~1/raspbe~1/picosd~1.1/gcc-ar~1/bin/../lib/gcc/arm-none-eabi/10.3.1/../../../../arm-none-eabi/lib/thumb/v6-m/nofp\libg.a(lib_a-strcmp.o)
                              CMakeFiles/milling_2.dir/parser.c.obj (strcmp)
c:/progra~1/raspbe~1/picosd~1.1/gcc-ar~1/bin/../lib/gcc/arm-none-eabi/10.3.1/../../../../arm-none-eabi/lib/thumb/v6-m/nofp\libg.a(lib_a-strlen-stub.o)
[...]
Memory Configuration

Name             Origin             Length             Attributes
FLASH            0x10000000         0x00200000         xr
RAM              0x20000000         0x00040000         xrw
SCRATCH_X        0x20040000         0x00001000         xrw
SCRATCH_Y        0x20041000         0x00001000         xrw
*default*        0x00000000         0xffffffff

Linker script and memory map

LOAD c:/progra~1/raspbe~1/picosd~1.1/gcc-ar~1/bin/../lib/gcc/arm-none-eabi/10.3.1/thumb/v6-m/nofp/crti.o
LOAD c:/progra~1/raspbe~1/picosd~1.1/gcc-ar~1/bin/../lib/gcc/arm-none-eabi/10.3.1/thumb/v6-m/nofp/crtbegin.o
LOAD c:/progra~1/raspbe~1/picosd~1.1/gcc-ar~1/bin/../lib/gcc/arm-none-eabi/10.3.1/../../../../arm-none-eabi/lib/thumb/v6-m/nofp/crt0.o

.flash_begin    0x10000000        0x0
                0x10000000                __flash_binary_start = .

.boot2          0x10000000      0x100
                0x10000000                __boot2_start__ = .
 *(.boot2)
 .boot2         0x10000000      0x100 C:\Users\skegm\AppData\Local\Temp\ccYS0Osz.o
                0x10000100                __boot2_end__ = .
                0x00000001                ASSERT (((__boot2_end__ - __boot2_start__) == 0x100), ERROR: Pico second stage bootloader must be 256 bytes in size)

.text           0x10000100     0x9040
                0x10000100                __logical_binary_start = .
 *(.vectors)
 .vectors       0x10000100       0xd4 CMakeFiles/milling_2.dir/C_/Program_Files/Raspberry_Pi/Pico_SDK_v1.5.1/pico-sdk/src/rp2_common/pico_standard_link/crt0.S.obj
                0x10000100                __VECTOR_TABLE
                0x10000100                __vectors
                0x100001c0                isr_invalid
                0x100001c0                __default_isrs_start
                0x100001c2                isr_nmi
                0x100001c4                isr_hardfault
                0x100001c6                isr_svcall
                0x100001c8                isr_pendsv
                0x100001ca                isr_systick
                0x100001cc                isr_irq23
                0x100001cc                isr_irq18
                0x100001cc                isr_irq11
                0x100001cc                isr_irq28
                0x100001cc                isr_irq19
                0x100001cc                isr_irq0
                0x100001cc                isr_irq6
                0x100001cc                isr_irq5
                0x100001cc                isr_irq12
                0x100001cc                isr_irq22
                0x100001cc                isr_irq31
                0x100001cc                isr_irq17
                0x100001cc                isr_irq27
                0x100001cc                isr_irq30
                0x100001cc                isr_irq2
                0x100001cc                isr_irq10
                0x100001cc                isr_irq8
                0x100001cc                isr_irq24
                0x100001cc                isr_irq1
                0x100001cc                isr_irq7
                0x100001cc                isr_irq21
                0x100001cc                isr_irq20
                0x100001cc                isr_irq15
                0x100001cc                isr_irq25
                0x100001cc                isr_irq13
                0x100001cc                __unhandled_user_irq
                0x100001cc                isr_irq4
                0x100001cc                isr_irq16
                0x100001cc                isr_irq29
                0x100001cc                isr_irq26
                0x100001cc                __default_isrs_end
                0x100001cc                isr_irq3
                0x100001cc                isr_irq14
                0x100001cc                isr_irq9
                0x100001d2                unhandled_user_irq_num_in_r0
 *(.binary_info_header)
 .binary_info_header
                0x100001d4       0x14 CMakeFiles/milling_2.dir/C_/Program_Files/Raspberry_Pi/Pico_SDK_v1.5.1/pico-sdk/src/rp2_common/pico_standard_link/crt0.S.obj
                0x100001e8                __binary_info_header_end = .
 *(.reset)
 .reset         0x100001e8       0xa0 CMakeFiles/milling_2.dir/C_/Program_Files/Raspberry_Pi/Pico_SDK_v1.5.1/pico-sdk/src/rp2_common/pico_standard_link/crt0.S.obj
                0x100001e8                _entry_point
 .reset         0x10000288       0x30 CMakeFiles/milling_2.dir/C_/Program_Files/Raspberry_Pi/Pico_SDK_v1.5.1/pico-sdk/src/rp2_common/pico_standard_link/binary_info.c.obj
 *(.init)
 .init          0x100002b8        0x4 c:/progra~1/raspbe~1/picosd~1.1/gcc-ar~1/bin/../lib/gcc/arm-none-eabi/10.3.1/thumb/v6-m/nofp/crti.o
                0x100002b8                _init
 *(EXCLUDE_FILE(*libm.a: *libc.a:*lib_a-mem*.o *libgcc.a:) .text*)
 .text          0x100002bc       0x48 c:/progra~1/raspbe~1/picosd~1.1/gcc-ar~1/bin/../lib/gcc/arm-none-eabi/10.3.1/thumb/v6-m/nofp/crtbegin.o
 .text.main     0x10000304       0x7c CMakeFiles/milling_2.dir/main.c.obj
                0x10000304                main
 .text.print_manual_menu
                0x10000380       0x20 CMakeFiles/milling_2.dir/machine.c.obj
                0x10000380                print_manual_menu
 .text.print_command_menu
                0x100003a0       0x20 CMakeFiles/milling_2.dir/machine.c.obj
                0x100003a0                print_command_menu
 .text.clamp_value
                0x100003c0       0x12 CMakeFiles/milling_2.dir/machine.c.obj
                0x100003c0                clamp_value
 *fill*         0x100003d2        0x2 
 .text.clamp_axis_target
                0x100003d4       0x30 CMakeFiles/milling_2.dir/machine.c.obj
                0x100003d4                clamp_axis_target
 .text.set_feed_rate
                0x10000404       0x44 CMakeFiles/milling_2.dir/machine.c.obj
                0x10000404                set_feed_rate
 .text.move_axis_to_target
                0x10000448       0xb8 CMakeFiles/milling_2.dir/machine.c.obj
                0x10000448                move_axis_to_target
 .text.execute_move
                0x10000500       0x90 CMakeFiles/milling_2.dir/machine.c.obj
                0x10000500                execute_move
 .text.execute_arc
                0x10000590       0x88 CMakeFiles/milling_2.dir/machine.c.obj
                0x10000590                execute_arc
 .text.handle_manual_mode
                0x10000618      0x288 CMakeFiles/milling_2.dir/manual.c.obj
                0x10000618                handle_manual_mode
 .text.linear_value_to_steps
                0x100008a0       0x30 CMakeFiles/milling_2.dir/command.c.obj
 .text.build_target_positions
                0x100008d0       0x88 CMakeFiles/milling_2.dir/command.c.obj
 .text.handle_command_mode
                0x10000958      0x4c4 CMakeFiles/milling_2.dir/command.c.obj
                0x10000958                handle_command_mode
 .text.init_parsed_command
                0x10000e1c       0x28 CMakeFiles/milling_2.dir/parser.c.obj
 .text.make_uppercase_copy
                0x10000e44       0x34 CMakeFiles/milling_2.dir/parser.c.obj
 .text.extract_first_token
                0x10000e78       0x44 CMakeFiles/milling_2.dir/parser.c.obj
 .text.parse_command_type
                0x10000ebc      0x1d8 CMakeFiles/milling_2.dir/parser.c.obj
 .text.extract_value
                0x10001094       0x1e CMakeFiles/milling_2.dir/parser.c.obj
 .text.parse_command
                0x100010b2       0x9e CMakeFiles/milling_2.dir/parser.c.obj
                0x100010b2                parse_command
 .text.mmhal_step_motors_impl
                0x10001150       0xd4 CMakeFiles/milling_2.dir/mmhal.c.obj
 .text.mmhal_set_spindle_pwm
                0x10001224       0x20 CMakeFiles/milling_2.dir/mmhal.c.obj
                0x10001224                mmhal_set_spindle_pwm
 .text.mmhal_set_microstepping
                0x10001244       0xcc CMakeFiles/milling_2.dir/mmhal.c.obj
                0x10001244                mmhal_set_microstepping
 .text.mmhal_init
                0x10001310      0x128 CMakeFiles/milling_2.dir/mmhal.c.obj
                0x10001310                mmhal_init
 .text.mmhal_step_motors
                0x10001438       0x14 CMakeFiles/milling_2.dir/mmhal.c.obj
                0x10001438                mmhal_step_motors
 .text.draw_box
                0x1000144c      0x180 CMakeFiles/milling_2.dir/ui.c.obj
 .text.ui_draw_background
                0x100015cc       0xc8 CMakeFiles/milling_2.dir/ui.c.obj
                0x100015cc                ui_draw_background
 .text.ui_draw_help_manual
                0x10001694       0xac CMakeFiles/milling_2.dir/ui.c.obj
                0x10001694                ui_draw_help_manual
 .text.ui_draw_help_command
                0x10001740      0x144 CMakeFiles/milling_2.dir/ui.c.obj
                0x10001740                ui_draw_help_command
 .text.ui_update_positions
                0x10001884       0xbc CMakeFiles/milling_2.dir/ui.c.obj
                0x10001884                ui_update_positions
 .text.ui_show_status
                0x10001940       0x50 CMakeFiles/milling_2.dir/ui.c.obj
                0x10001940                ui_show_status
 .text.ui_show_error
                0x10001990       0x54 CMakeFiles/milling_2.dir/ui.c.obj
                0x10001990                ui_show_error
 .text.ui_clear_input_line
                0x100019e4       0x2c CMakeFiles/milling_2.dir/ui.c.obj
                0x100019e4                ui_clear_input_line
 .text.ui_place_input_cursor
                0x10001a10       0x1c CMakeFiles/milling_2.dir/ui.c.obj
                0x10001a10                ui_place_input_cursor
 .text.gpio_set_function
                0x10001a2c       0x30 CMakeFiles/milling_2.dir/C_/Program_Files/Raspberry_Pi/Pico_SDK_v1.5.1/pico-sdk/src/rp2_common/hardware_gpio/gpio.c.obj
                0x10001a2c                gpio_set_function
 .text.gpio_set_pulls
                0x10001a5c       0x34 CMakeFiles/milling_2.dir/C_/Program_Files/Raspberry_Pi/Pico_SDK_v1.5.1/pico-sdk/src/rp2_common/hardware_gpio/gpio.c.obj
                0x10001a5c                gpio_set_pulls
 .text.gpio_init
                0x10001a90       0x16 CMakeFiles/milling_2.dir/C_/Program_Files/Raspberry_Pi/Pico_SDK_v1.5.1/pico-sdk/src/rp2_common/hardware_gpio/gpio.c.obj
                0x10001a90                gpio_init
 *fill*         0x10001aa6        0x2 
 .text.running_on_fpga
                0x10001aa8       0x14 CMakeFiles/milling_2.dir/C_/Program_Files/Raspberry_Pi/Pico_SDK_v1.5.1/pico-sdk/src/rp2_common/pico_platform/platform.c.obj
                0x10001aa8                running_on_fpga
 .text.hw_claim_lock
                0x10001abc       0x18 CMakeFiles/milling_2.dir/C_/Program_Files/Raspberry_Pi/Pico_SDK_v1.5.1/pico-sdk/src/rp2_common/hardware_claim/claim.c.obj
                0x10001abc                hw_claim_lock
 .text.hw_claim_unlock
                0x10001ad4       0x14 CMakeFiles/milling_2.dir/C_/Program_Files/Raspberry_Pi/Pico_SDK_v1.5.1/pico-sdk/src/rp2_common/hardware_claim/claim.c.obj
                0x10001ad4                hw_claim_unlock
 .text.hw_claim_or_assert
                0x10001ae8       0x32 CMakeFiles/milling_2.dir/C_/Program_Files/Raspberry_Pi/Pico_SDK_v1.5.1/pico-sdk/src/rp2_common/hardware_claim/claim.c.obj
                0x10001ae8                hw_claim_or_assert
 *fill*         0x10001b1a        0x2 
 .text.spin_locks_reset
                0x10001b1c       0x20 CMakeFiles/milling_2.dir/C_/Program_Files/Raspberry_Pi/Pico_SDK_v1.5.1/pico-sdk/src/rp2_common/hardware_sync/sync.c.obj
                0x10001b1c                spin_locks_reset
 .text.next_striped_spin_lock_num
                0x10001b3c       0x1c CMakeFiles/milling_2.dir/C_/Program_Files/Raspberry_Pi/Pico_SDK_v1.5.1/pico-sdk/src/rp2_common/hardware_sync/sync.c.obj
                0x10001b3c                next_striped_spin_lock_num
 .text.set_raw_irq_handler_and_unlock
                0x10001b58       0x28 CMakeFiles/milling_2.dir/C_/Program_Files/Raspberry_Pi/Pico_SDK_v1.5.1/pico-sdk/src/rp2_common/hardware_irq/irq.c.obj
 .text.make_branch
                0x10001b80       0x48 CMakeFiles/milling_2.dir/C_/Program_Files/Raspberry_Pi/Pico_SDK_v1.5.1/pico-sdk/src/rp2_common/hardware_irq/irq.c.obj
 .text.insert_branch_and_link
                0x10001bc8       0x40 CMakeFiles/milling_2.dir/C_/Program_Files/Raspberry_Pi/Pico_SDK_v1.5.1/pico-sdk/src/rp2_common/hardware_irq/irq.c.obj
 .text.irq_is_enabled
                0x10001c08       0x18 CMakeFiles/milling_2.dir/C_/Program_Files/Raspberry_Pi/Pico_SDK_v1.5.1/pico-sdk/src/rp2_common/hardware_irq/irq.c.obj
                0x10001c08                irq_is_enabled
 .text.irq_set_mask_enabled
                0x10001c20       0x20 CMakeFiles/milling_2.dir/C_/Program_Files/Raspberry_Pi/Pico_SDK_v1.5.1/pico-sdk/src/rp2_common/hardware_irq/irq.c.obj
                0x10001c20                irq_set_mask_enabled
 .text.irq_set_enabled
                0x10001c40        0xe CMakeFiles/milling_2.dir/C_/Program_Files/Raspberry_Pi/Pico_SDK_v1.5.1/pico-sdk/src/rp2_common/hardware_irq/irq.c.obj
                0x10001c40                irq_set_enabled
 *fill*         0x10001c4e        0x2 
 .text.irq_get_vtable_handler
                0x10001c50       0x10 CMakeFiles/milling_2.dir/C_/Program_Files/Raspberry_Pi/Pico_SDK_v1.5.1/pico-sdk/src/rp2_common/hardware_irq/irq.c.obj
                0x10001c50                irq_get_vtable_handler
 .text.irq_set_exclusive_handler
                0x10001c60       0x54 CMakeFiles/milling_2.dir/C_/Program_Files/Raspberry_Pi/Pico_SDK_v1.5.1/pico-sdk/src/rp2_common/hardware_irq/irq.c.obj
                0x10001c60                irq_set_exclusive_handler
 .text.irq_remove_handler
                0x10001cb4      0x1ac CMakeFiles/milling_2.dir/C_/Program_Files/Raspberry_Pi/Pico_SDK_v1.5.1/pico-sdk/src/rp2_common/hardware_irq/irq.c.obj
                0x10001cb4                irq_remove_handler
 .text.irq_add_tail_to_free_list
                0x10001e60       0xf0 CMakeFiles/milling_2.dir/C_/Program_Files/Raspberry_Pi/Pico_SDK_v1.5.1/pico-sdk/src/rp2_common/hardware_irq/irq.c.obj
                0x10001e60                irq_add_tail_to_free_list
 .text.irq_init_priorities
                0x10001f50       0x1c CMakeFiles/milling_2.dir/C_/Program_Files/Raspberry_Pi/Pico_SDK_v1.5.1/pico-sdk/src/rp2_common/hardware_irq/irq.c.obj
                0x10001f50                irq_init_priorities
 .text.lock_init
                0x10001f6c       0x10 CMakeFiles/milling_2.dir/C_/Program_Files/Raspberry_Pi/Pico_SDK_v1.5.1/pico-sdk/src/common/pico_sync/lock_core.c.obj
                0x10001f6c                lock_init
 .text.mutex_init
                0x10001f7c       0x1a CMakeFiles/milling_2.dir/C_/Program_Files/Raspberry_Pi/Pico_SDK_v1.5.1/pico-sdk/src/common/pico_sync/mutex.c.obj
                0x10001f7c                mutex_init
 .text.recursive_mutex_init
                0x10001f96       0x1e CMakeFiles/milling_2.dir/C_/Program_Files/Raspberry_Pi/Pico_SDK_v1.5.1/pico-sdk/src/common/pico_sync/mutex.c.obj
                0x10001f96                recursive_mutex_init
 .text.alarm_pool_post_alloc_init
                0x10001fb4       0x40 CMakeFiles/milling_2.dir/C_/Program_Files/Raspberry_Pi/Pico_SDK_v1.5.1/pico-sdk/src/common/pico_time/time.c.obj
 .text.sleep_until_callback
                0x10001ff4       0x30 CMakeFiles/milling_2.dir/C_/Program_Files/Raspberry_Pi/Pico_SDK_v1.5.1/pico-sdk/src/common/pico_time/time.c.obj
 .text.timer_pool_entry_comparator
                0x10002024       0x7c CMakeFiles/milling_2.dir/C_/Program_Files/Raspberry_Pi/Pico_SDK_v1.5.1/pico-sdk/src/common/pico_time/time.c.obj
                0x10002024                timer_pool_entry_comparator
 .text.ph_add_child_node
                0x100020a0       0xa4 CMakeFiles/milling_2.dir/C_/Program_Files/Raspberry_Pi/Pico_SDK_v1.5.1/pico-sdk/src/common/pico_time/time.c.obj
 .text.ph_merge_nodes
                0x10002144       0x3e CMakeFiles/milling_2.dir/C_/Program_Files/Raspberry_Pi/Pico_SDK_v1.5.1/pico-sdk/src/common/pico_time/time.c.obj
 *fill*         0x10002182        0x2 
 .text.add_alarm_under_lock
                0x10002184      0x174 CMakeFiles/milling_2.dir/C_/Program_Files/Raspberry_Pi/Pico_SDK_v1.5.1/pico-sdk/src/common/pico_time/time.c.obj
 .text.alarm_pool_alarm_callback
                0x100022f8      0x33c CMakeFiles/milling_2.dir/C_/Program_Files/Raspberry_Pi/Pico_SDK_v1.5.1/pico-sdk/src/common/pico_time/time.c.obj
 .text.alarm_pool_init_default
                0x10002634       0x40 CMakeFiles/milling_2.dir/C_/Program_Files/Raspberry_Pi/Pico_SDK_v1.5.1/pico-sdk/src/common/pico_time/time.c.obj
                0x10002634                alarm_pool_init_default
 .text.alarm_pool_get_default
                0x10002674       0x2c CMakeFiles/milling_2.dir/C_/Program_Files/Raspberry_Pi/Pico_SDK_v1.5.1/pico-sdk/src/common/pico_time/time.c.obj
                0x10002674                alarm_pool_get_default
 .text.alarm_pool_add_alarm_at
                0x100026a0      0x168 CMakeFiles/milling_2.dir/C_/Program_Files/Raspberry_Pi/Pico_SDK_v1.5.1/pico-sdk/src/common/pico_time/time.c.obj
                0x100026a0                alarm_pool_add_alarm_at
 .text.alarm_pool_cancel_alarm
                0x10002808       0xf8 CMakeFiles/milling_2.dir/C_/Program_Files/Raspberry_Pi/Pico_SDK_v1.5.1/pico-sdk/src/common/pico_time/time.c.obj
                0x10002808                alarm_pool_cancel_alarm
 .text.sleep_until
                0x10002900       0xfc CMakeFiles/milling_2.dir/C_/Program_Files/Raspberry_Pi/Pico_SDK_v1.5.1/pico-sdk/src/common/pico_time/time.c.obj
                0x10002900                sleep_until
 .text.sleep_us
                0x100029fc       0x58 CMakeFiles/milling_2.dir/C_/Program_Files/Raspberry_Pi/Pico_SDK_v1.5.1/pico-sdk/src/common/pico_time/time.c.obj
                0x100029fc                sleep_us
 .text.sleep_ms
                0x10002a54       0x14 CMakeFiles/milling_2.dir/C_/Program_Files/Raspberry_Pi/Pico_SDK_v1.5.1/pico-sdk/src/common/pico_time/time.c.obj
                0x10002a54                sleep_ms
 .text.best_effort_wfe_or_timeout
                0x10002a68       0xac CMakeFiles/milling_2.dir/C_/Program_Files/Raspberry_Pi/Pico_SDK_v1.5.1/pico-sdk/src/common/pico_time/time.c.obj
                0x10002a68                best_effort_wfe_or_timeout
 .text.hardware_alarm_irq_handler
                0x10002b14       0x90 CMakeFiles/milling_2.dir/C_/Program_Files/Raspberry_Pi/Pico_SDK_v1.5.1/pico-sdk/src/rp2_common/hardware_timer/timer.c.obj
 .text.hardware_alarm_claim
                0x10002ba4       0x18 CMakeFiles/milling_2.dir/C_/Program_Files/Raspberry_Pi/Pico_SDK_v1.5.1/pico-sdk/src/rp2_common/hardware_timer/timer.c.obj
                0x10002ba4                hardware_alarm_claim
 .text.time_us_64
                0x10002bbc       0x18 CMakeFiles/milling_2.dir/C_/Program_Files/Raspberry_Pi/Pico_SDK_v1.5.1/pico-sdk/src/rp2_common/hardware_timer/timer.c.obj
                0x10002bbc                time_us_64
 .text.busy_wait_until
                0x10002bd4       0x28 CMakeFiles/milling_2.dir/C_/Program_Files/Raspberry_Pi/Pico_SDK_v1.5.1/pico-sdk/src/rp2_common/hardware_timer/timer.c.obj
                0x10002bd4                busy_wait_until
 .text.busy_wait_us
                0x10002bfc       0x48 CMakeFiles/milling_2.dir/C_/Program_Files/Raspberry_Pi/Pico_SDK_v1.5.1/pico-sdk/src/rp2_common/hardware_timer/timer.c.obj
                0x10002bfc                busy_wait_us
 .text.hardware_alarm_set_callback
                0x10002c44       0x90 CMakeFiles/milling_2.dir/C_/Program_Files/Raspberry_Pi/Pico_SDK_v1.5.1/pico-sdk/src/rp2_common/hardware_timer/timer.c.obj
                0x10002c44                hardware_alarm_set_callback
 .text.hardware_alarm_set_target
                0x10002cd4       0xe8 CMakeFiles/milling_2.dir/C_/Program_Files/Raspberry_Pi/Pico_SDK_v1.5.1/pico-sdk/src/rp2_common/hardware_timer/timer.c.obj
                0x10002cd4                hardware_alarm_set_target
 .text.hardware_alarm_cancel
                0x10002dbc       0x40 CMakeFiles/milling_2.dir/C_/Program_Files/Raspberry_Pi/Pico_SDK_v1.5.1/pico-sdk/src/rp2_common/hardware_timer/timer.c.obj
                0x10002dbc                hardware_alarm_cancel
 .text.ph_add_child_node
                0x10002dfc       0xa4 CMakeFiles/milling_2.dir/C_/Program_Files/Raspberry_Pi/Pico_SDK_v1.5.1/pico-sdk/src/common/pico_util/pheap.c.obj
 .text.ph_merge_nodes
                0x10002ea0       0x3e CMakeFiles/milling_2.dir/C_/Program_Files/Raspberry_Pi/Pico_SDK_v1.5.1/pico-sdk/src/common/pico_util/pheap.c.obj
 *fill*         0x10002ede        0x2 
 .text.ph_clear
                0x10002ee0       0x70 CMakeFiles/milling_2.dir/C_/Program_Files/Raspberry_Pi/Pico_SDK_v1.5.1/pico-sdk/src/common/pico_util/pheap.c.obj
                0x10002ee0                ph_clear
 .text.ph_post_alloc_init
                0x10002f50        0xe CMakeFiles/milling_2.dir/C_/Program_Files/Raspberry_Pi/Pico_SDK_v1.5.1/pico-sdk/src/common/pico_util/pheap.c.obj
                0x10002f50                ph_post_alloc_init
 *fill*         0x10002f5e        0x2 
 .text.ph_merge_two_pass
                0x10002f60       0xa8 CMakeFiles/milling_2.dir/C_/Program_Files/Raspberry_Pi/Pico_SDK_v1.5.1/pico-sdk/src/common/pico_util/pheap.c.obj
                0x10002f60                ph_merge_two_pass
 .text.ph_remove_any_head
                0x10003008      0x128 CMakeFiles/milling_2.dir/C_/Program_Files/Raspberry_Pi/Pico_SDK_v1.5.1/pico-sdk/src/common/pico_util/pheap.c.obj
 .text.ph_remove_head
                0x10003130       0x14 CMakeFiles/milling_2.dir/C_/Program_Files/Raspberry_Pi/Pico_SDK_v1.5.1/pico-sdk/src/common/pico_util/pheap.c.obj
                0x10003130                ph_remove_head
 .text.ph_remove_and_free_node
                0x10003144       0xf8 CMakeFiles/milling_2.dir/C_/Program_Files/Raspberry_Pi/Pico_SDK_v1.5.1/pico-sdk/src/common/pico_util/pheap.c.obj
                0x10003144                ph_remove_and_free_node
 .text.uart_disable_before_lcr_write
                0x1000323c       0x48 CMakeFiles/milling_2.dir/C_/Program_Files/Raspberry_Pi/Pico_SDK_v1.5.1/pico-sdk/src/rp2_common/hardware_uart/uart.c.obj
 .text.uart_write_lcr_bits_masked
                0x10003284       0x22 CMakeFiles/milling_2.dir/C_/Program_Files/Raspberry_Pi/Pico_SDK_v1.5.1/pico-sdk/src/rp2_common/hardware_uart/uart.c.obj
 *fill*         0x100032a6        0x2 
 .text.uart_set_baudrate
                0x100032a8       0x5c CMakeFiles/milling_2.dir/C_/Program_Files/Raspberry_Pi/Pico_SDK_v1.5.1/pico-sdk/src/rp2_common/hardware_uart/uart.c.obj
                0x100032a8                uart_set_baudrate
 .text.uart_set_format
                0x10003304       0x2c CMakeFiles/milling_2.dir/C_/Program_Files/Raspberry_Pi/Pico_SDK_v1.5.1/pico-sdk/src/rp2_common/hardware_uart/uart.c.obj
                0x10003304                uart_set_format
 .text.uart_set_translate_crlf
                0x10003330       0x28 CMakeFiles/milling_2.dir/C_/Program_Files/Raspberry_Pi/Pico_SDK_v1.5.1/pico-sdk/src/rp2_common/hardware_uart/uart.c.obj
                0x10003330                uart_set_translate_crlf
 .text.uart_init
                0x10003358       0x80 CMakeFiles/milling_2.dir/C_/Program_Files/Raspberry_Pi/Pico_SDK_v1.5.1/pico-sdk/src/rp2_common/hardware_uart/uart.c.obj
                0x10003358                uart_init
 .text.clock_configure
                0x100033d8      0x108 CMakeFiles/milling_2.dir/C_/Program_Files/Raspberry_Pi/Pico_SDK_v1.5.1/pico-sdk/src/rp2_common/hardware_clocks/clocks.c.obj
                0x100033d8                clock_configure
 .text.clocks_init
                0x100034e0      0x100 CMakeFiles/milling_2.dir/C_/Program_Files/Raspberry_Pi/Pico_SDK_v1.5.1/pico-sdk/src/rp2_common/hardware_clocks/clocks.c.obj
                0x100034e0                clocks_init
 .text.clock_get_hz
                0x100035e0        0xc CMakeFiles/milling_2.dir/C_/Program_Files/Raspberry_Pi/Pico_SDK_v1.5.1/pico-sdk/src/rp2_common/hardware_clocks/clocks.c.obj
                0x100035e0                clock_get_hz
 .text.pll_init
                0x100035ec      0x120 CMakeFiles/milling_2.dir/C_/Program_Files/Raspberry_Pi/Pico_SDK_v1.5.1/pico-sdk/src/rp2_common/hardware_pll/pll.c.obj
                0x100035ec                pll_init
 .text.watchdog_start_tick
                0x1000370c       0x10 CMakeFiles/milling_2.dir/C_/Program_Files/Raspberry_Pi/Pico_SDK_v1.5.1/pico-sdk/src/rp2_common/hardware_watchdog/watchdog.c.obj
                0x1000370c                watchdog_start_tick
 .text.xosc_init
                0x1000371c       0x28 CMakeFiles/milling_2.dir/C_/Program_Files/Raspberry_Pi/Pico_SDK_v1.5.1/pico-sdk/src/rp2_common/hardware_xosc/xosc.c.obj
                0x1000371c                xosc_init
 .text._exit    0x10003744        0x4 CMakeFiles/milling_2.dir/C_/Program_Files/Raspberry_Pi/Pico_SDK_v1.5.1/pico-sdk/src/rp2_common/pico_runtime/runtime.c.obj
                0x10003744                _exit
 .text._sbrk    0x10003748       0x38 CMakeFiles/milling_2.dir/C_/Program_Files/Raspberry_Pi/Pico_SDK_v1.5.1/pico-sdk/src/rp2_common/pico_runtime/runtime.c.obj
                0x10003748                _sbrk
 .text.exit     0x10003780        0x6 CMakeFiles/milling_2.dir/C_/Program_Files/Raspberry_Pi/Pico_SDK_v1.5.1/pico-sdk/src/rp2_common/pico_runtime/runtime.c.obj
                0x10003780                exit
 *fill*         0x10003786        0x2 
 .text.__assert_func
                0x10003788       0x3c CMakeFiles/milling_2.dir/C_/Program_Files/Raspberry_Pi/Pico_SDK_v1.5.1/pico-sdk/src/rp2_common/pico_runtime/runtime.c.obj
                0x10003788                __assert_func
 .text.runtime_init
                0x100037c4       0xf8 CMakeFiles/milling_2.dir/C_/Program_Files/Raspberry_Pi/Pico_SDK_v1.5.1/pico-sdk/src/rp2_common/pico_runtime/runtime.c.obj
                0x100037c4                runtime_init
 .text.panic    0x100038bc       0x30 CMakeFiles/milling_2.dir/C_/Program_Files/Raspberry_Pi/Pico_SDK_v1.5.1/pico-sdk/src/rp2_common/pico_runtime/runtime.c.obj
                0x100038bc                panic
 .text._out_buffer
                0x100038ec        0x8 CMakeFiles/milling_2.dir/C_/Program_Files/Raspberry_Pi/Pico_SDK_v1.5.1/pico-sdk/src/rp2_common/pico_printf/printf.c.obj
 .text._out_null
                0x100038f4        0x2 CMakeFiles/milling_2.dir/C_/Program_Files/Raspberry_Pi/Pico_SDK_v1.5.1/pico-sdk/src/rp2_common/pico_printf/printf.c.obj
 .text._out_fct
                0x100038f6        0xe CMakeFiles/milling_2.dir/C_/Program_Files/Raspberry_Pi/Pico_SDK_v1.5.1/pico-sdk/src/rp2_common/pico_printf/printf.c.obj
 .text._atoi    0x10003904       0x24 CMakeFiles/milling_2.dir/C_/Program_Files/Raspberry_Pi/Pico_SDK_v1.5.1/pico-sdk/src/rp2_common/pico_printf/printf.c.obj
 .text._out_rev
                0x10003928       0xae CMakeFiles/milling_2.dir/C_/Program_Files/Raspberry_Pi/Pico_SDK_v1.5.1/pico-sdk/src/rp2_common/pico_printf/printf.c.obj
 .text._ntoa_format
                0x100039d6      0x112 CMakeFiles/milling_2.dir/C_/Program_Files/Raspberry_Pi/Pico_SDK_v1.5.1/pico-sdk/src/rp2_common/pico_printf/printf.c.obj
 .text._ntoa_long
                0x10003ae8       0xbc CMakeFiles/milling_2.dir/C_/Program_Files/Raspberry_Pi/Pico_SDK_v1.5.1/pico-sdk/src/rp2_common/pico_printf/printf.c.obj
 .text._ntoa_long_long
                0x10003ba4       0xe2 CMakeFiles/milling_2.dir/C_/Program_Files/Raspberry_Pi/Pico_SDK_v1.5.1/pico-sdk/src/rp2_common/pico_printf/printf.c.obj
 *fill*         0x10003c86        0x2 
 .text._etoa    0x10003c88      0x414 CMakeFiles/milling_2.dir/C_/Program_Files/Raspberry_Pi/Pico_SDK_v1.5.1/pico-sdk/src/rp2_common/pico_printf/printf.c.obj
 .text._ftoa    0x1000409c      0x354 CMakeFiles/milling_2.dir/C_/Program_Files/Raspberry_Pi/Pico_SDK_v1.5.1/pico-sdk/src/rp2_common/pico_printf/printf.c.obj
 .text._vsnprintf
                0x100043f0      0x624 CMakeFiles/milling_2.dir/C_/Program_Files/Raspberry_Pi/Pico_SDK_v1.5.1/pico-sdk/src/rp2_common/pico_printf/printf.c.obj
 .text.__wrap_snprintf
                0x10004a14       0x28 CMakeFiles/milling_2.dir/C_/Program_Files/Raspberry_Pi/Pico_SDK_v1.5.1/pico-sdk/src/rp2_common/pico_printf/printf.c.obj
                0x10004a14                __wrap_snprintf
 .text.vfctprintf
                0x10004a3c       0x20 CMakeFiles/milling_2.dir/C_/Program_Files/Raspberry_Pi/Pico_SDK_v1.5.1/pico-sdk/src/rp2_common/pico_printf/printf.c.obj
                0x10004a3c                vfctprintf
 .text          0x10004a5c       0x10 CMakeFiles/milling_2.dir/C_/Program_Files/Raspberry_Pi/Pico_SDK_v1.5.1/pico-sdk/src/rp2_common/pico_bit_ops/bit_ops_aeabi.S.obj
 .text.rom_func_lookup
                0x10004a6c       0x10 CMakeFiles/milling_2.dir/C_/Program_Files/Raspberry_Pi/Pico_SDK_v1.5.1/pico-sdk/src/rp2_common/pico_bootrom/bootrom.c.obj
                0x10004a6c                rom_func_lookup
 .text.rom_data_lookup
                0x10004a7c       0x10 CMakeFiles/milling_2.dir/C_/Program_Files/Raspberry_Pi/Pico_SDK_v1.5.1/pico-sdk/src/rp2_common/pico_bootrom/bootrom.c.obj
                0x10004a7c                rom_data_lookup
 .text.rom_funcs_lookup
                0x10004a8c       0x36 CMakeFiles/milling_2.dir/C_/Program_Files/Raspberry_Pi/Pico_SDK_v1.5.1/pico-sdk/src/rp2_common/pico_bootrom/bootrom.c.obj
                0x10004a8c                rom_funcs_lookup
 *fill*         0x10004ac2        0x2 
 .text.__wrap___aeabi_idiv
                0x10004ac4       0x50 CMakeFiles/milling_2.dir/C_/Program_Files/Raspberry_Pi/Pico_SDK_v1.5.1/pico-sdk/src/rp2_common/pico_divider/divider.S.obj
                0x10004ac4                __wrap___aeabi_idivmod
                0x10004ac4                divmod_s32s32
                0x10004ac4                div_s32s32
                0x10004ac4                __wrap___aeabi_idiv
                0x10004acc                divmod_s32s32_unsafe
                0x10004af8                divmod_s32s32_savestate
 .text.__wrap___aeabi_uidiv
                0x10004b14       0x4c CMakeFiles/milling_2.dir/C_/Program_Files/Raspberry_Pi/Pico_SDK_v1.5.1/pico-sdk/src/rp2_common/pico_divider/divider.S.obj
                0x10004b14                __wrap___aeabi_uidiv
                0x10004b14                __wrap___aeabi_uidivmod
                0x10004b14                div_u32u32
                0x10004b14                divmod_u32u32
                0x10004b1c                divmod_u32u32_unsafe
                0x10004b44                divmod_u32u32_savestate
 .text.__wrap___aeabi_ldiv
                0x10004b60      0x424 CMakeFiles/milling_2.dir/C_/Program_Files/Raspberry_Pi/Pico_SDK_v1.5.1/pico-sdk/src/rp2_common/pico_divider/divider.S.obj
                0x10004b60                div_s64s64
                0x10004b60                divmod_s64s64
                0x10004b60                __wrap___aeabi_ldivmod
                0x10004b90                divmod_u64u64
                0x10004b90                div_u64u64
                0x10004b90                __wrap___aeabi_uldivmod
                0x10004ba0                divmod_u64u64_savestate
                0x10004bc0                divmod_s64s64_unsafe
                0x10004c48                divmod_u64u64_unsafe
 .text.__wrap___aeabi_darithmetic
                0x10004f84       0x80 CMakeFiles/milling_2.dir/C_/Program_Files/Raspberry_Pi/Pico_SDK_v1.5.1/pico-sdk/src/rp2_common/pico_double/double_aeabi.S.obj
                0x10004f84                __wrap___aeabi_drsub
                0x10004f8a                __wrap___aeabi_dsub
                0x10004f9c                __wrap___aeabi_dadd
                0x10004fae                __wrap___aeabi_ddiv
                0x10004fea                __wrap___aeabi_dmul
 .text.__wrap___aeabi_cdcmple
                0x10005004       0x6c CMakeFiles/milling_2.dir/C_/Program_Files/Raspberry_Pi/Pico_SDK_v1.5.1/pico-sdk/src/rp2_common/pico_double/double_aeabi.S.obj
                0x10005004                __wrap___aeabi_cdrcmple
                0x10005014                __wrap___aeabi_cdcmpeq
                0x10005014                __wrap___aeabi_cdcmple
 .text.__wrap___aeabi_dcmpeq
                0x10005070       0x10 CMakeFiles/milling_2.dir/C_/Program_Files/Raspberry_Pi/Pico_SDK_v1.5.1/pico-sdk/src/rp2_common/pico_double/double_aeabi.S.obj
                0x10005070                __wrap___aeabi_dcmpeq
 .text.__wrap___aeabi_dcmplt
                0x10005080        0xc CMakeFiles/milling_2.dir/C_/Program_Files/Raspberry_Pi/Pico_SDK_v1.5.1/pico-sdk/src/rp2_common/pico_double/double_aeabi.S.obj
                0x10005080                __wrap___aeabi_dcmplt
 .text.__wrap___aeabi_dcmple
                0x1000508c       0x10 CMakeFiles/milling_2.dir/C_/Program_Files/Raspberry_Pi/Pico_SDK_v1.5.1/pico-sdk/src/rp2_common/pico_double/double_aeabi.S.obj
                0x1000508c                __wrap___aeabi_dcmple
 .text.__wrap___aeabi_dcmpge
                0x1000509c       0x10 CMakeFiles/milling_2.dir/C_/Program_Files/Raspberry_Pi/Pico_SDK_v1.5.1/pico-sdk/src/rp2_common/pico_double/double_aeabi.S.obj
                0x1000509c                __wrap___aeabi_dcmpge
 .text.__wrap___aeabi_dcmpgt
                0x100050ac        0xa CMakeFiles/milling_2.dir/C_/Program_Files/Raspberry_Pi/Pico_SDK_v1.5.1/pico-sdk/src/rp2_common/pico_double/double_aeabi.S.obj
                0x100050ac                __wrap___aeabi_dcmpgt
 .text.__wrap___aeabi_dcmpun
                0x100050b6       0x1c CMakeFiles/milling_2.dir/C_/Program_Files/Raspberry_Pi/Pico_SDK_v1.5.1/pico-sdk/src/rp2_common/pico_double/double_aeabi.S.obj
                0x100050b6                __wrap___aeabi_dcmpun
 *fill*         0x100050d2        0x2 
 .text.__wrap___aeabi_i2d
                0x100050d4       0x38 CMakeFiles/milling_2.dir/C_/Program_Files/Raspberry_Pi/Pico_SDK_v1.5.1/pico-sdk/src/rp2_common/pico_double/double_aeabi.S.obj
                0x100050d4                __wrap___aeabi_ui2d
                0x100050dc                __wrap___aeabi_i2d
 .text.__wrap___aeabi_d2iz
                0x1000510c       0x48 CMakeFiles/milling_2.dir/C_/Program_Files/Raspberry_Pi/Pico_SDK_v1.5.1/pico-sdk/src/rp2_common/pico_double/double_aeabi.S.obj
                0x1000510c                double2int_z
                0x1000510c                __wrap___aeabi_d2iz
 .text.__wrap___aeabi_d2uiz
                0x10005154       0x18 CMakeFiles/milling_2.dir/C_/Program_Files/Raspberry_Pi/Pico_SDK_v1.5.1/pico-sdk/src/rp2_common/pico_double/double_aeabi.S.obj
                0x10005154                __wrap___aeabi_d2uiz
                0x10005154                double2uint
 .text.__wrap___aeabi_l2d
                0x1000516c       0x18 CMakeFiles/milling_2.dir/C_/Program_Files/Raspberry_Pi/Pico_SDK_v1.5.1/pico-sdk/src/rp2_common/pico_double/double_aeabi.S.obj
                0x1000516c                __wrap___aeabi_l2d
 .text.__wrap___aeabi_d2lz
                0x10005184       0x26 CMakeFiles/milling_2.dir/C_/Program_Files/Raspberry_Pi/Pico_SDK_v1.5.1/pico-sdk/src/rp2_common/pico_double/double_aeabi.S.obj
                0x10005184                double2int64_z
                0x10005184                __wrap___aeabi_d2lz
 *fill*         0x100051aa        0x2 
 .text.double2int64
                0x100051ac       0x18 CMakeFiles/milling_2.dir/C_/Program_Files/Raspberry_Pi/Pico_SDK_v1.5.1/pico-sdk/src/rp2_common/pico_double/double_aeabi.S.obj
                0x100051ac                double2int64
 .text.double2ufix64
                0x100051c4       0x18 CMakeFiles/milling_2.dir/C_/Program_Files/Raspberry_Pi/Pico_SDK_v1.5.1/pico-sdk/src/rp2_common/pico_double/double_aeabi.S.obj
                0x100051c4                double2ufix64
 .text.__wrap___aeabi_d2f
                0x100051dc       0x18 CMakeFiles/milling_2.dir/C_/Program_Files/Raspberry_Pi/Pico_SDK_v1.5.1/pico-sdk/src/rp2_common/pico_double/double_aeabi.S.obj
                0x100051dc                __wrap___aeabi_d2f
 .text.__aeabi_double_init
                0x100051f4       0xc8 CMakeFiles/milling_2.dir/C_/Program_Files/Raspberry_Pi/Pico_SDK_v1.5.1/pico-sdk/src/rp2_common/pico_double/double_init_rom.c.obj
                0x100051f4                __aeabi_double_init
 .text.double_table_shim_on_use_helper
                0x100052bc       0x34 CMakeFiles/milling_2.dir/C_/Program_Files/Raspberry_Pi/Pico_SDK_v1.5.1/pico-sdk/src/rp2_common/pico_double/double_v1_rom_shim.S.obj
                0x100052bc                double_table_shim_on_use_helper
 .text.__wrap___aeabi_dsub
                0x100052f0       0x10 CMakeFiles/milling_2.dir/C_/Program_Files/Raspberry_Pi/Pico_SDK_v1.5.1/pico-sdk/src/rp2_common/pico_double/double_v1_rom_shim.S.obj
                0x100052f0                drsub_shim
                0x100052f6                dsub_shim
 .text.dadd_shim
                0x10005300      0x15c CMakeFiles/milling_2.dir/C_/Program_Files/Raspberry_Pi/Pico_SDK_v1.5.1/pico-sdk/src/rp2_common/pico_double/double_v1_rom_shim.S.obj
                0x10005300                dadd_shim
 .text.dmul_shim
                0x1000545c      0x15c CMakeFiles/milling_2.dir/C_/Program_Files/Raspberry_Pi/Pico_SDK_v1.5.1/pico-sdk/src/rp2_common/pico_double/double_v1_rom_shim.S.obj
                0x1000545c                dmul_shim
 .text.ddiv_shim
                0x100055b8      0x1b0 CMakeFiles/milling_2.dir/C_/Program_Files/Raspberry_Pi/Pico_SDK_v1.5.1/pico-sdk/src/rp2_common/pico_double/double_v1_rom_shim.S.obj
                0x100055b8                ddiv_shim
 .text.double2uint_shim
                0x10005768        0xe CMakeFiles/milling_2.dir/C_/Program_Files/Raspberry_Pi/Pico_SDK_v1.5.1/pico-sdk/src/rp2_common/pico_double/double_v1_rom_shim.S.obj
                0x10005768                double2uint_shim
                0x1000576a                double2ufix_shim
 .text.double2int64_shim
                0x10005776       0x1a CMakeFiles/milling_2.dir/C_/Program_Files/Raspberry_Pi/Pico_SDK_v1.5.1/pico-sdk/src/rp2_common/pico_double/double_v1_rom_shim.S.obj
                0x10005776                double2int64_shim
                0x10005778                double2fix64_shim
 .text.double2uint64_shim
                0x10005790       0x70 CMakeFiles/milling_2.dir/C_/Program_Files/Raspberry_Pi/Pico_SDK_v1.5.1/pico-sdk/src/rp2_common/pico_double/double_v1_rom_shim.S.obj
                0x10005790                double2uint64_shim
                0x10005792                double2ufix64_shim
                0x100057b2                d2fix_a
 .text.double2float_shim
                0x10005800       0x5c CMakeFiles/milling_2.dir/C_/Program_Files/Raspberry_Pi/Pico_SDK_v1.5.1/pico-sdk/src/rp2_common/pico_double/double_v1_rom_shim.S.obj
                0x10005800                double2float_shim
 .text.x2double_shims
                0x1000585c       0x90 CMakeFiles/milling_2.dir/C_/Program_Files/Raspberry_Pi/Pico_SDK_v1.5.1/pico-sdk/src/rp2_common/pico_double/double_v1_rom_shim.S.obj
                0x1000585c                uint2double_shim
                0x1000585e                ufix2double_shim
                0x10005864                int2double_shim
                0x10005866                fix2double_shim
                0x1000586c                uint642double_shim
                0x1000586e                ufix642double_shim
                0x10005874                int642double_shim
                0x10005876                fix642double_shim
 .text.dunpacks
                0x100058ec       0x3c CMakeFiles/milling_2.dir/C_/Program_Files/Raspberry_Pi/Pico_SDK_v1.5.1/pico-sdk/src/rp2_common/pico_double/double_v1_rom_shim.S.obj
                0x100058ec                dunpacks
 .text.__aeabi_lmul
                0x10005928       0x32 CMakeFiles/milling_2.dir/C_/Program_Files/Raspberry_Pi/Pico_SDK_v1.5.1/pico-sdk/src/rp2_common/pico_int64_ops/pico_int64_ops_aeabi.S.obj
                0x10005928                __wrap___aeabi_lmul
 *fill*         0x1000595a        0x2 
 .text.__wrap___aeabi_farithmetic
                0x1000595c       0x58 CMakeFiles/milling_2.dir/C_/Program_Files/Raspberry_Pi/Pico_SDK_v1.5.1/pico-sdk/src/rp2_common/pico_float/float_aeabi.S.obj
                0x1000595c                __wrap___aeabi_frsub
                0x10005962                __wrap___aeabi_fsub
                0x1000596c                __wrap___aeabi_fadd
                0x10005976                __wrap___aeabi_fdiv
                0x100059a2                __wrap___aeabi_fmul
 .text.__wrap___aeabi_cfcmple
                0x100059b4       0x50 CMakeFiles/milling_2.dir/C_/Program_Files/Raspberry_Pi/Pico_SDK_v1.5.1/pico-sdk/src/rp2_common/pico_float/float_aeabi.S.obj
                0x100059b4                __wrap___aeabi_cfrcmple
                0x100059c0                __wrap___aeabi_cfcmple
                0x100059c0                __wrap___aeabi_cfcmpeq
 .text.__wrap___aeabi_fcmple
                0x10005a04       0x10 CMakeFiles/milling_2.dir/C_/Program_Files/Raspberry_Pi/Pico_SDK_v1.5.1/pico-sdk/src/rp2_common/pico_float/float_aeabi.S.obj
                0x10005a04                __wrap___aeabi_fcmple
 .text.__wrap___aeabi_fcmpun
                0x10005a14       0x18 CMakeFiles/milling_2.dir/C_/Program_Files/Raspberry_Pi/Pico_SDK_v1.5.1/pico-sdk/src/rp2_common/pico_float/float_aeabi.S.obj
                0x10005a14                __wrap___aeabi_fcmpun
 .text.__wrap___aeabi_i2f
                0x10005a2c       0x44 CMakeFiles/milling_2.dir/C_/Program_Files/Raspberry_Pi/Pico_SDK_v1.5.1/pico-sdk/src/rp2_common/pico_float/float_aeabi.S.obj
                0x10005a2c                __wrap___aeabi_i2f
 .text.__wrap___aeabi_f2iz
                0x10005a70       0x4e CMakeFiles/milling_2.dir/C_/Program_Files/Raspberry_Pi/Pico_SDK_v1.5.1/pico-sdk/src/rp2_common/pico_float/float_aeabi.S.obj
                0x10005a70                float2int_z
                0x10005a70                __wrap___aeabi_f2iz
 *fill*         0x10005abe        0x2 
 .text.float2int
                0x10005ac0       0x14 CMakeFiles/milling_2.dir/C_/Program_Files/Raspberry_Pi/Pico_SDK_v1.5.1/pico-sdk/src/rp2_common/pico_float/float_aeabi.S.obj
                0x10005ac0                float2int
 .text.__wrap___aeabi_f2uiz
                0x10005ad4       0x10 CMakeFiles/milling_2.dir/C_/Program_Files/Raspberry_Pi/Pico_SDK_v1.5.1/pico-sdk/src/rp2_common/pico_float/float_aeabi.S.obj
                0x10005ad4                __wrap___aeabi_f2uiz
 .text.__aeabi_float_init
                0x10005ae4       0xfc CMakeFiles/milling_2.dir/C_/Program_Files/Raspberry_Pi/Pico_SDK_v1.5.1/pico-sdk/src/rp2_common/pico_float/float_init_rom.c.obj
                0x10005ae4                __aeabi_float_init
 .text.float_table_shim_on_use_helper
                0x10005be0       0x34 CMakeFiles/milling_2.dir/C_/Program_Files/Raspberry_Pi/Pico_SDK_v1.5.1/pico-sdk/src/rp2_common/pico_float/float_v1_rom_shim.S.obj
                0x10005be0                float_table_shim_on_use_helper
 .text.float232_shims
                0x10005c14       0x18 CMakeFiles/milling_2.dir/C_/Program_Files/Raspberry_Pi/Pico_SDK_v1.5.1/pico-sdk/src/rp2_common/pico_float/float_v1_rom_shim.S.obj
                0x10005c14                float2int_shim
                0x10005c16                float2fix_shim
 .text          0x10005c2c       0x10 CMakeFiles/milling_2.dir/C_/Program_Files/Raspberry_Pi/Pico_SDK_v1.5.1/pico-sdk/src/rp2_common/pico_mem_ops/mem_ops_aeabi.S.obj
                0x10005c2c                __aeabi_mem_init
 .text.memset   0x10005c3c        0xc CMakeFiles/milling_2.dir/C_/Program_Files/Raspberry_Pi/Pico_SDK_v1.5.1/pico-sdk/src/rp2_common/pico_mem_ops/mem_ops_aeabi.S.obj
                0x10005c3c                __wrap_memset
 .text.memcpy   0x10005c48        0xc CMakeFiles/milling_2.dir/C_/Program_Files/Raspberry_Pi/Pico_SDK_v1.5.1/pico-sdk/src/rp2_common/pico_mem_ops/mem_ops_aeabi.S.obj
                0x10005c48                __wrap_memcpy
                0x10005c48                __wrap___aeabi_memcpy
 .text.stdio_out_chars_no_crlf
                0x10005c54        0xe CMakeFiles/milling_2.dir/C_/Program_Files/Raspberry_Pi/Pico_SDK_v1.5.1/pico-sdk/src/rp2_common/pico_stdio/stdio.c.obj
 *fill*         0x10005c62        0x2 
 .text.stdio_out_chars_crlf
                0x10005c64       0x80 CMakeFiles/milling_2.dir/C_/Program_Files/Raspberry_Pi/Pico_SDK_v1.5.1/pico-sdk/src/rp2_common/pico_stdio/stdio.c.obj
 .text.stdio_stack_buffer_flush
                0x10005ce4       0x44 CMakeFiles/milling_2.dir/C_/Program_Files/Raspberry_Pi/Pico_SDK_v1.5.1/pico-sdk/src/rp2_common/pico_stdio/stdio.c.obj
 .text.stdio_buffered_printer
                0x10005d28       0x20 CMakeFiles/milling_2.dir/C_/Program_Files/Raspberry_Pi/Pico_SDK_v1.5.1/pico-sdk/src/rp2_common/pico_stdio/stdio.c.obj
 .text.stdio_get_until
                0x10005d48       0x80 CMakeFiles/milling_2.dir/C_/Program_Files/Raspberry_Pi/Pico_SDK_v1.5.1/pico-sdk/src/rp2_common/pico_stdio/stdio.c.obj
 .text.stdout_serialize_begin
                0x10005dc8       0x5c CMakeFiles/milling_2.dir/C_/Program_Files/Raspberry_Pi/Pico_SDK_v1.5.1/pico-sdk/src/rp2_common/pico_stdio/stdio.c.obj
                0x10005dc8                stdout_serialize_begin
 .text.stdout_serialize_end
                0x10005e24       0x10 CMakeFiles/milling_2.dir/C_/Program_Files/Raspberry_Pi/Pico_SDK_v1.5.1/pico-sdk/src/rp2_common/pico_stdio/stdio.c.obj
                0x10005e24                stdout_serialize_end
 .text.stdio_put_string
                0x10005e34       0x98 CMakeFiles/milling_2.dir/C_/Program_Files/Raspberry_Pi/Pico_SDK_v1.5.1/pico-sdk/src/rp2_common/pico_stdio/stdio.c.obj
 .text.__wrap_putchar
                0x10005ecc       0x1c CMakeFiles/milling_2.dir/C_/Program_Files/Raspberry_Pi/Pico_SDK_v1.5.1/pico-sdk/src/rp2_common/pico_stdio/stdio.c.obj
                0x10005ecc                __wrap_putchar
 .text.stdio_set_driver_enabled
                0x10005ee8       0x2c CMakeFiles/milling_2.dir/C_/Program_Files/Raspberry_Pi/Pico_SDK_v1.5.1/pico-sdk/src/rp2_common/pico_stdio/stdio.c.obj
                0x10005ee8                stdio_set_driver_enabled
 .text.stdio_flush
                0x10005f14       0x20 CMakeFiles/milling_2.dir/C_/Program_Files/Raspberry_Pi/Pico_SDK_v1.5.1/pico-sdk/src/rp2_common/pico_stdio/stdio.c.obj
                0x10005f14                stdio_flush
 .text.__wrap_puts
                0x10005f34       0x1e CMakeFiles/milling_2.dir/C_/Program_Files/Raspberry_Pi/Pico_SDK_v1.5.1/pico-sdk/src/rp2_common/pico_stdio/stdio.c.obj
                0x10005f34                __wrap_puts
 *fill*         0x10005f52        0x2 
 .text.__wrap_vprintf
                0x10005f54       0x40 CMakeFiles/milling_2.dir/C_/Program_Files/Raspberry_Pi/Pico_SDK_v1.5.1/pico-sdk/src/rp2_common/pico_stdio/stdio.c.obj
                0x10005f54                __wrap_vprintf
 .text.__wrap_printf
                0x10005f94       0x18 CMakeFiles/milling_2.dir/C_/Program_Files/Raspberry_Pi/Pico_SDK_v1.5.1/pico-sdk/src/rp2_common/pico_stdio/stdio.c.obj
                0x10005f94                __wrap_printf
 .text.stdio_init_all
                0x10005fac        0xa CMakeFiles/milling_2.dir/C_/Program_Files/Raspberry_Pi/Pico_SDK_v1.5.1/pico-sdk/src/rp2_common/pico_stdio/stdio.c.obj
                0x10005fac                stdio_init_all
 *fill*         0x10005fb6        0x2 
 .text.getchar_timeout_us
                0x10005fb8       0x80 CMakeFiles/milling_2.dir/C_/Program_Files/Raspberry_Pi/Pico_SDK_v1.5.1/pico-sdk/src/rp2_common/pico_stdio/stdio.c.obj
                0x10005fb8                getchar_timeout_us
 .text.stdio_uart_out_chars
                0x10006038       0x74 CMakeFiles/milling_2.dir/C_/Program_Files/Raspberry_Pi/Pico_SDK_v1.5.1/pico-sdk/src/rp2_common/pico_stdio_uart/stdio_uart.c.obj
 .text.stdio_uart_in_chars
                0x100060ac       0x80 CMakeFiles/milling_2.dir/C_/Program_Files/Raspberry_Pi/Pico_SDK_v1.5.1/pico-sdk/src/rp2_common/pico_stdio_uart/stdio_uart.c.obj
                0x100060ac                stdio_uart_in_chars
 .text.on_uart_rx
                0x1000612c       0x28 CMakeFiles/milling_2.dir/C_/Program_Files/Raspberry_Pi/Pico_SDK_v1.5.1/pico-sdk/src/rp2_common/pico_stdio_uart/stdio_uart.c.obj
 .text.stdio_uart_set_chars_available_callback
                0x10006154       0x8c CMakeFiles/milling_2.dir/C_/Program_Files/Raspberry_Pi/Pico_SDK_v1.5.1/pico-sdk/src/rp2_common/pico_stdio_uart/stdio_uart.c.obj
 .text.stdio_uart_init_full
                0x100061e0       0x44 CMakeFiles/milling_2.dir/C_/Program_Files/Raspberry_Pi/Pico_SDK_v1.5.1/pico-sdk/src/rp2_common/pico_stdio_uart/stdio_uart.c.obj
                0x100061e0                stdio_uart_init_full
 .text.stdio_uart_init
                0x10006224       0x28 CMakeFiles/milling_2.dir/C_/Program_Files/Raspberry_Pi/Pico_SDK_v1.5.1/pico-sdk/src/rp2_common/pico_stdio_uart/stdio_uart.c.obj
                0x10006224                stdio_uart_init
 .text._calloc_r
                0x1000624c       0x9c c:/progra~1/raspbe~1/picosd~1.1/gcc-ar~1/bin/../lib/gcc/arm-none-eabi/10.3.1/../../../../arm-none-eabi/lib/thumb/v6-m/nofp\libg.a(lib_a-callocr.o)
                0x1000624c                _calloc_r
 .text.__errno  0x100062e8        0xc c:/progra~1/raspbe~1/picosd~1.1/gcc-ar~1/bin/../lib/gcc/arm-none-eabi/10.3.1/../../../../arm-none-eabi/lib/thumb/v6-m/nofp\libg.a(lib_a-errno.o)
                0x100062e8                __errno
 .text._malloc_r
                0x100062f4      0x584 c:/progra~1/raspbe~1/picosd~1.1/gcc-ar~1/bin/../lib/gcc/arm-none-eabi/10.3.1/../../../../arm-none-eabi/lib/thumb/v6-m/nofp\libg.a(lib_a-mallocr.o)
                0x100062f4                _malloc_r
 .text.__malloc_lock
                0x10006878       0x10 c:/progra~1/raspbe~1/picosd~1.1/gcc-ar~1/bin/../lib/gcc/arm-none-eabi/10.3.1/../../../../arm-none-eabi/lib/thumb/v6-m/nofp\libg.a(lib_a-mlock.o)
                0x10006878                __malloc_lock
 .text.__malloc_unlock
                0x10006888       0x10 c:/progra~1/raspbe~1/picosd~1.1/gcc-ar~1/bin/../lib/gcc/arm-none-eabi/10.3.1/../../../../arm-none-eabi/lib/thumb/v6-m/nofp\libg.a(lib_a-mlock.o)
                0x10006888                __malloc_unlock
 .text._sbrk_r  0x10006898       0x24 c:/progra~1/raspbe~1/picosd~1.1/gcc-ar~1/bin/../lib/gcc/arm-none-eabi/10.3.1/../../../../arm-none-eabi/lib/thumb/v6-m/nofp\libg.a(lib_a-sbrkr.o)
                0x10006898                _sbrk_r
 .text.strchr   0x100068bc       0xc0 c:/progra~1/raspbe~1/picosd~1.1/gcc-ar~1/bin/../lib/gcc/arm-none-eabi/10.3.1/../../../../arm-none-eabi/lib/thumb/v6-m/nofp\libg.a(lib_a-strchr.o)
                0x100068bc                strchr
 .text          0x1000697c       0x88 c:/progra~1/raspbe~1/picosd~1.1/gcc-ar~1/bin/../lib/gcc/arm-none-eabi/10.3.1/../../../../arm-none-eabi/lib/thumb/v6-m/nofp\libg.a(lib_a-strcmp.o)
                0x1000697c                strcmp
 .text.strlen   0x10006a04       0x5c c:/progra~1/raspbe~1/picosd~1.1/gcc-ar~1/bin/../lib/gcc/arm-none-eabi/10.3.1/../../../../arm-none-eabi/lib/thumb/v6-m/nofp\libg.a(lib_a-strlen-stub.o)
                0x10006a04                strlen
 .text._strtod_l
                0x10006a60      0xf78 c:/progra~1/raspbe~1/picosd~1.1/gcc-ar~1/bin/../lib/gcc/arm-none-eabi/10.3.1/../../../../arm-none-eabi/lib/thumb/v6-m/nofp\libg.a(lib_a-strtod.o)
                0x10006a60                _strtod_l
 .text.strtof   0x100079d8       0xb4 c:/progra~1/raspbe~1/picosd~1.1/gcc-ar~1/bin/../lib/gcc/arm-none-eabi/10.3.1/../../../../arm-none-eabi/lib/thumb/v6-m/nofp\libg.a(lib_a-strtod.o)
                0x100079d8                strtof
 .text._malloc_trim_r
                0x10007a8c       0x9c c:/progra~1/raspbe~1/picosd~1.1/gcc-ar~1/bin/../lib/gcc/arm-none-eabi/10.3.1/../../../../arm-none-eabi/lib/thumb/v6-m/nofp\libg.a(lib_a-freer.o)
                0x10007a8c                _malloc_trim_r
 .text._free_r  0x10007b28      0x1c4 c:/progra~1/raspbe~1/picosd~1.1/gcc-ar~1/bin/../lib/gcc/arm-none-eabi/10.3.1/../../../../arm-none-eabi/lib/thumb/v6-m/nofp\libg.a(lib_a-freer.o)
                0x10007b28                _free_r
 .text.rshift   0x10007cec       0xa4 c:/progra~1/raspbe~1/picosd~1.1/gcc-ar~1/bin/../lib/gcc/arm-none-eabi/10.3.1/../../../../arm-none-eabi/lib/thumb/v6-m/nofp\libg.a(lib_a-gdtoa-gethex.o)
 .text.__gethex
                0x10007d90      0x5cc c:/progra~1/raspbe~1/picosd~1.1/gcc-ar~1/bin/../lib/gcc/arm-none-eabi/10.3.1/../../../../arm-none-eabi/lib/thumb/v6-m/nofp\libg.a(lib_a-gdtoa-gethex.o)
                0x10007d90                __gethex
 .text.__match  0x1000835c       0x2c c:/progra~1/raspbe~1/picosd~1.1/gcc-ar~1/bin/../lib/gcc/arm-none-eabi/10.3.1/../../../../arm-none-eabi/lib/thumb/v6-m/nofp\libg.a(lib_a-gdtoa-hexnan.o)
                0x1000835c                __match
 .text.__hexnan
                0x10008388      0x1d0 c:/progra~1/raspbe~1/picosd~1.1/gcc-ar~1/bin/../lib/gcc/arm-none-eabi/10.3.1/../../../../arm-none-eabi/lib/thumb/v6-m/nofp\libg.a(lib_a-gdtoa-hexnan.o)
                0x10008388                __hexnan
 .text.__retarget_lock_acquire_recursive
                0x10008558        0x4 c:/progra~1/raspbe~1/picosd~1.1/gcc-ar~1/bin/../lib/gcc/arm-none-eabi/10.3.1/../../../../arm-none-eabi/lib/thumb/v6-m/nofp\libg.a(lib_a-lock.o)
                0x10008558                __retarget_lock_acquire_recursive
 .text.__retarget_lock_release_recursive
                0x1000855c        0x4 c:/progra~1/raspbe~1/picosd~1.1/gcc-ar~1/bin/../lib/gcc/arm-none-eabi/10.3.1/../../../../arm-none-eabi/lib/thumb/v6-m/nofp\libg.a(lib_a-lock.o)
                0x1000855c                __retarget_lock_release_recursive
 .text.__ascii_mbtowc
                0x10008560       0x2c c:/progra~1/raspbe~1/picosd~1.1/gcc-ar~1/bin/../lib/gcc/arm-none-eabi/10.3.1/../../../../arm-none-eabi/lib/thumb/v6-m/nofp\libg.a(lib_a-mbtowc_r.o)
                0x10008560                __ascii_mbtowc
 .text._Balloc  0x1000858c       0x50 c:/progra~1/raspbe~1/picosd~1.1/gcc-ar~1/bin/../lib/gcc/arm-none-eabi/10.3.1/../../../../arm-none-eabi/lib/thumb/v6-m/nofp\libg.a(lib_a-mprec.o)
                0x1000858c                _Balloc
 .text._Bfree   0x100085dc       0x14 c:/progra~1/raspbe~1/picosd~1.1/gcc-ar~1/bin/../lib/gcc/arm-none-eabi/10.3.1/../../../../arm-none-eabi/lib/thumb/v6-m/nofp\libg.a(lib_a-mprec.o)
                0x100085dc                _Bfree
 .text.__multadd
                0x100085f0       0xa8 c:/progra~1/raspbe~1/picosd~1.1/gcc-ar~1/bin/../lib/gcc/arm-none-eabi/10.3.1/../../../../arm-none-eabi/lib/thumb/v6-m/nofp\libg.a(lib_a-mprec.o)
                0x100085f0                __multadd
 .text.__s2b    0x10008698       0xb0 c:/progra~1/raspbe~1/picosd~1.1/gcc-ar~1/bin/../lib/gcc/arm-none-eabi/10.3.1/../../../../arm-none-eabi/lib/thumb/v6-m/nofp\libg.a(lib_a-mprec.o)
                0x10008698                __s2b
 .text.__hi0bits
                0x10008748       0x38 c:/progra~1/raspbe~1/picosd~1.1/gcc-ar~1/bin/../lib/gcc/arm-none-eabi/10.3.1/../../../../arm-none-eabi/lib/thumb/v6-m/nofp\libg.a(lib_a-mprec.o)
                0x10008748                __hi0bits
 .text.__lo0bits
                0x10008780       0x5c c:/progra~1/raspbe~1/picosd~1.1/gcc-ar~1/bin/../lib/gcc/arm-none-eabi/10.3.1/../../../../arm-none-eabi/lib/thumb/v6-m/nofp\libg.a(lib_a-mprec.o)
                0x10008780                __lo0bits
 .text.__i2b    0x100087dc       0x60 c:/progra~1/raspbe~1/picosd~1.1/gcc-ar~1/bin/../lib/gcc/arm-none-eabi/10.3.1/../../../../arm-none-eabi/lib/thumb/v6-m/nofp\libg.a(lib_a-mprec.o)
                0x100087dc                __i2b
 .text.__multiply
                0x1000883c      0x1a4 c:/progra~1/raspbe~1/picosd~1.1/gcc-ar~1/bin/../lib/gcc/arm-none-eabi/10.3.1/../../../../arm-none-eabi/lib/thumb/v6-m/nofp\libg.a(lib_a-mprec.o)
                0x1000883c                __multiply
 .text.__pow5mult
                0x100089e0       0xd8 c:/progra~1/raspbe~1/picosd~1.1/gcc-ar~1/bin/../lib/gcc/arm-none-eabi/10.3.1/../../../../arm-none-eabi/lib/thumb/v6-m/nofp\libg.a(lib_a-mprec.o)
                0x100089e0                __pow5mult
 .text.__lshift
                0x10008ab8       0xfc c:/progra~1/raspbe~1/picosd~1.1/gcc-ar~1/bin/../lib/gcc/arm-none-eabi/10.3.1/../../../../arm-none-eabi/lib/thumb/v6-m/nofp\libg.a(lib_a-mprec.o)
                0x10008ab8                __lshift
 .text.__mcmp   0x10008bb4       0x34 c:/progra~1/raspbe~1/picosd~1.1/gcc-ar~1/bin/../lib/gcc/arm-none-eabi/10.3.1/../../../../arm-none-eabi/lib/thumb/v6-m/nofp\libg.a(lib_a-mprec.o)
                0x10008bb4                __mcmp
 .text.__mdiff  0x10008be8      0x18c c:/progra~1/raspbe~1/picosd~1.1/gcc-ar~1/bin/../lib/gcc/arm-none-eabi/10.3.1/../../../../arm-none-eabi/lib/thumb/v6-m/nofp\libg.a(lib_a-mprec.o)
                0x10008be8                __mdiff
 .text.__ulp    0x10008d74       0x48 c:/progra~1/raspbe~1/picosd~1.1/gcc-ar~1/bin/../lib/gcc/arm-none-eabi/10.3.1/../../../../arm-none-eabi/lib/thumb/v6-m/nofp\libg.a(lib_a-mprec.o)
                0x10008d74                __ulp
 .text.__b2d    0x10008dbc       0xc8 c:/progra~1/raspbe~1/picosd~1.1/gcc-ar~1/bin/../lib/gcc/arm-none-eabi/10.3.1/../../../../arm-none-eabi/lib/thumb/v6-m/nofp\libg.a(lib_a-mprec.o)
                0x10008dbc                __b2d
 .text.__d2b    0x10008e84       0xd8 c:/progra~1/raspbe~1/picosd~1.1/gcc-ar~1/bin/../lib/gcc/arm-none-eabi/10.3.1/../../../../arm-none-eabi/lib/thumb/v6-m/nofp\libg.a(lib_a-mprec.o)
                0x10008e84                __d2b
 .text.__ratio  0x10008f5c       0x68 c:/progra~1/raspbe~1/picosd~1.1/gcc-ar~1/bin/../lib/gcc/arm-none-eabi/10.3.1/../../../../arm-none-eabi/lib/thumb/v6-m/nofp\libg.a(lib_a-mprec.o)
                0x10008f5c                __ratio
 .text.__copybits
                0x10008fc4       0x40 c:/progra~1/raspbe~1/picosd~1.1/gcc-ar~1/bin/../lib/gcc/arm-none-eabi/10.3.1/../../../../arm-none-eabi/lib/thumb/v6-m/nofp\libg.a(lib_a-mprec.o)
                0x10008fc4                __copybits
 .text.__any_on
                0x10009004       0x50 c:/progra~1/raspbe~1/picosd~1.1/gcc-ar~1/bin/../lib/gcc/arm-none-eabi/10.3.1/../../../../arm-none-eabi/lib/thumb/v6-m/nofp\libg.a(lib_a-mprec.o)
                0x10009004                __any_on
 .text.nan      0x10009054        0xc c:/progra~1/raspbe~1/picosd~1.1/gcc-ar~1/bin/../lib/gcc/arm-none-eabi/10.3.1/../../../../arm-none-eabi/lib/thumb/v6-m/nofp\libg.a(lib_a-s_nan.o)
                0x10009054                nan
 .text.nanf     0x10009060        0x8 c:/progra~1/raspbe~1/picosd~1.1/gcc-ar~1/bin/../lib/gcc/arm-none-eabi/10.3.1/../../../../arm-none-eabi/lib/thumb/v6-m/nofp\libg.a(lib_a-sf_nan.o)
                0x10009060                nanf
 .text.strncmp  0x10009068       0x74 c:/progra~1/raspbe~1/picosd~1.1/gcc-ar~1/bin/../lib/gcc/arm-none-eabi/10.3.1/../../../../arm-none-eabi/lib/thumb/v6-m/nofp\libg.a(lib_a-strncmp.o)
                0x10009068                strncmp
 .text.__ascii_wctomb
                0x100090dc       0x1c c:/progra~1/raspbe~1/picosd~1.1/gcc-ar~1/bin/../lib/gcc/arm-none-eabi/10.3.1/../../../../arm-none-eabi/lib/thumb/v6-m/nofp\libg.a(lib_a-wctomb_r.o)
                0x100090dc                __ascii_wctomb
 *(.fini)
 .fini          0x100090f8        0x4 c:/progra~1/raspbe~1/picosd~1.1/gcc-ar~1/bin/../lib/gcc/arm-none-eabi/10.3.1/thumb/v6-m/nofp/crti.o
                0x100090f8                _fini
 *fill*         0x100090fc        0x4 
 .fini.__stub   0x10009100       0x40 linker stubs
 *crtbegin.o(.ctors)
 *crtbegin?.o(.ctors)
 *(EXCLUDE_FILE(*crtend.o *crtend?.o) .ctors)
 *(SORT_BY_NAME(.ctors.*))
 *(.ctors)
 *crtbegin.o(.dtors)
 *crtbegin?.o(.dtors)
 *(EXCLUDE_FILE(*crtend.o *crtend?.o) .dtors)
 *(SORT_BY_NAME(.dtors.*))
 *(.dtors)
 *(.eh_frame*)
 .eh_frame      0x10009140        0x0 c:/progra~1/raspbe~1/picosd~1.1/gcc-ar~1/bin/../lib/gcc/arm-none-eabi/10.3.1/thumb/v6-m/nofp/crtbegin.o
                0x10009140                . = ALIGN (0x4)

.glue_7         0x10009140        0x0
 .glue_7        0x10009140        0x0 linker stubs

.glue_7t        0x10009140        0x0
 .glue_7t       0x10009140        0x0 linker stubs

.vfp11_veneer   0x10009140        0x0
 .vfp11_veneer  0x10009140        0x0 linker stubs

.v4_bx          0x10009140        0x0
 .v4_bx         0x10009140        0x0 linker stubs

.iplt           0x10009140        0x0
 .iplt          0x10009140        0x0 c:/progra~1/raspbe~1/picosd~1.1/gcc-ar~1/bin/../lib/gcc/arm-none-eabi/10.3.1/thumb/v6-m/nofp/crtbegin.o

.rodata         0x10009140     0x1eb4
 *(EXCLUDE_FILE(*libm.a: *libc.a:*lib_a-mem*.o *libgcc.a:) .rodata*)
 .rodata.main.str1.4
                0x10009140        0x8 CMakeFiles/milling_2.dir/main.c.obj
 .rodata.print_manual_menu.str1.4
                0x10009148        0xc CMakeFiles/milling_2.dir/machine.c.obj
 .rodata.print_command_menu.str1.4
                0x10009154        0xd CMakeFiles/milling_2.dir/machine.c.obj
 *fill*         0x10009161        0x3 
 .rodata.move_axis_to_target.str1.4
                0x10009164       0x13 CMakeFiles/milling_2.dir/machine.c.obj
 *fill*         0x10009177        0x1 
 .rodata.execute_move.str1.4
                0x10009178       0x1d CMakeFiles/milling_2.dir/machine.c.obj
 *fill*         0x10009195        0x3 
 .rodata.execute_arc.str1.4
                0x10009198       0x4c CMakeFiles/milling_2.dir/machine.c.obj
 .rodata.handle_manual_mode.str1.4
                0x100091e4       0x90 CMakeFiles/milling_2.dir/manual.c.obj
                                 0x9c (size before relaxing)
 .rodata.handle_manual_mode
                0x10009274      0x134 CMakeFiles/milling_2.dir/manual.c.obj
 .rodata.handle_command_mode.str1.4
                0x100093a8      0x185 CMakeFiles/milling_2.dir/command.c.obj
                                0x1b5 (size before relaxing)
 *fill*         0x1000952d        0x3 
 .rodata.handle_command_mode
                0x10009530       0x40 CMakeFiles/milling_2.dir/command.c.obj
 .rodata.parse_command_type.str1.4
                0x10009570       0x53 CMakeFiles/milling_2.dir/parser.c.obj
                                 0x5f (size before relaxing)
 *fill*         0x100095c3        0x1 
 .rodata.mmhal_set_microstepping
                0x100095c4       0x18 CMakeFiles/milling_2.dir/mmhal.c.obj
 .rodata.dir_pins
                0x100095dc        0xc CMakeFiles/milling_2.dir/mmhal.c.obj
                0x100095dc                dir_pins
 .rodata.step_pins
                0x100095e8        0xc CMakeFiles/milling_2.dir/mmhal.c.obj
                0x100095e8                step_pins
 .rodata.stepper_multipliers
                0x100095f4        0xc CMakeFiles/milling_2.dir/mmhal.c.obj
                0x100095f4                stepper_multipliers
 .rodata.draw_box.str1.4
                0x10009600       0x15 CMakeFiles/milling_2.dir/ui.c.obj
                                 0x1b (size before relaxing)
 *fill*         0x10009615        0x3 
 .rodata.ui_draw_background.str1.4
                0x10009618       0x23 CMakeFiles/milling_2.dir/ui.c.obj
                                 0x27 (size before relaxing)
 *fill*         0x1000963b        0x1 
 .rodata.ui_draw_help_manual.str1.4
                0x1000963c       0xa0 CMakeFiles/milling_2.dir/ui.c.obj
 .rodata.ui_draw_help_command.str1.4
                0x100096dc      0x242 CMakeFiles/milling_2.dir/ui.c.obj
 *fill*         0x1000991e        0x2 
 .rodata.ui_update_positions.str1.4
                0x10009920       0x3e CMakeFiles/milling_2.dir/ui.c.obj
 *fill*         0x1000995e        0x2 
 .rodata.ui_show_status.str1.4
                0x10009960        0x5 CMakeFiles/milling_2.dir/ui.c.obj
 *fill*         0x10009965        0x3 
 .rodata.ui_show_error.str1.4
                0x10009968        0xc CMakeFiles/milling_2.dir/ui.c.obj
 .rodata.ui_clear_input_line.str1.4
                0x10009974        0x4 CMakeFiles/milling_2.dir/ui.c.obj
 .rodata.term_data_cls
                0x10009978        0x3 CMakeFiles/milling_2.dir/ui.c.obj
 *fill*         0x1000997b        0x1 
 .rodata.term_data_esc_prefix
                0x1000997c        0x3 CMakeFiles/milling_2.dir/ui.c.obj
 *fill*         0x1000997f        0x1 
 .rodata.make_branch.str1.4
                0x10009980       0x89 CMakeFiles/milling_2.dir/C_/Program_Files/Raspberry_Pi/Pico_SDK_v1.5.1/pico-sdk/src/rp2_common/hardware_irq/irq.c.obj
 *fill*         0x10009a09        0x3 
 .rodata.insert_branch_and_link.str1.4
                0x10009a0c       0x10 CMakeFiles/milling_2.dir/C_/Program_Files/Raspberry_Pi/Pico_SDK_v1.5.1/pico-sdk/src/rp2_common/hardware_irq/irq.c.obj
 .rodata.irq_set_exclusive_handler.str1.4
                0x10009a1c       0x36 CMakeFiles/milling_2.dir/C_/Program_Files/Raspberry_Pi/Pico_SDK_v1.5.1/pico-sdk/src/rp2_common/hardware_irq/irq.c.obj
 *fill*         0x10009a52        0x2 
 .rodata.irq_add_shared_handler.str1.4
                0x10009a54       0xd9 CMakeFiles/milling_2.dir/C_/Program_Files/Raspberry_Pi/Pico_SDK_v1.5.1/pico-sdk/src/rp2_common/hardware_irq/irq.c.obj
 *fill*         0x10009b2d        0x3 
 .rodata.irq_remove_handler.str1.4
                0x10009b30       0x3a CMakeFiles/milling_2.dir/C_/Program_Files/Raspberry_Pi/Pico_SDK_v1.5.1/pico-sdk/src/rp2_common/hardware_irq/irq.c.obj
 *fill*         0x10009b6a        0x2 
 .rodata.irq_add_tail_to_free_list.str1.4
                0x10009b6c       0x3a CMakeFiles/milling_2.dir/C_/Program_Files/Raspberry_Pi/Pico_SDK_v1.5.1/pico-sdk/src/rp2_common/hardware_irq/irq.c.obj
 *fill*         0x10009ba6        0x2 
 .rodata.__func__.0
                0x10009ba8       0x1a CMakeFiles/milling_2.dir/C_/Program_Files/Raspberry_Pi/Pico_SDK_v1.5.1/pico-sdk/src/rp2_common/hardware_irq/irq.c.obj
 *fill*         0x10009bc2        0x2 
 .rodata.__func__.1
                0x10009bc4       0x17 CMakeFiles/milling_2.dir/C_/Program_Files/Raspberry_Pi/Pico_SDK_v1.5.1/pico-sdk/src/rp2_common/hardware_irq/irq.c.obj
 *fill*         0x10009bdb        0x1 
 .rodata.__func__.2
                0x10009bdc       0x13 CMakeFiles/milling_2.dir/C_/Program_Files/Raspberry_Pi/Pico_SDK_v1.5.1/pico-sdk/src/rp2_common/hardware_irq/irq.c.obj
 *fill*         0x10009bef        0x1 
 .rodata.__func__.3
                0x10009bf0        0xc CMakeFiles/milling_2.dir/C_/Program_Files/Raspberry_Pi/Pico_SDK_v1.5.1/pico-sdk/src/rp2_common/hardware_irq/irq.c.obj
 .rodata.__func__.4
                0x10009bfc        0xf CMakeFiles/milling_2.dir/C_/Program_Files/Raspberry_Pi/Pico_SDK_v1.5.1/pico-sdk/src/rp2_common/hardware_irq/irq.c.obj
 *fill*         0x10009c0b        0x1 
 .rodata.__func__.6
                0x10009c0c       0x1a CMakeFiles/milling_2.dir/C_/Program_Files/Raspberry_Pi/Pico_SDK_v1.5.1/pico-sdk/src/rp2_common/hardware_irq/irq.c.obj
 *fill*         0x10009c26        0x2 
 .rodata.str1.4
                0x10009c28      0x125 CMakeFiles/milling_2.dir/C_/Program_Files/Raspberry_Pi/Pico_SDK_v1.5.1/pico-sdk/src/common/pico_sync/mutex.c.obj
 *fill*         0x10009d4d        0x3 
 .rodata.__func__.1
                0x10009d50        0xb CMakeFiles/milling_2.dir/C_/Program_Files/Raspberry_Pi/Pico_SDK_v1.5.1/pico-sdk/src/common/pico_sync/mutex.c.obj
 *fill*         0x10009d5b        0x1 
 .rodata.__func__.3
                0x10009d5c       0x18 CMakeFiles/milling_2.dir/C_/Program_Files/Raspberry_Pi/Pico_SDK_v1.5.1/pico-sdk/src/common/pico_sync/mutex.c.obj
 .rodata.repeating_timer_callback.str1.4
                0x10009d74       0x67 CMakeFiles/milling_2.dir/C_/Program_Files/Raspberry_Pi/Pico_SDK_v1.5.1/pico-sdk/src/common/pico_time/time.c.obj
 *fill*         0x10009ddb        0x1 
 .rodata.timer_pool_entry_comparator.str1.4
                0x10009ddc       0x22 CMakeFiles/milling_2.dir/C_/Program_Files/Raspberry_Pi/Pico_SDK_v1.5.1/pico-sdk/src/common/pico_time/time.c.obj
 *fill*         0x10009dfe        0x2 
 .rodata.ph_add_child_node.str1.4
                0x10009e00       0xb2 CMakeFiles/milling_2.dir/C_/Program_Files/Raspberry_Pi/Pico_SDK_v1.5.1/pico-sdk/src/common/pico_time/time.c.obj
 *fill*         0x10009eb2        0x2 
 .rodata.add_alarm_under_lock.str1.4
                0x10009eb4       0x28 CMakeFiles/milling_2.dir/C_/Program_Files/Raspberry_Pi/Pico_SDK_v1.5.1/pico-sdk/src/common/pico_time/time.c.obj
                                 0x2b (size before relaxing)
 .rodata.alarm_pool_alarm_callback.str1.4
                0x10009edc       0x98 CMakeFiles/milling_2.dir/C_/Program_Files/Raspberry_Pi/Pico_SDK_v1.5.1/pico-sdk/src/common/pico_time/time.c.obj
                                0x118 (size before relaxing)
 .rodata.alarm_pool_get_default.str1.4
                0x10009f74       0x21 CMakeFiles/milling_2.dir/C_/Program_Files/Raspberry_Pi/Pico_SDK_v1.5.1/pico-sdk/src/common/pico_time/time.c.obj
 *fill*         0x10009f95        0x3 
 .rodata.alarm_pool_cancel_alarm.str1.4
                0x10009f98       0x24 CMakeFiles/milling_2.dir/C_/Program_Files/Raspberry_Pi/Pico_SDK_v1.5.1/pico-sdk/src/common/pico_time/time.c.obj
                                 0x27 (size before relaxing)
 .rodata.sleep_until.str1.4
                0x10009fbc       0x4d CMakeFiles/milling_2.dir/C_/Program_Files/Raspberry_Pi/Pico_SDK_v1.5.1/pico-sdk/src/common/pico_time/time.c.obj
 *fill*         0x1000a009        0x3 
 .rodata.__func__.1
                0x1000a00c       0x18 CMakeFiles/milling_2.dir/C_/Program_Files/Raspberry_Pi/Pico_SDK_v1.5.1/pico-sdk/src/common/pico_time/time.c.obj
 .rodata.__func__.10
                0x1000a024       0x15 CMakeFiles/milling_2.dir/C_/Program_Files/Raspberry_Pi/Pico_SDK_v1.5.1/pico-sdk/src/common/pico_time/time.c.obj
 *fill*         0x1000a039        0x3 
 .rodata.__func__.11
                0x1000a03c       0x1a CMakeFiles/milling_2.dir/C_/Program_Files/Raspberry_Pi/Pico_SDK_v1.5.1/pico-sdk/src/common/pico_time/time.c.obj
 *fill*         0x1000a056        0x2 
 .rodata.__func__.12
                0x1000a058        0xa CMakeFiles/milling_2.dir/C_/Program_Files/Raspberry_Pi/Pico_SDK_v1.5.1/pico-sdk/src/common/pico_time/time.c.obj
 *fill*         0x1000a062        0x2 
 .rodata.__func__.3
                0x1000a064       0x17 CMakeFiles/milling_2.dir/C_/Program_Files/Raspberry_Pi/Pico_SDK_v1.5.1/pico-sdk/src/common/pico_time/time.c.obj
 *fill*         0x1000a07b        0x1 
 .rodata.__func__.4
                0x1000a07c       0x12 CMakeFiles/milling_2.dir/C_/Program_Files/Raspberry_Pi/Pico_SDK_v1.5.1/pico-sdk/src/common/pico_time/time.c.obj
 *fill*         0x1000a08e        0x2 
 .rodata.__func__.5
                0x1000a090        0xd CMakeFiles/milling_2.dir/C_/Program_Files/Raspberry_Pi/Pico_SDK_v1.5.1/pico-sdk/src/common/pico_time/time.c.obj
 *fill*         0x1000a09d        0x3 
 .rodata.__func__.6
                0x1000a0a0       0x12 CMakeFiles/milling_2.dir/C_/Program_Files/Raspberry_Pi/Pico_SDK_v1.5.1/pico-sdk/src/common/pico_time/time.c.obj
 *fill*         0x1000a0b2        0x2 
 .rodata.__func__.7
                0x1000a0b4        0xf CMakeFiles/milling_2.dir/C_/Program_Files/Raspberry_Pi/Pico_SDK_v1.5.1/pico-sdk/src/common/pico_time/time.c.obj
 *fill*         0x1000a0c3        0x1 
 .rodata.__func__.8
                0x1000a0c4        0xc CMakeFiles/milling_2.dir/C_/Program_Files/Raspberry_Pi/Pico_SDK_v1.5.1/pico-sdk/src/common/pico_time/time.c.obj
 .rodata.__func__.9
                0x1000a0d0       0x15 CMakeFiles/milling_2.dir/C_/Program_Files/Raspberry_Pi/Pico_SDK_v1.5.1/pico-sdk/src/common/pico_time/time.c.obj
 *fill*         0x1000a0e5        0x3 
 .rodata.hardware_alarm_claim.str1.4
                0x1000a0e8       0x22 CMakeFiles/milling_2.dir/C_/Program_Files/Raspberry_Pi/Pico_SDK_v1.5.1/pico-sdk/src/rp2_common/hardware_timer/timer.c.obj
 .rodata.busy_wait_us.str1.4
                0x1000a10a       0x7d CMakeFiles/milling_2.dir/C_/Program_Files/Raspberry_Pi/Pico_SDK_v1.5.1/pico-sdk/src/rp2_common/hardware_timer/timer.c.obj
 *fill*         0x1000a10a        0x2 
 .rodata.hardware_alarm_set_target.str1.4
                0x1000a10c       0x81 CMakeFiles/milling_2.dir/C_/Program_Files/Raspberry_Pi/Pico_SDK_v1.5.1/pico-sdk/src/rp2_common/hardware_timer/timer.c.obj
 *fill*         0x1000a18d        0x3 
 .rodata.__func__.0
                0x1000a190       0x1a CMakeFiles/milling_2.dir/C_/Program_Files/Raspberry_Pi/Pico_SDK_v1.5.1/pico-sdk/src/rp2_common/hardware_timer/timer.c.obj
 *fill*         0x1000a1aa        0x2 
 .rodata.__func__.1
                0x1000a1ac       0x15 CMakeFiles/milling_2.dir/C_/Program_Files/Raspberry_Pi/Pico_SDK_v1.5.1/pico-sdk/src/rp2_common/hardware_timer/timer.c.obj
 .rodata.ph_add_child_node.str1.4
                0x1000a1c1       0xb2 CMakeFiles/milling_2.dir/C_/Program_Files/Raspberry_Pi/Pico_SDK_v1.5.1/pico-sdk/src/common/pico_util/pheap.c.obj
 *fill*         0x1000a1c1        0x3 
 .rodata.ph_remove_any_head.str1.4
                0x1000a1c4       0xa8 CMakeFiles/milling_2.dir/C_/Program_Files/Raspberry_Pi/Pico_SDK_v1.5.1/pico-sdk/src/common/pico_util/pheap.c.obj
                                 0xbc (size before relaxing)
 .rodata.ph_remove_and_free_node.str1.4
                0x1000a26c       0x1e CMakeFiles/milling_2.dir/C_/Program_Files/Raspberry_Pi/Pico_SDK_v1.5.1/pico-sdk/src/common/pico_util/pheap.c.obj
                                 0x26 (size before relaxing)
 *fill*         0x1000a28a        0x2 
 .rodata.__func__.0
                0x1000a28c       0x18 CMakeFiles/milling_2.dir/C_/Program_Files/Raspberry_Pi/Pico_SDK_v1.5.1/pico-sdk/src/common/pico_util/pheap.c.obj
 .rodata.__func__.1
                0x1000a2a4       0x13 CMakeFiles/milling_2.dir/C_/Program_Files/Raspberry_Pi/Pico_SDK_v1.5.1/pico-sdk/src/common/pico_util/pheap.c.obj
 *fill*         0x1000a2b7        0x1 
 .rodata.__func__.2
                0x1000a2b8       0x12 CMakeFiles/milling_2.dir/C_/Program_Files/Raspberry_Pi/Pico_SDK_v1.5.1/pico-sdk/src/common/pico_util/pheap.c.obj
 *fill*         0x1000a2ca        0x2 
 .rodata.__func__.3
                0x1000a2cc        0xc CMakeFiles/milling_2.dir/C_/Program_Files/Raspberry_Pi/Pico_SDK_v1.5.1/pico-sdk/src/common/pico_util/pheap.c.obj
 .rodata.clock_configure.str1.4
                0x1000a2d8       0x73 CMakeFiles/milling_2.dir/C_/Program_Files/Raspberry_Pi/Pico_SDK_v1.5.1/pico-sdk/src/rp2_common/hardware_clocks/clocks.c.obj
 *fill*         0x1000a34b        0x1 
 .rodata.__func__.1
                0x1000a34c       0x10 CMakeFiles/milling_2.dir/C_/Program_Files/Raspberry_Pi/Pico_SDK_v1.5.1/pico-sdk/src/rp2_common/hardware_clocks/clocks.c.obj
 .rodata.pll_init.str1.4
                0x1000a35c      0x140 CMakeFiles/milling_2.dir/C_/Program_Files/Raspberry_Pi/Pico_SDK_v1.5.1/pico-sdk/src/rp2_common/hardware_pll/pll.c.obj
 .rodata.__func__.0
                0x1000a49c        0x9 CMakeFiles/milling_2.dir/C_/Program_Files/Raspberry_Pi/Pico_SDK_v1.5.1/pico-sdk/src/rp2_common/hardware_pll/pll.c.obj
 *fill*         0x1000a4a5        0x3 
 .rodata.__assert_func.str1.4
                0x1000a4a8       0x3f CMakeFiles/milling_2.dir/C_/Program_Files/Raspberry_Pi/Pico_SDK_v1.5.1/pico-sdk/src/rp2_common/pico_runtime/runtime.c.obj
                                 0x43 (size before relaxing)
 *fill*         0x1000a4e7        0x1 
 .rodata.runtime_init.str1.4
                0x1000a4e8       0x7d CMakeFiles/milling_2.dir/C_/Program_Files/Raspberry_Pi/Pico_SDK_v1.5.1/pico-sdk/src/rp2_common/pico_runtime/runtime.c.obj
 *fill*         0x1000a565        0x3 
 .rodata.panic.str1.4
                0x1000a568       0x12 CMakeFiles/milling_2.dir/C_/Program_Files/Raspberry_Pi/Pico_SDK_v1.5.1/pico-sdk/src/rp2_common/pico_runtime/runtime.c.obj
 *fill*         0x1000a57a        0x2 
 .rodata.__func__.2
                0x1000a57c        0xd CMakeFiles/milling_2.dir/C_/Program_Files/Raspberry_Pi/Pico_SDK_v1.5.1/pico-sdk/src/rp2_common/pico_runtime/runtime.c.obj
 *fill*         0x1000a589        0x3 
 .rodata._ftoa.str1.4
                0x1000a58c       0x15 CMakeFiles/milling_2.dir/C_/Program_Files/Raspberry_Pi/Pico_SDK_v1.5.1/pico-sdk/src/rp2_common/pico_printf/printf.c.obj
 *fill*         0x1000a5a1        0x3 
 .rodata._vsnprintf
                0x1000a5a4      0x1e0 CMakeFiles/milling_2.dir/C_/Program_Files/Raspberry_Pi/Pico_SDK_v1.5.1/pico-sdk/src/rp2_common/pico_printf/printf.c.obj
 *fill*         0x1000a784        0x4 
 .rodata.pow10.0
                0x1000a788       0x50 CMakeFiles/milling_2.dir/C_/Program_Files/Raspberry_Pi/Pico_SDK_v1.5.1/pico-sdk/src/rp2_common/pico_printf/printf.c.obj
 .rodata.__aeabi_double_init.str1.4
                0x1000a7d8       0xb8 CMakeFiles/milling_2.dir/C_/Program_Files/Raspberry_Pi/Pico_SDK_v1.5.1/pico-sdk/src/rp2_common/pico_double/double_init_rom.c.obj
 .rodata.__func__.0
                0x1000a890       0x14 CMakeFiles/milling_2.dir/C_/Program_Files/Raspberry_Pi/Pico_SDK_v1.5.1/pico-sdk/src/rp2_common/pico_double/double_init_rom.c.obj
 .rodata.__aeabi_float_init.str1.4
                0x1000a8a4       0x96 CMakeFiles/milling_2.dir/C_/Program_Files/Raspberry_Pi/Pico_SDK_v1.5.1/pico-sdk/src/rp2_common/pico_float/float_init_rom.c.obj
                                 0x9a (size before relaxing)
 *fill*         0x1000a93a        0x2 
 .rodata.__func__.0
                0x1000a93c       0x13 CMakeFiles/milling_2.dir/C_/Program_Files/Raspberry_Pi/Pico_SDK_v1.5.1/pico-sdk/src/rp2_common/pico_float/float_init_rom.c.obj
 *fill*         0x1000a94f        0x1 
 .rodata.str1.4
                0x1000a950       0x40 CMakeFiles/milling_2.dir/C_/Program_Files/Raspberry_Pi/Pico_SDK_v1.5.1/pico-sdk/src/rp2_common/pico_standard_link/binary_info.c.obj
 .rodata.__bi_44
                0x1000a990        0xc CMakeFiles/milling_2.dir/C_/Program_Files/Raspberry_Pi/Pico_SDK_v1.5.1/pico-sdk/src/rp2_common/pico_standard_link/binary_info.c.obj
 .rodata.__bi_75
                0x1000a99c        0xc CMakeFiles/milling_2.dir/C_/Program_Files/Raspberry_Pi/Pico_SDK_v1.5.1/pico-sdk/src/rp2_common/pico_standard_link/binary_info.c.obj
 .rodata.__bi_81
                0x1000a9a8        0xc CMakeFiles/milling_2.dir/C_/Program_Files/Raspberry_Pi/Pico_SDK_v1.5.1/pico-sdk/src/rp2_common/pico_standard_link/binary_info.c.obj
 .rodata.stdout_serialize_begin.str1.4
                0x1000a9b4       0x7d CMakeFiles/milling_2.dir/C_/Program_Files/Raspberry_Pi/Pico_SDK_v1.5.1/pico-sdk/src/rp2_common/pico_stdio/stdio.c.obj
 .rodata.__wrap_getchar.str1.4
                0x1000a9b4       0x65 CMakeFiles/milling_2.dir/C_/Program_Files/Raspberry_Pi/Pico_SDK_v1.5.1/pico-sdk/src/rp2_common/pico_stdio/stdio.c.obj
 .rodata.getchar_timeout_us.str1.4
                0x1000aa19        0x3 CMakeFiles/milling_2.dir/C_/Program_Files/Raspberry_Pi/Pico_SDK_v1.5.1/pico-sdk/src/rp2_common/pico_stdio/stdio.c.obj
 *fill*         0x1000aa19        0x3 
 .rodata.__func__.0
                0x1000aa1c       0x13 CMakeFiles/milling_2.dir/C_/Program_Files/Raspberry_Pi/Pico_SDK_v1.5.1/pico-sdk/src/rp2_common/pico_stdio/stdio.c.obj
 *fill*         0x1000aa2f        0x1 
 .rodata.__func__.3
                0x1000aa30       0x15 CMakeFiles/milling_2.dir/C_/Program_Files/Raspberry_Pi/Pico_SDK_v1.5.1/pico-sdk/src/rp2_common/pico_stdio/stdio.c.obj
 *fill*         0x1000aa45        0x3 
 .rodata.crlf_str.2
                0x1000aa48        0x2 CMakeFiles/milling_2.dir/C_/Program_Files/Raspberry_Pi/Pico_SDK_v1.5.1/pico-sdk/src/rp2_common/pico_stdio/stdio.c.obj
 *fill*         0x1000aa4a        0x2 
 .rodata.str1.4
                0x1000aa4c       0x2c CMakeFiles/milling_2.dir/C_/Program_Files/Raspberry_Pi/Pico_SDK_v1.5.1/pico-sdk/src/rp2_common/pico_stdio_uart/stdio_uart.c.obj
 .rodata.__bi_33.4
                0x1000aa78        0xc CMakeFiles/milling_2.dir/C_/Program_Files/Raspberry_Pi/Pico_SDK_v1.5.1/pico-sdk/src/rp2_common/pico_stdio_uart/stdio_uart.c.obj
 .rodata.__bi_34.5
                0x1000aa84        0x8 CMakeFiles/milling_2.dir/C_/Program_Files/Raspberry_Pi/Pico_SDK_v1.5.1/pico-sdk/src/rp2_common/pico_stdio_uart/stdio_uart.c.obj
 .rodata._ctype_
                0x1000aa8c      0x101 c:/progra~1/raspbe~1/picosd~1.1/gcc-ar~1/bin/../lib/gcc/arm-none-eabi/10.3.1/../../../../arm-none-eabi/lib/thumb/v6-m/nofp\libg.a(lib_a-ctype_.o)
                0x1000aa8c                _ctype_
 *fill*         0x1000ab8d        0x3 
 .rodata._strtod_l.str1.4
                0x1000ab90        0xf c:/progra~1/raspbe~1/picosd~1.1/gcc-ar~1/bin/../lib/gcc/arm-none-eabi/10.3.1/../../../../arm-none-eabi/lib/thumb/v6-m/nofp\libg.a(lib_a-strtod.o)
                                 0x11 (size before relaxing)
 *fill*         0x1000ab9f        0x1 
 .rodata._strtod_l
                0x1000aba0       0xd0 c:/progra~1/raspbe~1/picosd~1.1/gcc-ar~1/bin/../lib/gcc/arm-none-eabi/10.3.1/../../../../arm-none-eabi/lib/thumb/v6-m/nofp\libg.a(lib_a-strtod.o)
 .rodata.fpi.1  0x1000ac70       0x14 c:/progra~1/raspbe~1/picosd~1.1/gcc-ar~1/bin/../lib/gcc/arm-none-eabi/10.3.1/../../../../arm-none-eabi/lib/thumb/v6-m/nofp\libg.a(lib_a-strtod.o)
 .rodata.fpinan.0
                0x1000ac84       0x14 c:/progra~1/raspbe~1/picosd~1.1/gcc-ar~1/bin/../lib/gcc/arm-none-eabi/10.3.1/../../../../arm-none-eabi/lib/thumb/v6-m/nofp\libg.a(lib_a-strtod.o)
 .rodata.tinytens
                0x1000ac98       0x28 c:/progra~1/raspbe~1/picosd~1.1/gcc-ar~1/bin/../lib/gcc/arm-none-eabi/10.3.1/../../../../arm-none-eabi/lib/thumb/v6-m/nofp\libg.a(lib_a-strtod.o)
 .rodata.__gethex.str1.4
                0x1000acc0       0x9a c:/progra~1/raspbe~1/picosd~1.1/gcc-ar~1/bin/../lib/gcc/arm-none-eabi/10.3.1/../../../../arm-none-eabi/lib/thumb/v6-m/nofp\libg.a(lib_a-gdtoa-gethex.o)
 *fill*         0x1000ad5a        0x2 
 .rodata.__hexdig
                0x1000ad5c      0x100 c:/progra~1/raspbe~1/picosd~1.1/gcc-ar~1/bin/../lib/gcc/arm-none-eabi/10.3.1/../../../../arm-none-eabi/lib/thumb/v6-m/nofp\libg.a(lib_a-gdtoa-gethex.o)
                0x1000ad5c                __hexdig
 .rodata.str1.4
                0x1000ae5c        0x2 c:/progra~1/raspbe~1/picosd~1.1/gcc-ar~1/bin/../lib/gcc/arm-none-eabi/10.3.1/../../../../arm-none-eabi/lib/thumb/v6-m/nofp\libg.a(lib_a-lnumeric.o)
                                  0x5 (size before relaxing)
 *fill*         0x1000ae5e        0x2 
 .rodata._C_numeric_locale
                0x1000ae60        0xc c:/progra~1/raspbe~1/picosd~1.1/gcc-ar~1/bin/../lib/gcc/arm-none-eabi/10.3.1/../../../../arm-none-eabi/lib/thumb/v6-m/nofp\libg.a(lib_a-lnumeric.o)
                0x1000ae60                _C_numeric_locale
 .rodata._setlocale_r.str1.4
                0x1000ae6c        0xa c:/progra~1/raspbe~1/picosd~1.1/gcc-ar~1/bin/../lib/gcc/arm-none-eabi/10.3.1/../../../../arm-none-eabi/lib/thumb/v6-m/nofp\libg.a(lib_a-locale.o)
                                  0xd (size before relaxing)
 .rodata.str1.4
                0x1000ae76        0x2 c:/progra~1/raspbe~1/picosd~1.1/gcc-ar~1/bin/../lib/gcc/arm-none-eabi/10.3.1/../../../../arm-none-eabi/lib/thumb/v6-m/nofp\libg.a(lib_a-locale.o)
 *fill*         0x1000ae76        0x2 
 .rodata.__multadd.str1.4
                0x1000ae78       0x7f c:/progra~1/raspbe~1/picosd~1.1/gcc-ar~1/bin/../lib/gcc/arm-none-eabi/10.3.1/../../../../arm-none-eabi/lib/thumb/v6-m/nofp\libg.a(lib_a-mprec.o)
                                 0x93 (size before relaxing)
 *fill*         0x1000aef7        0x1 
 .rodata.__mprec_bigtens
                0x1000aef8       0x28 c:/progra~1/raspbe~1/picosd~1.1/gcc-ar~1/bin/../lib/gcc/arm-none-eabi/10.3.1/../../../../arm-none-eabi/lib/thumb/v6-m/nofp\libg.a(lib_a-mprec.o)
                0x1000aef8                __mprec_bigtens
 .rodata.__mprec_tens
                0x1000af20       0xc8 c:/progra~1/raspbe~1/picosd~1.1/gcc-ar~1/bin/../lib/gcc/arm-none-eabi/10.3.1/../../../../arm-none-eabi/lib/thumb/v6-m/nofp\libg.a(lib_a-mprec.o)
                0x1000af20                __mprec_tens
 .rodata.p05.0  0x1000afe8        0xc c:/progra~1/raspbe~1/picosd~1.1/gcc-ar~1/bin/../lib/gcc/arm-none-eabi/10.3.1/../../../../arm-none-eabi/lib/thumb/v6-m/nofp\libg.a(lib_a-mprec.o)
                0x1000aff4                . = ALIGN (0x4)
 *(SORT_BY_ALIGNMENT(SORT_BY_NAME(.flashdata*)))
                0x1000aff4                . = ALIGN (0x4)

.ARM.extab
 *(.ARM.extab* .gnu.linkonce.armextab.*)
                0x1000aff4                __exidx_start = .

.ARM.exidx
 *(.ARM.exidx* .gnu.linkonce.armexidx.*)
                0x1000aff4                __exidx_end = .
                0x1000aff4                . = ALIGN (0x4)
                0x1000aff4                __binary_info_start = .

.binary_info    0x1000aff4       0x24
 *(.binary_info.keep.*)
 .binary_info.keep.__bi_ptr22
                0x1000aff4        0x4 CMakeFiles/milling_2.dir/C_/Program_Files/Raspberry_Pi/Pico_SDK_v1.5.1/pico-sdk/src/rp2_common/pico_standard_link/binary_info.c.obj
 .binary_info.keep.__bi_ptr30
                0x1000aff8        0x4 CMakeFiles/milling_2.dir/C_/Program_Files/Raspberry_Pi/Pico_SDK_v1.5.1/pico-sdk/src/rp2_common/pico_standard_link/binary_info.c.obj
 .binary_info.keep.__bi_ptr38
                0x1000affc        0x4 CMakeFiles/milling_2.dir/C_/Program_Files/Raspberry_Pi/Pico_SDK_v1.5.1/pico-sdk/src/rp2_common/pico_standard_link/binary_info.c.obj
 .binary_info.keep.__bi_ptr44
                0x1000b000        0x4 CMakeFiles/milling_2.dir/C_/Program_Files/Raspberry_Pi/Pico_SDK_v1.5.1/pico-sdk/src/rp2_common/pico_standard_link/binary_info.c.obj
 .binary_info.keep.__bi_ptr50
                0x1000b004        0x4 CMakeFiles/milling_2.dir/C_/Program_Files/Raspberry_Pi/Pico_SDK_v1.5.1/pico-sdk/src/rp2_common/pico_standard_link/binary_info.c.obj
 .binary_info.keep.__bi_ptr75
                0x1000b008        0x4 CMakeFiles/milling_2.dir/C_/Program_Files/Raspberry_Pi/Pico_SDK_v1.5.1/pico-sdk/src/rp2_common/pico_standard_link/binary_info.c.obj
 .binary_info.keep.__bi_ptr81
                0x1000b00c        0x4 CMakeFiles/milling_2.dir/C_/Program_Files/Raspberry_Pi/Pico_SDK_v1.5.1/pico-sdk/src/rp2_common/pico_standard_link/binary_info.c.obj
 *(.binary_info.*)
 .binary_info.__bi_ptr33
                0x1000b010        0x4 CMakeFiles/milling_2.dir/C_/Program_Files/Raspberry_Pi/Pico_SDK_v1.5.1/pico-sdk/src/rp2_common/pico_stdio_uart/stdio_uart.c.obj
 .binary_info.__bi_ptr34
                0x1000b014        0x4 CMakeFiles/milling_2.dir/C_/Program_Files/Raspberry_Pi/Pico_SDK_v1.5.1/pico-sdk/src/rp2_common/pico_stdio_uart/stdio_uart.c.obj
                0x1000b018                __binary_info_end = .

.rel.dyn        0x1000b018        0x0
 .rel.iplt      0x1000b018        0x0 c:/progra~1/raspbe~1/picosd~1.1/gcc-ar~1/bin/../lib/gcc/arm-none-eabi/10.3.1/thumb/v6-m/nofp/crtbegin.o
                0x1000b018                . = ALIGN (0x4)

.ram_vector_table
                0x20000000       0xc0
 *(.ram_vector_table)
 .ram_vector_table
                0x20000000       0xc0 CMakeFiles/milling_2.dir/C_/Program_Files/Raspberry_Pi/Pico_SDK_v1.5.1/pico-sdk/src/rp2_common/pico_runtime/runtime.c.obj
                0x20000000                ram_vector_table

.data           0x200000c0      0xc04 load address 0x1000b018
                0x200000c0                __data_start__ = .
 *(vtable)
 *(.time_critical*)
 .time_critical.mutex_try_enter
                0x200000c0       0x46 CMakeFiles/milling_2.dir/C_/Program_Files/Raspberry_Pi/Pico_SDK_v1.5.1/pico-sdk/src/common/pico_sync/mutex.c.obj
                0x200000c0                mutex_try_enter
 *fill*         0x20000106        0x2 
 .time_critical.mutex_enter_block_until
                0x20000108       0x8c CMakeFiles/milling_2.dir/C_/Program_Files/Raspberry_Pi/Pico_SDK_v1.5.1/pico-sdk/src/common/pico_sync/mutex.c.obj
                0x20000108                mutex_enter_block_until
 .time_critical.mutex_try_enter_block_until
                0x20000194       0x34 CMakeFiles/milling_2.dir/C_/Program_Files/Raspberry_Pi/Pico_SDK_v1.5.1/pico-sdk/src/common/pico_sync/mutex.c.obj
                0x20000194                mutex_try_enter_block_until
 .time_critical.mutex_exit
                0x200001c8       0x4c CMakeFiles/milling_2.dir/C_/Program_Files/Raspberry_Pi/Pico_SDK_v1.5.1/pico-sdk/src/common/pico_sync/mutex.c.obj
                0x200001c8                mutex_exit
 *(.text*)
 .text          0x20000214        0x4 c:/progra~1/raspbe~1/picosd~1.1/gcc-ar~1/bin/../lib/gcc/arm-none-eabi/10.3.1/thumb/v6-m/nofp\libgcc.a(_dvmd_tls.o)
                0x20000214                __aeabi_idiv0
                0x20000214                __aeabi_ldiv0
 .text.__stub   0x20000218       0x20 linker stubs
                0x20000238                . = ALIGN (0x4)
 *(.rodata*)
                0x20000238                . = ALIGN (0x4)
 *(.data*)
 .data.absolute_mode
                0x20000238        0x1 CMakeFiles/milling_2.dir/machine.c.obj
                0x20000238                absolute_mode
 .data.manual_mode
                0x20000239        0x1 CMakeFiles/milling_2.dir/machine.c.obj
                0x20000239                manual_mode
 .data.metric_mode
                0x2000023a        0x1 CMakeFiles/milling_2.dir/machine.c.obj
                0x2000023a                metric_mode
 *fill*         0x2000023b        0x1 
 .data.mmhal_high_delay_us
                0x2000023c        0x4 CMakeFiles/milling_2.dir/mmhal.c.obj
                0x2000023c                mmhal_high_delay_us
 .data.mmhal_low_delay_us
                0x20000240        0x4 CMakeFiles/milling_2.dir/mmhal.c.obj
                0x20000240                mmhal_low_delay_us
 .data.striped_spin_lock_num
                0x20000244        0x1 CMakeFiles/milling_2.dir/C_/Program_Files/Raspberry_Pi/Pico_SDK_v1.5.1/pico-sdk/src/rp2_common/hardware_sync/sync.c.obj
 *fill*         0x20000245        0x3 
 .data          0x20000248       0x48 CMakeFiles/milling_2.dir/C_/Program_Files/Raspberry_Pi/Pico_SDK_v1.5.1/pico-sdk/src/rp2_common/hardware_irq/irq_handler_chain.S.obj
                0x20000248                irq_handler_chain_slots
                0x20000278                irq_handler_chain_first_slot
                0x20000282                irq_handler_chain_remove_tail
 .data.default_alarm_pool
                0x20000290       0x18 CMakeFiles/milling_2.dir/C_/Program_Files/Raspberry_Pi/Pico_SDK_v1.5.1/pico-sdk/src/common/pico_time/time.c.obj
 .data.default_alarm_pool_heap
                0x200002a8       0x10 CMakeFiles/milling_2.dir/C_/Program_Files/Raspberry_Pi/Pico_SDK_v1.5.1/pico-sdk/src/common/pico_time/time.c.obj
 *fill*         0x200002b8        0x8 
 .data.aeabi_bits_funcs
                0x200002c0       0x10 CMakeFiles/milling_2.dir/C_/Program_Files/Raspberry_Pi/Pico_SDK_v1.5.1/pico-sdk/src/rp2_common/pico_bit_ops/bit_ops_aeabi.S.obj
                0x200002c0                aeabi_bits_funcs
                0x200002d0                aeabi_bits_funcs_end
 .data.aeabi_mem_funcs
                0x200002d0       0x10 CMakeFiles/milling_2.dir/C_/Program_Files/Raspberry_Pi/Pico_SDK_v1.5.1/pico-sdk/src/rp2_common/pico_mem_ops/mem_ops_aeabi.S.obj
                0x200002d0                aeabi_mem_funcs
                0x200002e0                aeabi_mem_funcs_end
 .data.stdio_uart
                0x200002e0       0x18 CMakeFiles/milling_2.dir/C_/Program_Files/Raspberry_Pi/Pico_SDK_v1.5.1/pico-sdk/src/rp2_common/pico_stdio_uart/stdio_uart.c.obj
                0x200002e0                stdio_uart
 .data._impure_ptr
                0x200002f8        0x4 c:/progra~1/raspbe~1/picosd~1.1/gcc-ar~1/bin/../lib/gcc/arm-none-eabi/10.3.1/../../../../arm-none-eabi/lib/thumb/v6-m/nofp\libg.a(lib_a-impure.o)
                0x200002f8                _impure_ptr
 *fill*         0x200002fc        0x4 
 .data.impure_data
                0x20000300      0x428 c:/progra~1/raspbe~1/picosd~1.1/gcc-ar~1/bin/../lib/gcc/arm-none-eabi/10.3.1/../../../../arm-none-eabi/lib/thumb/v6-m/nofp\libg.a(lib_a-impure.o)
 .data.__malloc_av_
                0x20000728      0x408 c:/progra~1/raspbe~1/picosd~1.1/gcc-ar~1/bin/../lib/gcc/arm-none-eabi/10.3.1/../../../../arm-none-eabi/lib/thumb/v6-m/nofp\libg.a(lib_a-mallocr.o)
                0x20000728                __malloc_av_
 .data.__malloc_sbrk_base
                0x20000b30        0x4 c:/progra~1/raspbe~1/picosd~1.1/gcc-ar~1/bin/../lib/gcc/arm-none-eabi/10.3.1/../../../../arm-none-eabi/lib/thumb/v6-m/nofp\libg.a(lib_a-mallocr.o)
                0x20000b30                __malloc_sbrk_base
 .data.__malloc_trim_threshold
                0x20000b34        0x4 c:/progra~1/raspbe~1/picosd~1.1/gcc-ar~1/bin/../lib/gcc/arm-none-eabi/10.3.1/../../../../arm-none-eabi/lib/thumb/v6-m/nofp\libg.a(lib_a-mallocr.o)
                0x20000b34                __malloc_trim_threshold
 .data.numempty
                0x20000b38        0x2 c:/progra~1/raspbe~1/picosd~1.1/gcc-ar~1/bin/../lib/gcc/arm-none-eabi/10.3.1/../../../../arm-none-eabi/lib/thumb/v6-m/nofp\libg.a(lib_a-lnumeric.o)
 *fill*         0x20000b3a        0x2 
 .data.__global_locale
                0x20000b3c      0x16c c:/progra~1/raspbe~1/picosd~1.1/gcc-ar~1/bin/../lib/gcc/arm-none-eabi/10.3.1/../../../../arm-none-eabi/lib/thumb/v6-m/nofp\libg.a(lib_a-locale.o)
                0x20000b3c                __global_locale
                0x20000ca8                . = ALIGN (0x4)
 *(.after_data.*)
                0x20000ca8                . = ALIGN (0x4)
                0x20000ca8                PROVIDE (__mutex_array_start = .)
 *(SORT_BY_NAME(.mutex_array.*))
 *(.mutex_array)
 .mutex_array   0x20000ca8        0x8 CMakeFiles/milling_2.dir/C_/Program_Files/Raspberry_Pi/Pico_SDK_v1.5.1/pico-sdk/src/rp2_common/pico_stdio/stdio.c.obj
                0x20000cb0                PROVIDE (__mutex_array_end = .)
                0x20000cb0                . = ALIGN (0x4)
                0x20000cb0                PROVIDE (__preinit_array_start = .)
 *(SORT_BY_NAME(.preinit_array.*))
 .preinit_array.00001
                0x20000cb0        0x4 CMakeFiles/milling_2.dir/C_/Program_Files/Raspberry_Pi/Pico_SDK_v1.5.1/pico-sdk/src/rp2_common/pico_mem_ops/mem_ops_aeabi.S.obj
 .preinit_array.00010
                0x20000cb4        0x4 CMakeFiles/milling_2.dir/C_/Program_Files/Raspberry_Pi/Pico_SDK_v1.5.1/pico-sdk/src/rp2_common/pico_bit_ops/bit_ops_aeabi.S.obj
 .preinit_array.00020
                0x20000cb8        0x4 CMakeFiles/milling_2.dir/C_/Program_Files/Raspberry_Pi/Pico_SDK_v1.5.1/pico-sdk/src/rp2_common/pico_double/double_aeabi.S.obj
 .preinit_array.00020
                0x20000cbc        0x4 CMakeFiles/milling_2.dir/C_/Program_Files/Raspberry_Pi/Pico_SDK_v1.5.1/pico-sdk/src/rp2_common/pico_float/float_aeabi.S.obj
 *(.preinit_array)
                0x20000cc0                PROVIDE (__preinit_array_end = .)
                0x20000cc0                . = ALIGN (0x4)