Archive member included to satisfy reference by file (symbol)

c:/progra~1/raspbe~1/picosd~1.1/gcc-ar~1/bin/../lib/gcc/arm-none-eabi/10.3.1/thumb/v6-m/nofp\libgcc.a(_dvmd_tls.o)
                              CMakeFiles/milling_2.dir/C_/Program_Files/Raspberry_Pi/Pico_SDK_v1.5.1/pico-sdk/src/rp2_common/pico_divider/divider.S.obj (__aeabi_idiv0)
c:/progra~1/raspbe~1/picosd~1.1/gcc-ar~1/bin/../lib/gcc/arm-none-eabi/10.3.1/../../../../arm-none-eabi/lib/thumb/v6-m/nofp\libg.a(lib_a-atoi.o)
                              CMakeFiles/milling_2.dir/machine.c.obj (atoi)
c:/progra~1/raspbe~1/picosd~1.1/gcc-ar~1/bin/../lib/gcc/arm-none-eabi/10.3.1/../../../../arm-none-eabi/lib/thumb/v6-m/nofp\libg.a(lib_a-calloc.o)
                              CMakeFiles/milling_2.dir/C_/Program_Files/Raspberry_Pi/Pico_SDK_v1.5.1/pico-sdk/src/rp2_common/pico_malloc/pico_malloc.c.obj (calloc)
c:/progra~1/raspbe~1/picosd~1.1/gcc-ar~1/bin/../lib/gcc/arm-none-eabi/10.3.1/../../../../arm-none-eabi/lib/thumb/v6-m/nofp\libg.a(lib_a-callocr.o)
                              c:/progra~1/raspbe~1/picosd~1.1/gcc-ar~1/bin/../lib/gcc/arm-none-eabi/10.3.1/../../../../arm-none-eabi/lib/thumb/v6-m/nofp\libg.a(lib_a-calloc.o) (_calloc_r)
c:/progra~1/raspbe~1/picosd~1.1/gcc-ar~1/bin/../lib/gcc/arm-none-eabi/10.3.1/../../../../arm-none-eabi/lib/thumb/v6-m/nofp\libg.a(lib_a-ctype_.o)
                              CMakeFiles/milling_2.dir/command.c.obj (_ctype_)
c:/progra~1/raspbe~1/picosd~1.1/gcc-ar~1/bin/../lib/gcc/arm-none-eabi/10.3.1/../../../../arm-none-eabi/lib/thumb/v6-m/nofp\libg.a(lib_a-errno.o)
                              c:/progra~1/raspbe~1/picosd~1.1/gcc-ar~1/bin/../lib/gcc/arm-none-eabi/10.3.1/../../../../arm-none-eabi/lib/thumb/v6-m/nofp\libg.a(lib_a-callocr.o) (__errno)
c:/progra~1/raspbe~1/picosd~1.1/gcc-ar~1/bin/../lib/gcc/arm-none-eabi/10.3.1/../../../../arm-none-eabi/lib/thumb/v6-m/nofp\libg.a(lib_a-impure.o)
                              c:/progra~1/raspbe~1/picosd~1.1/gcc-ar~1/bin/../lib/gcc/arm-none-eabi/10.3.1/../../../../arm-none-eabi/lib/thumb/v6-m/nofp\libg.a(lib_a-calloc.o) (_impure_ptr)
c:/progra~1/raspbe~1/picosd~1.1/gcc-ar~1/bin/../lib/gcc/arm-none-eabi/10.3.1/../../../../arm-none-eabi/lib/thumb/v6-m/nofp\libg.a(lib_a-init.o)
                              c:/progra~1/raspbe~1/picosd~1.1/gcc-ar~1/bin/../lib/gcc/arm-none-eabi/10.3.1/../../../../arm-none-eabi/lib/thumb/v6-m/nofp/crt0.o (__libc_init_array)
c:/progra~1/raspbe~1/picosd~1.1/gcc-ar~1/bin/../lib/gcc/arm-none-eabi/10.3.1/../../../../arm-none-eabi/lib/thumb/v6-m/nofp\libg.a(lib_a-malloc.o)
                              CMakeFiles/milling_2.dir/C_/Program_Files/Raspberry_Pi/Pico_SDK_v1.5.1/pico-sdk/src/rp2_common/pico_malloc/pico_malloc.c.obj (malloc)
c:/progra~1/raspbe~1/picosd~1.1/gcc-ar~1/bin/../lib/gcc/arm-none-eabi/10.3.1/../../../../arm-none-eabi/lib/thumb/v6-m/nofp\libg.a(lib_a-mallocr.o)
                              c:/progra~1/raspbe~1/picosd~1.1/gcc-ar~1/bin/../lib/gcc/arm-none-eabi/10.3.1/../../../../arm-none-eabi/lib/thumb/v6-m/nofp\libg.a(lib_a-callocr.o) (_malloc_r)
c:/progra~1/raspbe~1/picosd~1.1/gcc-ar~1/bin/../lib/gcc/arm-none-eabi/10.3.1/../../../../arm-none-eabi/lib/thumb/v6-m/nofp\libg.a(lib_a-mlock.o)
                              c:/progra~1/raspbe~1/picosd~1.1/gcc-ar~1/bin/../lib/gcc/arm-none-eabi/10.3.1/../../../../arm-none-eabi/lib/thumb/v6-m/nofp\libg.a(lib_a-mallocr.o) (__malloc_lock)
c:/progra~1/raspbe~1/picosd~1.1/gcc-ar~1/bin/../lib/gcc/arm-none-eabi/10.3.1/../../../../arm-none-eabi/lib/thumb/v6-m/nofp\libg.a(lib_a-realloc.o)
                              CMakeFiles/milling_2.dir/C_/Program_Files/Raspberry_Pi/Pico_SDK_v1.5.1/pico-sdk/src/rp2_common/pico_malloc/pico_malloc.c.obj (realloc)
c:/progra~1/raspbe~1/picosd~1.1/gcc-ar~1/bin/../lib/gcc/arm-none-eabi/10.3.1/../../../../arm-none-eabi/lib/thumb/v6-m/nofp\libg.a(lib_a-reallocr.o)
                              c:/progra~1/raspbe~1/picosd~1.1/gcc-ar~1/bin/../lib/gcc/arm-none-eabi/10.3.1/../../../../arm-none-eabi/lib/thumb/v6-m/nofp\libg.a(lib_a-realloc.o) (_realloc_r)
c:/progra~1/raspbe~1/picosd~1.1/gcc-ar~1/bin/../lib/gcc/arm-none-eabi/10.3.1/../../../../arm-none-eabi/lib/thumb/v6-m/nofp\libg.a(lib_a-sbrkr.o)
                              c:/progra~1/raspbe~1/picosd~1.1/gcc-ar~1/bin/../lib/gcc/arm-none-eabi/10.3.1/../../../../arm-none-eabi/lib/thumb/v6-m/nofp\libg.a(lib_a-mallocr.o) (_sbrk_r)
c:/progra~1/raspbe~1/picosd~1.1/gcc-ar~1/bin/../lib/gcc/arm-none-eabi/10.3.1/../../../../arm-none-eabi/lib/thumb/v6-m/nofp\libg.a(lib_a-strchr.o)
                              CMakeFiles/milling_2.dir/machine.c.obj (strchr)
c:/progra~1/raspbe~1/picosd~1.1/gcc-ar~1/bin/../lib/gcc/arm-none-eabi/10.3.1/../../../../arm-none-eabi/lib/thumb/v6-m/nofp\libg.a(lib_a-strcmp.o)
                              CMakeFiles/milling_2.dir/parser.c.obj (strcmp)
c:/progra~1/raspbe~1/picosd~1.1/gcc-ar~1/bin/../lib/gcc/arm-none-eabi/10.3.1/../../../../arm-none-eabi/lib/thumb/v6-m/nofp\libg.a(lib_a-strlen-stub.o)
[...]
Memory Configuration

Name             Origin             Length             Attributes
FLASH            0x10000000         0x00200000         xr
RAM              0x20000000         0x00040000         xrw
SCRATCH_X        0x20040000         0x00001000         xrw
SCRATCH_Y        0x20041000         0x00001000         xrw
*default*        0x00000000         0xffffffff

Linker script and memory map

LOAD c:/progra~1/raspbe~1/picosd~1.1/gcc-ar~1/bin/../lib/gcc/arm-none-eabi/10.3.1/thumb/v6-m/nofp/crti.o
LOAD c:/progra~1/raspbe~1/picosd~1.1/gcc-ar~1/bin/../lib/gcc/arm-none-eabi/10.3.1/thumb/v6-m/nofp/crtbegin.o
LOAD c:/progra~1/raspbe~1/picosd~1.1/gcc-ar~1/bin/../lib/gcc/arm-none-eabi/10.3.1/../../../../arm-none-eabi/lib/thumb/v6-m/nofp/crt0.o

.flash_begin    0x10000000        0x0
                0x10000000                __flash_binary_start = .

.boot2          0x10000000      0x100
                0x10000000                __boot2_start__ = .
 *(.boot2)
 .boot2         0x10000000      0x100 C:\Users\skegm\AppData\Local\Temp\cc0nofPL.o
                0x10000100                __boot2_end__ = .
                0x00000001                ASSERT (((__boot2_end__ - __boot2_start__) == 0x100), ERROR: Pico second stage bootloader must be 256 bytes in size)

.text           0x10000100     0xb088
                0x10000100                __logical_binary_start = .
 *(.vectors)
 .vectors       0x10000100       0xd4 CMakeFiles/milling_2.dir/C_/Program_Files/Raspberry_Pi/Pico_SDK_v1.5.1/pico-sdk/src/rp2_common/pico_standard_link/crt0.S.obj
                0x10000100                __VECTOR_TABLE
                0x10000100                __vectors
                0x100001c0                isr_invalid
                0x100001c0                __default_isrs_start
                0x100001c2                isr_nmi
                0x100001c4                isr_hardfault
                0x100001c6                isr_svcall
                0x100001c8                isr_pendsv
                0x100001ca                isr_systick
                0x100001cc                isr_irq23
                0x100001cc                isr_irq18
                0x100001cc                isr_irq11
                0x100001cc                isr_irq28
                0x100001cc                isr_irq19
                0x100001cc                isr_irq0
                0x100001cc                isr_irq6
                0x100001cc                isr_irq5
                0x100001cc                isr_irq12
                0x100001cc                isr_irq22
                0x100001cc                isr_irq31
                0x100001cc                isr_irq17
                0x100001cc                isr_irq27
                0x100001cc                isr_irq30
                0x100001cc                isr_irq2
                0x100001cc                isr_irq10
                0x100001cc                isr_irq8
                0x100001cc                isr_irq24
                0x100001cc                isr_irq1
                0x100001cc                isr_irq7
                0x100001cc                isr_irq21
                0x100001cc                isr_irq20
                0x100001cc                isr_irq15
                0x100001cc                isr_irq25
                0x100001cc                isr_irq13
                0x100001cc                __unhandled_user_irq
                0x100001cc                isr_irq4
                0x100001cc                isr_irq16
                0x100001cc                isr_irq29
                0x100001cc                isr_irq26
                0x100001cc                __default_isrs_end
                0x100001cc                isr_irq3
                0x100001cc                isr_irq14
                0x100001cc                isr_irq9
                0x100001d2                unhandled_user_irq_num_in_r0
 *(.binary_info_header)
 .binary_info_header
                0x100001d4       0x14 CMakeFiles/milling_2.dir/C_/Program_Files/Raspberry_Pi/Pico_SDK_v1.5.1/pico-sdk/src/rp2_common/pico_standard_link/crt0.S.obj
                0x100001e8                __binary_info_header_end = .
 *(.reset)
 .reset         0x100001e8       0xa0 CMakeFiles/milling_2.dir/C_/Program_Files/Raspberry_Pi/Pico_SDK_v1.5.1/pico-sdk/src/rp2_common/pico_standard_link/crt0.S.obj
                0x100001e8                _entry_point
 .reset         0x10000288       0x30 CMakeFiles/milling_2.dir/C_/Program_Files/Raspberry_Pi/Pico_SDK_v1.5.1/pico-sdk/src/rp2_common/pico_standard_link/binary_info.c.obj
 *(.init)
 .init          0x100002b8        0x4 c:/progra~1/raspbe~1/picosd~1.1/gcc-ar~1/bin/../lib/gcc/arm-none-eabi/10.3.1/thumb/v6-m/nofp/crti.o
                0x100002b8                _init
 *(EXCLUDE_FILE(*libm.a: *libc.a:*lib_a-mem*.o *libgcc.a:) .text*)
 .text          0x100002bc       0x48 c:/progra~1/raspbe~1/picosd~1.1/gcc-ar~1/bin/../lib/gcc/arm-none-eabi/10.3.1/thumb/v6-m/nofp/crtbegin.o
 .text.main     0x10000304       0x48 CMakeFiles/milling_2.dir/main.c.obj
                0x10000304                main
 .text.print_manual_menu
                0x1000034c       0xa0 CMakeFiles/milling_2.dir/machine.c.obj
                0x1000034c                print_manual_menu
 .text.print_command_menu
                0x100003ec      0x134 CMakeFiles/milling_2.dir/machine.c.obj
                0x100003ec                print_command_menu
 .text.clamp_value
                0x10000520       0x12 CMakeFiles/milling_2.dir/machine.c.obj
                0x10000520                clamp_value
 .text.clamp_axis_target
                0x10000532       0x2c CMakeFiles/milling_2.dir/machine.c.obj
                0x10000532                clamp_axis_target
 *fill*         0x1000055e        0x2 
 .text.set_feed_rate
                0x10000560       0x44 CMakeFiles/milling_2.dir/machine.c.obj
                0x10000560                set_feed_rate
 .text.move_axis_to_target
                0x100005a4       0xb8 CMakeFiles/milling_2.dir/machine.c.obj
                0x100005a4                move_axis_to_target
 .text.execute_move
                0x1000065c       0x6c CMakeFiles/milling_2.dir/machine.c.obj
                0x1000065c                execute_move
 .text.execute_arc
                0x100006c8      0x1c8 CMakeFiles/milling_2.dir/machine.c.obj
                0x100006c8                execute_arc
 .text.handle_manual_mode
                0x10000890      0x1cc CMakeFiles/milling_2.dir/manual.c.obj
                0x10000890                handle_manual_mode
 .text.linear_value_to_steps
                0x10000a5c       0x28 CMakeFiles/milling_2.dir/command.c.obj
 .text.build_target_positions
                0x10000a84       0x88 CMakeFiles/milling_2.dir/command.c.obj
 .text.handle_command_mode
                0x10000b0c      0x35c CMakeFiles/milling_2.dir/command.c.obj
                0x10000b0c                handle_command_mode
 .text.init_parsed_command
                0x10000e68       0x28 CMakeFiles/milling_2.dir/parser.c.obj
 .text.make_uppercase_copy
                0x10000e90       0x34 CMakeFiles/milling_2.dir/parser.c.obj
 .text.parse_command_type
                0x10000ec4      0x1e8 CMakeFiles/milling_2.dir/parser.c.obj
 .text.extract_value
                0x100010ac       0x1e CMakeFiles/milling_2.dir/parser.c.obj
 .text.parse_command
                0x100010ca       0x9e CMakeFiles/milling_2.dir/parser.c.obj
                0x100010ca                parse_command
 .text.mmhal_step_motors_impl
                0x10001168       0xd4 CMakeFiles/milling_2.dir/mmhal.c.obj
 .text.mmhal_set_spindle_pwm
                0x1000123c       0x20 CMakeFiles/milling_2.dir/mmhal.c.obj
                0x1000123c                mmhal_set_spindle_pwm
 .text.mmhal_set_microstepping
                0x1000125c       0xcc CMakeFiles/milling_2.dir/mmhal.c.obj
                0x1000125c                mmhal_set_microstepping
 .text.mmhal_init
                0x10001328      0x128 CMakeFiles/milling_2.dir/mmhal.c.obj
                0x10001328                mmhal_init
 .text.mmhal_step_motors
                0x10001450       0x14 CMakeFiles/milling_2.dir/mmhal.c.obj
                0x10001450                mmhal_step_motors
 .text.gpio_set_function
                0x10001464       0x30 CMakeFiles/milling_2.dir/C_/Program_Files/Raspberry_Pi/Pico_SDK_v1.5.1/pico-sdk/src/rp2_common/hardware_gpio/gpio.c.obj
                0x10001464                gpio_set_function
 .text.gpio_set_pulls
                0x10001494       0x34 CMakeFiles/milling_2.dir/C_/Program_Files/Raspberry_Pi/Pico_SDK_v1.5.1/pico-sdk/src/rp2_common/hardware_gpio/gpio.c.obj
                0x10001494                gpio_set_pulls
 .text.gpio_init
                0x100014c8       0x16 CMakeFiles/milling_2.dir/C_/Program_Files/Raspberry_Pi/Pico_SDK_v1.5.1/pico-sdk/src/rp2_common/hardware_gpio/gpio.c.obj
                0x100014c8                gpio_init
 *fill*         0x100014de        0x2 
 .text.running_on_fpga
                0x100014e0       0x14 CMakeFiles/milling_2.dir/C_/Program_Files/Raspberry_Pi/Pico_SDK_v1.5.1/pico-sdk/src/rp2_common/pico_platform/platform.c.obj
                0x100014e0                running_on_fpga
 .text.hw_claim_lock
                0x100014f4       0x18 CMakeFiles/milling_2.dir/C_/Program_Files/Raspberry_Pi/Pico_SDK_v1.5.1/pico-sdk/src/rp2_common/hardware_claim/claim.c.obj
                0x100014f4                hw_claim_lock
 .text.hw_claim_unlock
                0x1000150c       0x14 CMakeFiles/milling_2.dir/C_/Program_Files/Raspberry_Pi/Pico_SDK_v1.5.1/pico-sdk/src/rp2_common/hardware_claim/claim.c.obj
                0x1000150c                hw_claim_unlock
 .text.hw_claim_or_assert
                0x10001520       0x32 CMakeFiles/milling_2.dir/C_/Program_Files/Raspberry_Pi/Pico_SDK_v1.5.1/pico-sdk/src/rp2_common/hardware_claim/claim.c.obj
                0x10001520                hw_claim_or_assert
 .text.hw_claim_unused_from_range
                0x10001552       0x50 CMakeFiles/milling_2.dir/C_/Program_Files/Raspberry_Pi/Pico_SDK_v1.5.1/pico-sdk/src/rp2_common/hardware_claim/claim.c.obj
                0x10001552                hw_claim_unused_from_range
 *fill*         0x100015a2        0x2 
 .text.spin_locks_reset
                0x100015a4       0x20 CMakeFiles/milling_2.dir/C_/Program_Files/Raspberry_Pi/Pico_SDK_v1.5.1/pico-sdk/src/rp2_common/hardware_sync/sync.c.obj
                0x100015a4                spin_locks_reset
 .text.next_striped_spin_lock_num
                0x100015c4       0x1c CMakeFiles/milling_2.dir/C_/Program_Files/Raspberry_Pi/Pico_SDK_v1.5.1/pico-sdk/src/rp2_common/hardware_sync/sync.c.obj
                0x100015c4                next_striped_spin_lock_num
 .text.spin_lock_claim_unused
                0x100015e0       0x20 CMakeFiles/milling_2.dir/C_/Program_Files/Raspberry_Pi/Pico_SDK_v1.5.1/pico-sdk/src/rp2_common/hardware_sync/sync.c.obj
                0x100015e0                spin_lock_claim_unused
 .text.set_raw_irq_handler_and_unlock
                0x10001600       0x28 CMakeFiles/milling_2.dir/C_/Program_Files/Raspberry_Pi/Pico_SDK_v1.5.1/pico-sdk/src/rp2_common/hardware_irq/irq.c.obj
 .text.make_branch
                0x10001628       0x48 CMakeFiles/milling_2.dir/C_/Program_Files/Raspberry_Pi/Pico_SDK_v1.5.1/pico-sdk/src/rp2_common/hardware_irq/irq.c.obj
 .text.insert_branch_and_link
                0x10001670       0x40 CMakeFiles/milling_2.dir/C_/Program_Files/Raspberry_Pi/Pico_SDK_v1.5.1/pico-sdk/src/rp2_common/hardware_irq/irq.c.obj
 .text.irq_is_enabled
                0x100016b0       0x18 CMakeFiles/milling_2.dir/C_/Program_Files/Raspberry_Pi/Pico_SDK_v1.5.1/pico-sdk/src/rp2_common/hardware_irq/irq.c.obj
                0x100016b0                irq_is_enabled
 .text.irq_set_mask_enabled
                0x100016c8       0x20 CMakeFiles/milling_2.dir/C_/Program_Files/Raspberry_Pi/Pico_SDK_v1.5.1/pico-sdk/src/rp2_common/hardware_irq/irq.c.obj
                0x100016c8                irq_set_mask_enabled
 .text.irq_set_enabled
                0x100016e8        0xe CMakeFiles/milling_2.dir/C_/Program_Files/Raspberry_Pi/Pico_SDK_v1.5.1/pico-sdk/src/rp2_common/hardware_irq/irq.c.obj
                0x100016e8                irq_set_enabled
 *fill*         0x100016f6        0x2 
 .text.irq_set_pending
                0x100016f8       0x10 CMakeFiles/milling_2.dir/C_/Program_Files/Raspberry_Pi/Pico_SDK_v1.5.1/pico-sdk/src/rp2_common/hardware_irq/irq.c.obj
                0x100016f8                irq_set_pending
 .text.irq_get_vtable_handler
                0x10001708       0x10 CMakeFiles/milling_2.dir/C_/Program_Files/Raspberry_Pi/Pico_SDK_v1.5.1/pico-sdk/src/rp2_common/hardware_irq/irq.c.obj
                0x10001708                irq_get_vtable_handler
 .text.irq_has_shared_handler
                0x10001718       0x24 CMakeFiles/milling_2.dir/C_/Program_Files/Raspberry_Pi/Pico_SDK_v1.5.1/pico-sdk/src/rp2_common/hardware_irq/irq.c.obj
                0x10001718                irq_has_shared_handler
 .text.irq_set_exclusive_handler
                0x1000173c       0x54 CMakeFiles/milling_2.dir/C_/Program_Files/Raspberry_Pi/Pico_SDK_v1.5.1/pico-sdk/src/rp2_common/hardware_irq/irq.c.obj
                0x1000173c                irq_set_exclusive_handler
 .text.irq_add_shared_handler
                0x10001790      0x234 CMakeFiles/milling_2.dir/C_/Program_Files/Raspberry_Pi/Pico_SDK_v1.5.1/pico-sdk/src/rp2_common/hardware_irq/irq.c.obj
                0x10001790                irq_add_shared_handler
 .text.irq_remove_handler
                0x100019c4      0x1ac CMakeFiles/milling_2.dir/C_/Program_Files/Raspberry_Pi/Pico_SDK_v1.5.1/pico-sdk/src/rp2_common/hardware_irq/irq.c.obj
                0x100019c4                irq_remove_handler
 .text.irq_add_tail_to_free_list
                0x10001b70       0xf0 CMakeFiles/milling_2.dir/C_/Program_Files/Raspberry_Pi/Pico_SDK_v1.5.1/pico-sdk/src/rp2_common/hardware_irq/irq.c.obj
                0x10001b70                irq_add_tail_to_free_list
 .text.irq_init_priorities
                0x10001c60       0x1c CMakeFiles/milling_2.dir/C_/Program_Files/Raspberry_Pi/Pico_SDK_v1.5.1/pico-sdk/src/rp2_common/hardware_irq/irq.c.obj
                0x10001c60                irq_init_priorities
 .text.user_irq_claim_unused
                0x10001c7c       0x28 CMakeFiles/milling_2.dir/C_/Program_Files/Raspberry_Pi/Pico_SDK_v1.5.1/pico-sdk/src/rp2_common/hardware_irq/irq.c.obj
                0x10001c7c                user_irq_claim_unused
 .text.lock_init
                0x10001ca4       0x10 CMakeFiles/milling_2.dir/C_/Program_Files/Raspberry_Pi/Pico_SDK_v1.5.1/pico-sdk/src/common/pico_sync/lock_core.c.obj
                0x10001ca4                lock_init
 .text.mutex_init
                0x10001cb4       0x1a CMakeFiles/milling_2.dir/C_/Program_Files/Raspberry_Pi/Pico_SDK_v1.5.1/pico-sdk/src/common/pico_sync/mutex.c.obj
                0x10001cb4                mutex_init
 .text.recursive_mutex_init
                0x10001cce       0x1e CMakeFiles/milling_2.dir/C_/Program_Files/Raspberry_Pi/Pico_SDK_v1.5.1/pico-sdk/src/common/pico_sync/mutex.c.obj
                0x10001cce                recursive_mutex_init
 .text.critical_section_init_with_lock_num
                0x10001cec       0x14 CMakeFiles/milling_2.dir/C_/Program_Files/Raspberry_Pi/Pico_SDK_v1.5.1/pico-sdk/src/common/pico_sync/critical_section.c.obj
                0x10001cec                critical_section_init_with_lock_num
 .text.critical_section_init
                0x10001d00       0x14 CMakeFiles/milling_2.dir/C_/Program_Files/Raspberry_Pi/Pico_SDK_v1.5.1/pico-sdk/src/common/pico_sync/critical_section.c.obj
                0x10001d00                critical_section_init
 .text.alarm_pool_post_alloc_init
                0x10001d14       0x40 CMakeFiles/milling_2.dir/C_/Program_Files/Raspberry_Pi/Pico_SDK_v1.5.1/pico-sdk/src/common/pico_time/time.c.obj
 .text.sleep_until_callback
                0x10001d54       0x30 CMakeFiles/milling_2.dir/C_/Program_Files/Raspberry_Pi/Pico_SDK_v1.5.1/pico-sdk/src/common/pico_time/time.c.obj
 .text.timer_pool_entry_comparator
                0x10001d84       0x7c CMakeFiles/milling_2.dir/C_/Program_Files/Raspberry_Pi/Pico_SDK_v1.5.1/pico-sdk/src/common/pico_time/time.c.obj
                0x10001d84                timer_pool_entry_comparator
 .text.ph_add_child_node
                0x10001e00       0xa4 CMakeFiles/milling_2.dir/C_/Program_Files/Raspberry_Pi/Pico_SDK_v1.5.1/pico-sdk/src/common/pico_time/time.c.obj
 .text.ph_merge_nodes
                0x10001ea4       0x3e CMakeFiles/milling_2.dir/C_/Program_Files/Raspberry_Pi/Pico_SDK_v1.5.1/pico-sdk/src/common/pico_time/time.c.obj
 *fill*         0x10001ee2        0x2 
 .text.add_alarm_under_lock
                0x10001ee4      0x174 CMakeFiles/milling_2.dir/C_/Program_Files/Raspberry_Pi/Pico_SDK_v1.5.1/pico-sdk/src/common/pico_time/time.c.obj
 .text.alarm_pool_alarm_callback
                0x10002058      0x33c CMakeFiles/milling_2.dir/C_/Program_Files/Raspberry_Pi/Pico_SDK_v1.5.1/pico-sdk/src/common/pico_time/time.c.obj
 .text.alarm_pool_init_default
                0x10002394       0x40 CMakeFiles/milling_2.dir/C_/Program_Files/Raspberry_Pi/Pico_SDK_v1.5.1/pico-sdk/src/common/pico_time/time.c.obj
                0x10002394                alarm_pool_init_default
 .text.alarm_pool_get_default
                0x100023d4       0x2c CMakeFiles/milling_2.dir/C_/Program_Files/Raspberry_Pi/Pico_SDK_v1.5.1/pico-sdk/src/common/pico_time/time.c.obj
                0x100023d4                alarm_pool_get_default
 .text.alarm_pool_add_alarm_at
                0x10002400      0x168 CMakeFiles/milling_2.dir/C_/Program_Files/Raspberry_Pi/Pico_SDK_v1.5.1/pico-sdk/src/common/pico_time/time.c.obj
                0x10002400                alarm_pool_add_alarm_at
 .text.alarm_pool_cancel_alarm
                0x10002568       0xf8 CMakeFiles/milling_2.dir/C_/Program_Files/Raspberry_Pi/Pico_SDK_v1.5.1/pico-sdk/src/common/pico_time/time.c.obj
                0x10002568                alarm_pool_cancel_alarm
 .text.alarm_pool_core_num
                0x10002660        0x4 CMakeFiles/milling_2.dir/C_/Program_Files/Raspberry_Pi/Pico_SDK_v1.5.1/pico-sdk/src/common/pico_time/time.c.obj
                0x10002660                alarm_pool_core_num
 .text.sleep_until
                0x10002664       0xfc CMakeFiles/milling_2.dir/C_/Program_Files/Raspberry_Pi/Pico_SDK_v1.5.1/pico-sdk/src/common/pico_time/time.c.obj
                0x10002664                sleep_until
 .text.sleep_us
                0x10002760       0x58 CMakeFiles/milling_2.dir/C_/Program_Files/Raspberry_Pi/Pico_SDK_v1.5.1/pico-sdk/src/common/pico_time/time.c.obj
                0x10002760                sleep_us
 .text.sleep_ms
                0x100027b8       0x14 CMakeFiles/milling_2.dir/C_/Program_Files/Raspberry_Pi/Pico_SDK_v1.5.1/pico-sdk/src/common/pico_time/time.c.obj
                0x100027b8                sleep_ms
 .text.best_effort_wfe_or_timeout
                0x100027cc       0xac CMakeFiles/milling_2.dir/C_/Program_Files/Raspberry_Pi/Pico_SDK_v1.5.1/pico-sdk/src/common/pico_time/time.c.obj
                0x100027cc                best_effort_wfe_or_timeout
 .text.hardware_alarm_irq_handler
                0x10002878       0x90 CMakeFiles/milling_2.dir/C_/Program_Files/Raspberry_Pi/Pico_SDK_v1.5.1/pico-sdk/src/rp2_common/hardware_timer/timer.c.obj
 .text.hardware_alarm_claim
                0x10002908       0x18 CMakeFiles/milling_2.dir/C_/Program_Files/Raspberry_Pi/Pico_SDK_v1.5.1/pico-sdk/src/rp2_common/hardware_timer/timer.c.obj
                0x10002908                hardware_alarm_claim
 .text.time_us_64
                0x10002920       0x18 CMakeFiles/milling_2.dir/C_/Program_Files/Raspberry_Pi/Pico_SDK_v1.5.1/pico-sdk/src/rp2_common/hardware_timer/timer.c.obj
                0x10002920                time_us_64
 .text.busy_wait_until
                0x10002938       0x28 CMakeFiles/milling_2.dir/C_/Program_Files/Raspberry_Pi/Pico_SDK_v1.5.1/pico-sdk/src/rp2_common/hardware_timer/timer.c.obj
                0x10002938                busy_wait_until
 .text.busy_wait_us
                0x10002960       0x48 CMakeFiles/milling_2.dir/C_/Program_Files/Raspberry_Pi/Pico_SDK_v1.5.1/pico-sdk/src/rp2_common/hardware_timer/timer.c.obj
                0x10002960                busy_wait_us
 .text.hardware_alarm_set_callback
                0x100029a8       0x90 CMakeFiles/milling_2.dir/C_/Program_Files/Raspberry_Pi/Pico_SDK_v1.5.1/pico-sdk/src/rp2_common/hardware_timer/timer.c.obj
                0x100029a8                hardware_alarm_set_callback
 .text.hardware_alarm_set_target
                0x10002a38       0xe8 CMakeFiles/milling_2.dir/C_/Program_Files/Raspberry_Pi/Pico_SDK_v1.5.1/pico-sdk/src/rp2_common/hardware_timer/timer.c.obj
                0x10002a38                hardware_alarm_set_target
 .text.hardware_alarm_cancel
                0x10002b20       0x40 CMakeFiles/milling_2.dir/C_/Program_Files/Raspberry_Pi/Pico_SDK_v1.5.1/pico-sdk/src/rp2_common/hardware_timer/timer.c.obj
                0x10002b20                hardware_alarm_cancel
 .text.ph_add_child_node
                0x10002b60       0xa4 CMakeFiles/milling_2.dir/C_/Program_Files/Raspberry_Pi/Pico_SDK_v1.5.1/pico-sdk/src/common/pico_util/pheap.c.obj
 .text.ph_merge_nodes
                0x10002c04       0x3e CMakeFiles/milling_2.dir/C_/Program_Files/Raspberry_Pi/Pico_SDK_v1.5.1/pico-sdk/src/common/pico_util/pheap.c.obj
 *fill*         0x10002c42        0x2 
 .text.ph_clear
                0x10002c44       0x70 CMakeFiles/milling_2.dir/C_/Program_Files/Raspberry_Pi/Pico_SDK_v1.5.1/pico-sdk/src/common/pico_util/pheap.c.obj
                0x10002c44                ph_clear
 .text.ph_post_alloc_init
                0x10002cb4        0xe CMakeFiles/milling_2.dir/C_/Program_Files/Raspberry_Pi/Pico_SDK_v1.5.1/pico-sdk/src/common/pico_util/pheap.c.obj
                0x10002cb4                ph_post_alloc_init
 *fill*         0x10002cc2        0x2 
 .text.ph_merge_two_pass
                0x10002cc4       0xa8 CMakeFiles/milling_2.dir/C_/Program_Files/Raspberry_Pi/Pico_SDK_v1.5.1/pico-sdk/src/common/pico_util/pheap.c.obj
                0x10002cc4                ph_merge_two_pass
 .text.ph_remove_any_head
                0x10002d6c      0x128 CMakeFiles/milling_2.dir/C_/Program_Files/Raspberry_Pi/Pico_SDK_v1.5.1/pico-sdk/src/common/pico_util/pheap.c.obj
 .text.ph_remove_head
                0x10002e94       0x14 CMakeFiles/milling_2.dir/C_/Program_Files/Raspberry_Pi/Pico_SDK_v1.5.1/pico-sdk/src/common/pico_util/pheap.c.obj
                0x10002e94                ph_remove_head
 .text.ph_remove_and_free_node
                0x10002ea8       0xf8 CMakeFiles/milling_2.dir/C_/Program_Files/Raspberry_Pi/Pico_SDK_v1.5.1/pico-sdk/src/common/pico_util/pheap.c.obj
                0x10002ea8                ph_remove_and_free_node
 .text.clock_configure
                0x10002fa0      0x108 CMakeFiles/milling_2.dir/C_/Program_Files/Raspberry_Pi/Pico_SDK_v1.5.1/pico-sdk/src/rp2_common/hardware_clocks/clocks.c.obj
                0x10002fa0                clock_configure
 .text.clocks_init
                0x100030a8      0x100 CMakeFiles/milling_2.dir/C_/Program_Files/Raspberry_Pi/Pico_SDK_v1.5.1/pico-sdk/src/rp2_common/hardware_clocks/clocks.c.obj
                0x100030a8                clocks_init
 .text.pll_init
                0x100031a8      0x120 CMakeFiles/milling_2.dir/C_/Program_Files/Raspberry_Pi/Pico_SDK_v1.5.1/pico-sdk/src/rp2_common/hardware_pll/pll.c.obj
                0x100031a8                pll_init
 .text.watchdog_start_tick
                0x100032c8       0x10 CMakeFiles/milling_2.dir/C_/Program_Files/Raspberry_Pi/Pico_SDK_v1.5.1/pico-sdk/src/rp2_common/hardware_watchdog/watchdog.c.obj
                0x100032c8                watchdog_start_tick
 .text.watchdog_update
                0x100032d8       0x14 CMakeFiles/milling_2.dir/C_/Program_Files/Raspberry_Pi/Pico_SDK_v1.5.1/pico-sdk/src/rp2_common/hardware_watchdog/watchdog.c.obj
                0x100032d8                watchdog_update
 .text._watchdog_enable
                0x100032ec       0x78 CMakeFiles/milling_2.dir/C_/Program_Files/Raspberry_Pi/Pico_SDK_v1.5.1/pico-sdk/src/rp2_common/hardware_watchdog/watchdog.c.obj
                0x100032ec                _watchdog_enable
 .text.watchdog_reboot
                0x10003364       0x48 CMakeFiles/milling_2.dir/C_/Program_Files/Raspberry_Pi/Pico_SDK_v1.5.1/pico-sdk/src/rp2_common/hardware_watchdog/watchdog.c.obj
                0x10003364                watchdog_reboot
 .text.xosc_init
                0x100033ac       0x28 CMakeFiles/milling_2.dir/C_/Program_Files/Raspberry_Pi/Pico_SDK_v1.5.1/pico-sdk/src/rp2_common/hardware_xosc/xosc.c.obj
                0x100033ac                xosc_init
 .text._exit    0x100033d4        0x4 CMakeFiles/milling_2.dir/C_/Program_Files/Raspberry_Pi/Pico_SDK_v1.5.1/pico-sdk/src/rp2_common/pico_runtime/runtime.c.obj
                0x100033d4                _exit
 .text._sbrk    0x100033d8       0x38 CMakeFiles/milling_2.dir/C_/Program_Files/Raspberry_Pi/Pico_SDK_v1.5.1/pico-sdk/src/rp2_common/pico_runtime/runtime.c.obj
                0x100033d8                _sbrk
 .text.exit     0x10003410        0x6 CMakeFiles/milling_2.dir/C_/Program_Files/Raspberry_Pi/Pico_SDK_v1.5.1/pico-sdk/src/rp2_common/pico_runtime/runtime.c.obj
                0x10003410                exit
 *fill*         0x10003416        0x2 
 .text.__assert_func
                0x10003418       0x3c CMakeFiles/milling_2.dir/C_/Program_Files/Raspberry_Pi/Pico_SDK_v1.5.1/pico-sdk/src/rp2_common/pico_runtime/runtime.c.obj
                0x10003418                __assert_func
 .text.runtime_init
                0x10003454       0xf8 CMakeFiles/milling_2.dir/C_/Program_Files/Raspberry_Pi/Pico_SDK_v1.5.1/pico-sdk/src/rp2_common/pico_runtime/runtime.c.obj
                0x10003454                runtime_init
 .text.panic    0x1000354c       0x30 CMakeFiles/milling_2.dir/C_/Program_Files/Raspberry_Pi/Pico_SDK_v1.5.1/pico-sdk/src/rp2_common/pico_runtime/runtime.c.obj
                0x1000354c                panic
 .text._out_null
                0x1000357c        0x2 CMakeFiles/milling_2.dir/C_/Program_Files/Raspberry_Pi/Pico_SDK_v1.5.1/pico-sdk/src/rp2_common/pico_printf/printf.c.obj
 .text._out_fct
                0x1000357e        0xe CMakeFiles/milling_2.dir/C_/Program_Files/Raspberry_Pi/Pico_SDK_v1.5.1/pico-sdk/src/rp2_common/pico_printf/printf.c.obj
 .text._atoi    0x1000358c       0x24 CMakeFiles/milling_2.dir/C_/Program_Files/Raspberry_Pi/Pico_SDK_v1.5.1/pico-sdk/src/rp2_common/pico_printf/printf.c.obj
 .text._out_rev
                0x100035b0       0xae CMakeFiles/milling_2.dir/C_/Program_Files/Raspberry_Pi/Pico_SDK_v1.5.1/pico-sdk/src/rp2_common/pico_printf/printf.c.obj
 .text._ntoa_format
                0x1000365e      0x112 CMakeFiles/milling_2.dir/C_/Program_Files/Raspberry_Pi/Pico_SDK_v1.5.1/pico-sdk/src/rp2_common/pico_printf/printf.c.obj
 .text._ntoa_long
                0x10003770       0xbc CMakeFiles/milling_2.dir/C_/Program_Files/Raspberry_Pi/Pico_SDK_v1.5.1/pico-sdk/src/rp2_common/pico_printf/printf.c.obj
 .text._ntoa_long_long
                0x1000382c       0xe2 CMakeFiles/milling_2.dir/C_/Program_Files/Raspberry_Pi/Pico_SDK_v1.5.1/pico-sdk/src/rp2_common/pico_printf/printf.c.obj
 *fill*         0x1000390e        0x2 
 .text._etoa    0x10003910      0x414 CMakeFiles/milling_2.dir/C_/Program_Files/Raspberry_Pi/Pico_SDK_v1.5.1/pico-sdk/src/rp2_common/pico_printf/printf.c.obj
 .text._ftoa    0x10003d24      0x354 CMakeFiles/milling_2.dir/C_/Program_Files/Raspberry_Pi/Pico_SDK_v1.5.1/pico-sdk/src/rp2_common/pico_printf/printf.c.obj
 .text._vsnprintf
                0x10004078      0x624 CMakeFiles/milling_2.dir/C_/Program_Files/Raspberry_Pi/Pico_SDK_v1.5.1/pico-sdk/src/rp2_common/pico_printf/printf.c.obj
 .text.vfctprintf
                0x1000469c       0x20 CMakeFiles/milling_2.dir/C_/Program_Files/Raspberry_Pi/Pico_SDK_v1.5.1/pico-sdk/src/rp2_common/pico_printf/printf.c.obj
                0x1000469c                vfctprintf
 .text          0x100046bc       0x10 CMakeFiles/milling_2.dir/C_/Program_Files/Raspberry_Pi/Pico_SDK_v1.5.1/pico-sdk/src/rp2_common/pico_bit_ops/bit_ops_aeabi.S.obj
 .text.rom_func_lookup
                0x100046cc       0x10 CMakeFiles/milling_2.dir/C_/Program_Files/Raspberry_Pi/Pico_SDK_v1.5.1/pico-sdk/src/rp2_common/pico_bootrom/bootrom.c.obj
                0x100046cc                rom_func_lookup
 .text.rom_data_lookup
                0x100046dc       0x10 CMakeFiles/milling_2.dir/C_/Program_Files/Raspberry_Pi/Pico_SDK_v1.5.1/pico-sdk/src/rp2_common/pico_bootrom/bootrom.c.obj
                0x100046dc                rom_data_lookup
 .text.rom_funcs_lookup
                0x100046ec       0x36 CMakeFiles/milling_2.dir/C_/Program_Files/Raspberry_Pi/Pico_SDK_v1.5.1/pico-sdk/src/rp2_common/pico_bootrom/bootrom.c.obj
                0x100046ec                rom_funcs_lookup
 *fill*         0x10004722        0x2 
 .text.__wrap___aeabi_idiv
                0x10004724       0x50 CMakeFiles/milling_2.dir/C_/Program_Files/Raspberry_Pi/Pico_SDK_v1.5.1/pico-sdk/src/rp2_common/pico_divider/divider.S.obj
                0x10004724                __wrap___aeabi_idivmod
                0x10004724                divmod_s32s32
                0x10004724                div_s32s32
                0x10004724                __wrap___aeabi_idiv
                0x1000472c                divmod_s32s32_unsafe
                0x10004758                divmod_s32s32_savestate
 .text.__wrap___aeabi_uidiv
                0x10004774       0x4c CMakeFiles/milling_2.dir/C_/Program_Files/Raspberry_Pi/Pico_SDK_v1.5.1/pico-sdk/src/rp2_common/pico_divider/divider.S.obj
                0x10004774                __wrap___aeabi_uidiv
                0x10004774                __wrap___aeabi_uidivmod
                0x10004774                div_u32u32
                0x10004774                divmod_u32u32
                0x1000477c                divmod_u32u32_unsafe
                0x100047a4                divmod_u32u32_savestate
 .text.__wrap___aeabi_ldiv
                0x100047c0      0x424 CMakeFiles/milling_2.dir/C_/Program_Files/Raspberry_Pi/Pico_SDK_v1.5.1/pico-sdk/src/rp2_common/pico_divider/divider.S.obj
                0x100047c0                div_s64s64
                0x100047c0                divmod_s64s64
                0x100047c0                __wrap___aeabi_ldivmod
                0x100047f0                divmod_u64u64
                0x100047f0                div_u64u64
                0x100047f0                __wrap___aeabi_uldivmod
                0x10004800                divmod_u64u64_savestate
                0x10004820                divmod_s64s64_unsafe
                0x100048a8                divmod_u64u64_unsafe
 .text.__wrap___aeabi_darithmetic
                0x10004be4       0x80 CMakeFiles/milling_2.dir/C_/Program_Files/Raspberry_Pi/Pico_SDK_v1.5.1/pico-sdk/src/rp2_common/pico_double/double_aeabi.S.obj
                0x10004be4                __wrap___aeabi_drsub
                0x10004bea                __wrap___aeabi_dsub
                0x10004bfc                __wrap___aeabi_dadd
                0x10004c0e                __wrap___aeabi_ddiv
                0x10004c4a                __wrap___aeabi_dmul
 .text.__wrap___aeabi_cdcmple
                0x10004c64       0x6c CMakeFiles/milling_2.dir/C_/Program_Files/Raspberry_Pi/Pico_SDK_v1.5.1/pico-sdk/src/rp2_common/pico_double/double_aeabi.S.obj
                0x10004c64                __wrap___aeabi_cdrcmple
                0x10004c74                __wrap___aeabi_cdcmpeq
                0x10004c74                __wrap___aeabi_cdcmple
 .text.__wrap___aeabi_dcmpeq
                0x10004cd0       0x10 CMakeFiles/milling_2.dir/C_/Program_Files/Raspberry_Pi/Pico_SDK_v1.5.1/pico-sdk/src/rp2_common/pico_double/double_aeabi.S.obj
                0x10004cd0                __wrap___aeabi_dcmpeq
 .text.__wrap___aeabi_dcmplt
                0x10004ce0        0xc CMakeFiles/milling_2.dir/C_/Program_Files/Raspberry_Pi/Pico_SDK_v1.5.1/pico-sdk/src/rp2_common/pico_double/double_aeabi.S.obj
                0x10004ce0                __wrap___aeabi_dcmplt
 .text.__wrap___aeabi_dcmple
                0x10004cec       0x10 CMakeFiles/milling_2.dir/C_/Program_Files/Raspberry_Pi/Pico_SDK_v1.5.1/pico-sdk/src/rp2_common/pico_double/double_aeabi.S.obj
                0x10004cec                __wrap___aeabi_dcmple
 .text.__wrap___aeabi_dcmpge
                0x10004cfc       0x10 CMakeFiles/milling_2.dir/C_/Program_Files/Raspberry_Pi/Pico_SDK_v1.5.1/pico-sdk/src/rp2_common/pico_double/double_aeabi.S.obj
                0x10004cfc                __wrap___aeabi_dcmpge
 .text.__wrap___aeabi_dcmpgt
                0x10004d0c        0xa CMakeFiles/milling_2.dir/C_/Program_Files/Raspberry_Pi/Pico_SDK_v1.5.1/pico-sdk/src/rp2_common/pico_double/double_aeabi.S.obj
                0x10004d0c                __wrap___aeabi_dcmpgt
 .text.__wrap___aeabi_dcmpun
                0x10004d16       0x1c CMakeFiles/milling_2.dir/C_/Program_Files/Raspberry_Pi/Pico_SDK_v1.5.1/pico-sdk/src/rp2_common/pico_double/double_aeabi.S.obj
                0x10004d16                __wrap___aeabi_dcmpun
 *fill*         0x10004d32        0x2 
 .text.__wrap___aeabi_i2d
                0x10004d34       0x38 CMakeFiles/milling_2.dir/C_/Program_Files/Raspberry_Pi/Pico_SDK_v1.5.1/pico-sdk/src/rp2_common/pico_double/double_aeabi.S.obj
                0x10004d34                __wrap___aeabi_ui2d
                0x10004d3c                __wrap___aeabi_i2d
 .text.__wrap___aeabi_d2iz
                0x10004d6c       0x48 CMakeFiles/milling_2.dir/C_/Program_Files/Raspberry_Pi/Pico_SDK_v1.5.1/pico-sdk/src/rp2_common/pico_double/double_aeabi.S.obj
                0x10004d6c                double2int_z
                0x10004d6c                __wrap___aeabi_d2iz
 .text.__wrap___aeabi_d2uiz
                0x10004db4       0x18 CMakeFiles/milling_2.dir/C_/Program_Files/Raspberry_Pi/Pico_SDK_v1.5.1/pico-sdk/src/rp2_common/pico_double/double_aeabi.S.obj
                0x10004db4                __wrap___aeabi_d2uiz
                0x10004db4                double2uint
 .text.__wrap___aeabi_l2d
                0x10004dcc       0x18 CMakeFiles/milling_2.dir/C_/Program_Files/Raspberry_Pi/Pico_SDK_v1.5.1/pico-sdk/src/rp2_common/pico_double/double_aeabi.S.obj
                0x10004dcc                __wrap___aeabi_l2d
 .text.__wrap___aeabi_d2lz
                0x10004de4       0x26 CMakeFiles/milling_2.dir/C_/Program_Files/Raspberry_Pi/Pico_SDK_v1.5.1/pico-sdk/src/rp2_common/pico_double/double_aeabi.S.obj
                0x10004de4                double2int64_z
                0x10004de4                __wrap___aeabi_d2lz
 *fill*         0x10004e0a        0x2 
 .text.double2int64
                0x10004e0c       0x18 CMakeFiles/milling_2.dir/C_/Program_Files/Raspberry_Pi/Pico_SDK_v1.5.1/pico-sdk/src/rp2_common/pico_double/double_aeabi.S.obj
                0x10004e0c                double2int64
 .text.double2ufix64
                0x10004e24       0x18 CMakeFiles/milling_2.dir/C_/Program_Files/Raspberry_Pi/Pico_SDK_v1.5.1/pico-sdk/src/rp2_common/pico_double/double_aeabi.S.obj
                0x10004e24                double2ufix64
 .text.__wrap___aeabi_d2f
                0x10004e3c       0x18 CMakeFiles/milling_2.dir/C_/Program_Files/Raspberry_Pi/Pico_SDK_v1.5.1/pico-sdk/src/rp2_common/pico_double/double_aeabi.S.obj
                0x10004e3c                __wrap___aeabi_d2f
 .text.__aeabi_double_init
                0x10004e54       0xc8 CMakeFiles/milling_2.dir/C_/Program_Files/Raspberry_Pi/Pico_SDK_v1.5.1/pico-sdk/src/rp2_common/pico_double/double_init_rom.c.obj
                0x10004e54                __aeabi_double_init
 .text.double_table_shim_on_use_helper
                0x10004f1c       0x34 CMakeFiles/milling_2.dir/C_/Program_Files/Raspberry_Pi/Pico_SDK_v1.5.1/pico-sdk/src/rp2_common/pico_double/double_v1_rom_shim.S.obj
                0x10004f1c                double_table_shim_on_use_helper
 .text.__wrap___aeabi_dsub
                0x10004f50       0x10 CMakeFiles/milling_2.dir/C_/Program_Files/Raspberry_Pi/Pico_SDK_v1.5.1/pico-sdk/src/rp2_common/pico_double/double_v1_rom_shim.S.obj
                0x10004f50                drsub_shim
                0x10004f56                dsub_shim
 .text.dadd_shim
                0x10004f60      0x15c CMakeFiles/milling_2.dir/C_/Program_Files/Raspberry_Pi/Pico_SDK_v1.5.1/pico-sdk/src/rp2_common/pico_double/double_v1_rom_shim.S.obj
                0x10004f60                dadd_shim
 .text.dmul_shim
                0x100050bc      0x15c CMakeFiles/milling_2.dir/C_/Program_Files/Raspberry_Pi/Pico_SDK_v1.5.1/pico-sdk/src/rp2_common/pico_double/double_v1_rom_shim.S.obj
                0x100050bc                dmul_shim
 .text.ddiv_shim
                0x10005218      0x1b0 CMakeFiles/milling_2.dir/C_/Program_Files/Raspberry_Pi/Pico_SDK_v1.5.1/pico-sdk/src/rp2_common/pico_double/double_v1_rom_shim.S.obj
                0x10005218                ddiv_shim
 .text.double2uint_shim
                0x100053c8        0xe CMakeFiles/milling_2.dir/C_/Program_Files/Raspberry_Pi/Pico_SDK_v1.5.1/pico-sdk/src/rp2_common/pico_double/double_v1_rom_shim.S.obj
                0x100053c8                double2uint_shim
                0x100053ca                double2ufix_shim
 .text.double2int64_shim
                0x100053d6       0x1a CMakeFiles/milling_2.dir/C_/Program_Files/Raspberry_Pi/Pico_SDK_v1.5.1/pico-sdk/src/rp2_common/pico_double/double_v1_rom_shim.S.obj
                0x100053d6                double2int64_shim
                0x100053d8                double2fix64_shim
 .text.double2uint64_shim
                0x100053f0       0x70 CMakeFiles/milling_2.dir/C_/Program_Files/Raspberry_Pi/Pico_SDK_v1.5.1/pico-sdk/src/rp2_common/pico_double/double_v1_rom_shim.S.obj
                0x100053f0                double2uint64_shim
                0x100053f2                double2ufix64_shim
                0x10005412                d2fix_a
 .text.double2float_shim
                0x10005460       0x5c CMakeFiles/milling_2.dir/C_/Program_Files/Raspberry_Pi/Pico_SDK_v1.5.1/pico-sdk/src/rp2_common/pico_double/double_v1_rom_shim.S.obj
                0x10005460                double2float_shim
 .text.x2double_shims
                0x100054bc       0x90 CMakeFiles/milling_2.dir/C_/Program_Files/Raspberry_Pi/Pico_SDK_v1.5.1/pico-sdk/src/rp2_common/pico_double/double_v1_rom_shim.S.obj
                0x100054bc                uint2double_shim
                0x100054be                ufix2double_shim
                0x100054c4                int2double_shim
                0x100054c6                fix2double_shim
                0x100054cc                uint642double_shim
                0x100054ce                ufix642double_shim
                0x100054d4                int642double_shim
                0x100054d6                fix642double_shim
 .text.dunpacks
                0x1000554c       0x3c CMakeFiles/milling_2.dir/C_/Program_Files/Raspberry_Pi/Pico_SDK_v1.5.1/pico-sdk/src/rp2_common/pico_double/double_v1_rom_shim.S.obj
                0x1000554c                dunpacks
 .text.__aeabi_lmul
                0x10005588       0x32 CMakeFiles/milling_2.dir/C_/Program_Files/Raspberry_Pi/Pico_SDK_v1.5.1/pico-sdk/src/rp2_common/pico_int64_ops/pico_int64_ops_aeabi.S.obj
                0x10005588                __wrap___aeabi_lmul
 *fill*         0x100055ba        0x2 
 .text.__wrap___aeabi_cfcmple
                0x100055bc       0x50 CMakeFiles/milling_2.dir/C_/Program_Files/Raspberry_Pi/Pico_SDK_v1.5.1/pico-sdk/src/rp2_common/pico_float/float_aeabi.S.obj
                0x100055bc                __wrap___aeabi_cfrcmple
                0x100055c8                __wrap___aeabi_cfcmple
                0x100055c8                __wrap___aeabi_cfcmpeq
 .text.__wrap___aeabi_fcmple
                0x1000560c       0x10 CMakeFiles/milling_2.dir/C_/Program_Files/Raspberry_Pi/Pico_SDK_v1.5.1/pico-sdk/src/rp2_common/pico_float/float_aeabi.S.obj
                0x1000560c                __wrap___aeabi_fcmple
 .text.__wrap___aeabi_fcmpun
                0x1000561c       0x18 CMakeFiles/milling_2.dir/C_/Program_Files/Raspberry_Pi/Pico_SDK_v1.5.1/pico-sdk/src/rp2_common/pico_float/float_aeabi.S.obj
                0x1000561c                __wrap___aeabi_fcmpun
 .text.__wrap___aeabi_f2iz
                0x10005634       0x4e CMakeFiles/milling_2.dir/C_/Program_Files/Raspberry_Pi/Pico_SDK_v1.5.1/pico-sdk/src/rp2_common/pico_float/float_aeabi.S.obj
                0x10005634                float2int_z
                0x10005634                __wrap___aeabi_f2iz
 *fill*         0x10005682        0x2 
 .text.float2int
                0x10005684       0x14 CMakeFiles/milling_2.dir/C_/Program_Files/Raspberry_Pi/Pico_SDK_v1.5.1/pico-sdk/src/rp2_common/pico_float/float_aeabi.S.obj
                0x10005684                float2int
 .text.__wrap___aeabi_f2uiz
                0x10005698       0x10 CMakeFiles/milling_2.dir/C_/Program_Files/Raspberry_Pi/Pico_SDK_v1.5.1/pico-sdk/src/rp2_common/pico_float/float_aeabi.S.obj
                0x10005698                __wrap___aeabi_f2uiz
 .text.__aeabi_float_init
                0x100056a8       0xfc CMakeFiles/milling_2.dir/C_/Program_Files/Raspberry_Pi/Pico_SDK_v1.5.1/pico-sdk/src/rp2_common/pico_float/float_init_rom.c.obj
                0x100056a8                __aeabi_float_init
 .text.float_table_shim_on_use_helper
                0x100057a4       0x34 CMakeFiles/milling_2.dir/C_/Program_Files/Raspberry_Pi/Pico_SDK_v1.5.1/pico-sdk/src/rp2_common/pico_float/float_v1_rom_shim.S.obj
                0x100057a4                float_table_shim_on_use_helper
 .text.float232_shims
                0x100057d8       0x18 CMakeFiles/milling_2.dir/C_/Program_Files/Raspberry_Pi/Pico_SDK_v1.5.1/pico-sdk/src/rp2_common/pico_float/float_v1_rom_shim.S.obj
                0x100057d8                float2int_shim
                0x100057da                float2fix_shim
 .text          0x100057f0       0x10 CMakeFiles/milling_2.dir/C_/Program_Files/Raspberry_Pi/Pico_SDK_v1.5.1/pico-sdk/src/rp2_common/pico_mem_ops/mem_ops_aeabi.S.obj
                0x100057f0                __aeabi_mem_init
 .text.memset   0x10005800        0xc CMakeFiles/milling_2.dir/C_/Program_Files/Raspberry_Pi/Pico_SDK_v1.5.1/pico-sdk/src/rp2_common/pico_mem_ops/mem_ops_aeabi.S.obj
                0x10005800                __wrap_memset
 .text.memcpy   0x1000580c        0xc CMakeFiles/milling_2.dir/C_/Program_Files/Raspberry_Pi/Pico_SDK_v1.5.1/pico-sdk/src/rp2_common/pico_mem_ops/mem_ops_aeabi.S.obj
                0x1000580c                __wrap_memcpy
                0x1000580c                __wrap___aeabi_memcpy
 .text.stdio_out_chars_no_crlf
                0x10005818        0xe CMakeFiles/milling_2.dir/C_/Program_Files/Raspberry_Pi/Pico_SDK_v1.5.1/pico-sdk/src/rp2_common/pico_stdio/stdio.c.obj
 *fill*         0x10005826        0x2 
 .text.stdio_out_chars_crlf
                0x10005828       0x80 CMakeFiles/milling_2.dir/C_/Program_Files/Raspberry_Pi/Pico_SDK_v1.5.1/pico-sdk/src/rp2_common/pico_stdio/stdio.c.obj
 .text.stdio_stack_buffer_flush
                0x100058a8       0x44 CMakeFiles/milling_2.dir/C_/Program_Files/Raspberry_Pi/Pico_SDK_v1.5.1/pico-sdk/src/rp2_common/pico_stdio/stdio.c.obj
 .text.stdio_buffered_printer
                0x100058ec       0x20 CMakeFiles/milling_2.dir/C_/Program_Files/Raspberry_Pi/Pico_SDK_v1.5.1/pico-sdk/src/rp2_common/pico_stdio/stdio.c.obj
 .text.stdio_get_until
                0x1000590c       0x80 CMakeFiles/milling_2.dir/C_/Program_Files/Raspberry_Pi/Pico_SDK_v1.5.1/pico-sdk/src/rp2_common/pico_stdio/stdio.c.obj
 .text.stdout_serialize_begin
                0x1000598c       0x5c CMakeFiles/milling_2.dir/C_/Program_Files/Raspberry_Pi/Pico_SDK_v1.5.1/pico-sdk/src/rp2_common/pico_stdio/stdio.c.obj
                0x1000598c                stdout_serialize_begin
 .text.stdout_serialize_end
                0x100059e8       0x10 CMakeFiles/milling_2.dir/C_/Program_Files/Raspberry_Pi/Pico_SDK_v1.5.1/pico-sdk/src/rp2_common/pico_stdio/stdio.c.obj
                0x100059e8                stdout_serialize_end
 .text.stdio_put_string
                0x100059f8       0x98 CMakeFiles/milling_2.dir/C_/Program_Files/Raspberry_Pi/Pico_SDK_v1.5.1/pico-sdk/src/rp2_common/pico_stdio/stdio.c.obj
 .text.__wrap_putchar
                0x10005a90       0x1c CMakeFiles/milling_2.dir/C_/Program_Files/Raspberry_Pi/Pico_SDK_v1.5.1/pico-sdk/src/rp2_common/pico_stdio/stdio.c.obj
                0x10005a90                __wrap_putchar
 .text.stdio_set_driver_enabled
                0x10005aac       0x2c CMakeFiles/milling_2.dir/C_/Program_Files/Raspberry_Pi/Pico_SDK_v1.5.1/pico-sdk/src/rp2_common/pico_stdio/stdio.c.obj
                0x10005aac                stdio_set_driver_enabled
 .text.stdio_flush
                0x10005ad8       0x20 CMakeFiles/milling_2.dir/C_/Program_Files/Raspberry_Pi/Pico_SDK_v1.5.1/pico-sdk/src/rp2_common/pico_stdio/stdio.c.obj
                0x10005ad8                stdio_flush
 .text.__wrap_puts
                0x10005af8       0x1e CMakeFiles/milling_2.dir/C_/Program_Files/Raspberry_Pi/Pico_SDK_v1.5.1/pico-sdk/src/rp2_common/pico_stdio/stdio.c.obj
                0x10005af8                __wrap_puts
 *fill*         0x10005b16        0x2 
 .text.__wrap_vprintf
                0x10005b18       0x40 CMakeFiles/milling_2.dir/C_/Program_Files/Raspberry_Pi/Pico_SDK_v1.5.1/pico-sdk/src/rp2_common/pico_stdio/stdio.c.obj
                0x10005b18                __wrap_vprintf
 .text.__wrap_printf
                0x10005b58       0x18 CMakeFiles/milling_2.dir/C_/Program_Files/Raspberry_Pi/Pico_SDK_v1.5.1/pico-sdk/src/rp2_common/pico_stdio/stdio.c.obj
                0x10005b58                __wrap_printf
 .text.stdio_init_all
                0x10005b70        0x8 CMakeFiles/milling_2.dir/C_/Program_Files/Raspberry_Pi/Pico_SDK_v1.5.1/pico-sdk/src/rp2_common/pico_stdio/stdio.c.obj
                0x10005b70                stdio_init_all
 .text.getchar_timeout_us
                0x10005b78       0x80 CMakeFiles/milling_2.dir/C_/Program_Files/Raspberry_Pi/Pico_SDK_v1.5.1/pico-sdk/src/rp2_common/pico_stdio/stdio.c.obj
                0x10005b78                getchar_timeout_us
 .text.resetd_init
                0x10005bf8        0x2 CMakeFiles/milling_2.dir/C_/Program_Files/Raspberry_Pi/Pico_SDK_v1.5.1/pico-sdk/src/rp2_common/pico_stdio_usb/reset_interface.c.obj
 *fill*         0x10005bfa        0x2 
 .text.resetd_reset
                0x10005bfc        0xc CMakeFiles/milling_2.dir/C_/Program_Files/Raspberry_Pi/Pico_SDK_v1.5.1/pico-sdk/src/rp2_common/pico_stdio_usb/reset_interface.c.obj
 .text.resetd_open
                0x10005c08       0x34 CMakeFiles/milling_2.dir/C_/Program_Files/Raspberry_Pi/Pico_SDK_v1.5.1/pico-sdk/src/rp2_common/pico_stdio_usb/reset_interface.c.obj
 .text.resetd_xfer_cb
                0x10005c3c        0x4 CMakeFiles/milling_2.dir/C_/Program_Files/Raspberry_Pi/Pico_SDK_v1.5.1/pico-sdk/src/rp2_common/pico_stdio_usb/reset_interface.c.obj
 .text.reset_usb_boot
                0x10005c40       0x18 CMakeFiles/milling_2.dir/C_/Program_Files/Raspberry_Pi/Pico_SDK_v1.5.1/pico-sdk/src/rp2_common/pico_stdio_usb/reset_interface.c.obj
 .text.resetd_control_xfer_cb
                0x10005c58       0x5c CMakeFiles/milling_2.dir/C_/Program_Files/Raspberry_Pi/Pico_SDK_v1.5.1/pico-sdk/src/rp2_common/pico_stdio_usb/reset_interface.c.obj
 .text.usbd_app_driver_get_cb
                0x10005cb4        0xc CMakeFiles/milling_2.dir/C_/Program_Files/Raspberry_Pi/Pico_SDK_v1.5.1/pico-sdk/src/rp2_common/pico_stdio_usb/reset_interface.c.obj
                0x10005cb4                usbd_app_driver_get_cb
 .text.tud_cdc_line_coding_cb
                0x10005cc0       0x28 CMakeFiles/milling_2.dir/C_/Program_Files/Raspberry_Pi/Pico_SDK_v1.5.1/pico-sdk/src/rp2_common/pico_stdio_usb/reset_interface.c.obj
                0x10005cc0                tud_cdc_line_coding_cb
 .text.stdio_usb_set_chars_available_callback
                0x10005ce8       0x14 CMakeFiles/milling_2.dir/C_/Program_Files/Raspberry_Pi/Pico_SDK_v1.5.1/pico-sdk/src/rp2_common/pico_stdio_usb/stdio_usb.c.obj
                0x10005ce8                stdio_usb_set_chars_available_callback
 .text.usb_irq  0x10005cfc       0x10 CMakeFiles/milling_2.dir/C_/Program_Files/Raspberry_Pi/Pico_SDK_v1.5.1/pico-sdk/src/rp2_common/pico_stdio_usb/stdio_usb.c.obj
 .text.timer_task
                0x10005d0c       0x5c CMakeFiles/milling_2.dir/C_/Program_Files/Raspberry_Pi/Pico_SDK_v1.5.1/pico-sdk/src/rp2_common/pico_stdio_usb/stdio_usb.c.obj
 .text.low_priority_worker_irq
                0x10005d68       0xdc CMakeFiles/milling_2.dir/C_/Program_Files/Raspberry_Pi/Pico_SDK_v1.5.1/pico-sdk/src/rp2_common/pico_stdio_usb/stdio_usb.c.obj
 .text.tud_cdc_rx_cb
                0x10005e44       0x20 CMakeFiles/milling_2.dir/C_/Program_Files/Raspberry_Pi/Pico_SDK_v1.5.1/pico-sdk/src/rp2_common/pico_stdio_usb/stdio_usb.c.obj
                0x10005e44                tud_cdc_rx_cb
 .text.stdio_usb_init
                0x10005e64      0x11c CMakeFiles/milling_2.dir/C_/Program_Files/Raspberry_Pi/Pico_SDK_v1.5.1/pico-sdk/src/rp2_common/pico_stdio_usb/stdio_usb.c.obj
                0x10005e64                stdio_usb_init
 .text.stdio_usb_connected
                0x10005f80        0xa CMakeFiles/milling_2.dir/C_/Program_Files/Raspberry_Pi/Pico_SDK_v1.5.1/pico-sdk/src/rp2_common/pico_stdio_usb/stdio_usb.c.obj
                0x10005f80                stdio_usb_connected
 *fill*         0x10005f8a        0x2 
 .text.stdio_usb_in_chars
                0x10005f8c       0xc4 CMakeFiles/milling_2.dir/C_/Program_Files/Raspberry_Pi/Pico_SDK_v1.5.1/pico-sdk/src/rp2_common/pico_stdio_usb/stdio_usb.c.obj
                0x10005f8c                stdio_usb_in_chars
 .text.stdio_usb_out_chars
                0x10006050      0x114 CMakeFiles/milling_2.dir/C_/Program_Files/Raspberry_Pi/Pico_SDK_v1.5.1/pico-sdk/src/rp2_common/pico_stdio_usb/stdio_usb.c.obj
 .text.tud_descriptor_device_cb
                0x10006164        0x8 CMakeFiles/milling_2.dir/C_/Program_Files/Raspberry_Pi/Pico_SDK_v1.5.1/pico-sdk/src/rp2_common/pico_stdio_usb/stdio_usb_descriptors.c.obj
                0x10006164                tud_descriptor_device_cb
 .text.tud_descriptor_configuration_cb
                0x1000616c        0x8 CMakeFiles/milling_2.dir/C_/Program_Files/Raspberry_Pi/Pico_SDK_v1.5.1/pico-sdk/src/rp2_common/pico_stdio_usb/stdio_usb_descriptors.c.obj
                0x1000616c                tud_descriptor_configuration_cb
 .text.tud_descriptor_string_cb
                0x10006174       0x6c CMakeFiles/milling_2.dir/C_/Program_Files/Raspberry_Pi/Pico_SDK_v1.5.1/pico-sdk/src/rp2_common/pico_stdio_usb/stdio_usb_descriptors.c.obj
                0x10006174                tud_descriptor_string_cb
 .text._retrieve_unique_id_on_boot
                0x100061e0       0x10 CMakeFiles/milling_2.dir/C_/Program_Files/Raspberry_Pi/Pico_SDK_v1.5.1/pico-sdk/src/rp2_common/pico_unique_id/unique_id.c.obj
 .text.pico_get_unique_board_id_string
                0x100061f0       0x60 CMakeFiles/milling_2.dir/C_/Program_Files/Raspberry_Pi/Pico_SDK_v1.5.1/pico-sdk/src/rp2_common/pico_unique_id/unique_id.c.obj
                0x100061f0                pico_get_unique_board_id_string
 .text.flash_get_unique_id
                0x10006250       0x46 CMakeFiles/milling_2.dir/C_/Program_Files/Raspberry_Pi/Pico_SDK_v1.5.1/pico-sdk/src/rp2_common/hardware_flash/flash.c.obj
                0x10006250                flash_get_unique_id
 *fill*         0x10006296        0x2 
 .text.hw_endpoint_get_by_addr
                0x10006298       0x18 CMakeFiles/milling_2.dir/C_/Program_Files/Raspberry_Pi/Pico_SDK_v1.5.1/pico-sdk/lib/tinyusb/src/portable/raspberrypi/rp2040/dcd_rp2040.c.obj
 .text._hw_endpoint_alloc
                0x100062b0       0x70 CMakeFiles/milling_2.dir/C_/Program_Files/Raspberry_Pi/Pico_SDK_v1.5.1/pico-sdk/lib/tinyusb/src/portable/raspberrypi/rp2040/dcd_rp2040.c.obj
 .text.hw_endpoint_init
                0x10006320       0x88 CMakeFiles/milling_2.dir/C_/Program_Files/Raspberry_Pi/Pico_SDK_v1.5.1/pico-sdk/lib/tinyusb/src/portable/raspberrypi/rp2040/dcd_rp2040.c.obj
 .text.hw_endpoint_xfer
                0x100063a8       0x14 CMakeFiles/milling_2.dir/C_/Program_Files/Raspberry_Pi/Pico_SDK_v1.5.1/pico-sdk/lib/tinyusb/src/portable/raspberrypi/rp2040/dcd_rp2040.c.obj
 .text.dcd_int_enable
                0x100063bc       0x2c CMakeFiles/milling_2.dir/C_/Program_Files/Raspberry_Pi/Pico_SDK_v1.5.1/pico-sdk/lib/tinyusb/src/portable/raspberrypi/rp2040/dcd_rp2040.c.obj
                0x100063bc                dcd_int_enable
 .text.dcd_set_address
                0x100063e8       0x2c CMakeFiles/milling_2.dir/C_/Program_Files/Raspberry_Pi/Pico_SDK_v1.5.1/pico-sdk/lib/tinyusb/src/portable/raspberrypi/rp2040/dcd_rp2040.c.obj
                0x100063e8                dcd_set_address
 .text.dcd_connect
                0x10006414       0x10 CMakeFiles/milling_2.dir/C_/Program_Files/Raspberry_Pi/Pico_SDK_v1.5.1/pico-sdk/lib/tinyusb/src/portable/raspberrypi/rp2040/dcd_rp2040.c.obj
                0x10006414                dcd_connect
 .text.dcd_init
                0x10006424       0x80 CMakeFiles/milling_2.dir/C_/Program_Files/Raspberry_Pi/Pico_SDK_v1.5.1/pico-sdk/lib/tinyusb/src/portable/raspberrypi/rp2040/dcd_rp2040.c.obj
                0x10006424                dcd_init
 .text.dcd_edpt0_status_complete
                0x100064a4       0x1c CMakeFiles/milling_2.dir/C_/Program_Files/Raspberry_Pi/Pico_SDK_v1.5.1/pico-sdk/lib/tinyusb/src/portable/raspberrypi/rp2040/dcd_rp2040.c.obj
                0x100064a4                dcd_edpt0_status_complete
 .text.dcd_edpt_open
                0x100064c0       0x40 CMakeFiles/milling_2.dir/C_/Program_Files/Raspberry_Pi/Pico_SDK_v1.5.1/pico-sdk/lib/tinyusb/src/portable/raspberrypi/rp2040/dcd_rp2040.c.obj
                0x100064c0                dcd_edpt_open
 .text.dcd_edpt_close_all
                0x10006500        0x8 CMakeFiles/milling_2.dir/C_/Program_Files/Raspberry_Pi/Pico_SDK_v1.5.1/pico-sdk/lib/tinyusb/src/portable/raspberrypi/rp2040/dcd_rp2040.c.obj
                0x10006500                dcd_edpt_close_all
 .text.dcd_edpt_xfer
                0x10006508       0x34 CMakeFiles/milling_2.dir/C_/Program_Files/Raspberry_Pi/Pico_SDK_v1.5.1/pico-sdk/lib/tinyusb/src/portable/raspberrypi/rp2040/dcd_rp2040.c.obj
                0x10006508                dcd_edpt_xfer
 .text.dcd_edpt_stall
                0x1000653c       0x2c CMakeFiles/milling_2.dir/C_/Program_Files/Raspberry_Pi/Pico_SDK_v1.5.1/pico-sdk/lib/tinyusb/src/portable/raspberrypi/rp2040/dcd_rp2040.c.obj
                0x1000653c                dcd_edpt_stall
 .text.dcd_edpt_clear_stall
                0x10006568       0x20 CMakeFiles/milling_2.dir/C_/Program_Files/Raspberry_Pi/Pico_SDK_v1.5.1/pico-sdk/lib/tinyusb/src/portable/raspberrypi/rp2040/dcd_rp2040.c.obj
                0x10006568                dcd_edpt_clear_stall
 .text.rp2040_usb_init
                0x10006588       0x4c CMakeFiles/milling_2.dir/C_/Program_Files/Raspberry_Pi/Pico_SDK_v1.5.1/pico-sdk/lib/tinyusb/src/portable/raspberrypi/rp2040/rp2040_usb.c.obj
                0x10006588                rp2040_usb_init
 .text.hw_endpoint_xfer_start
                0x100065d4       0x50 CMakeFiles/milling_2.dir/C_/Program_Files/Raspberry_Pi/Pico_SDK_v1.5.1/pico-sdk/lib/tinyusb/src/portable/raspberrypi/rp2040/rp2040_usb.c.obj
                0x100065d4                hw_endpoint_xfer_start
 .text.configuration_reset
                0x10006624       0x84 CMakeFiles/milling_2.dir/C_/Program_Files/Raspberry_Pi/Pico_SDK_v1.5.1/pico-sdk/lib/tinyusb/src/device/usbd.c.obj
 .text.usbd_reset
                0x100066a8        0xc CMakeFiles/milling_2.dir/C_/Program_Files/Raspberry_Pi/Pico_SDK_v1.5.1/pico-sdk/lib/tinyusb/src/device/usbd.c.obj
 .text.invoke_class_control
                0x100066b4       0x1a CMakeFiles/milling_2.dir/C_/Program_Files/Raspberry_Pi/Pico_SDK_v1.5.1/pico-sdk/lib/tinyusb/src/device/usbd.c.obj
 *fill*         0x100066ce        0x2 
 .text.process_set_config
                0x100066d0      0x178 CMakeFiles/milling_2.dir/C_/Program_Files/Raspberry_Pi/Pico_SDK_v1.5.1/pico-sdk/lib/tinyusb/src/device/usbd.c.obj
 .text.process_get_descriptor
                0x10006848       0xdc CMakeFiles/milling_2.dir/C_/Program_Files/Raspberry_Pi/Pico_SDK_v1.5.1/pico-sdk/lib/tinyusb/src/device/usbd.c.obj
 .text.tud_mounted
                0x10006924       0x10 CMakeFiles/milling_2.dir/C_/Program_Files/Raspberry_Pi/Pico_SDK_v1.5.1/pico-sdk/lib/tinyusb/src/device/usbd.c.obj
                0x10006924                tud_mounted
 .text.tud_suspended
                0x10006934       0x10 CMakeFiles/milling_2.dir/C_/Program_Files/Raspberry_Pi/Pico_SDK_v1.5.1/pico-sdk/lib/tinyusb/src/device/usbd.c.obj
                0x10006934                tud_suspended
 .text.tud_inited
                0x10006944       0x14 CMakeFiles/milling_2.dir/C_/Program_Files/Raspberry_Pi/Pico_SDK_v1.5.1/pico-sdk/lib/tinyusb/src/device/usbd.c.obj
                0x10006944                tud_inited
 .text.tud_init
                0x10006958       0xcc CMakeFiles/milling_2.dir/C_/Program_Files/Raspberry_Pi/Pico_SDK_v1.5.1/pico-sdk/lib/tinyusb/src/device/usbd.c.obj
                0x10006958                tud_init
 .text.usbd_defer_func
                0x10006a24       0x2a CMakeFiles/milling_2.dir/C_/Program_Files/Raspberry_Pi/Pico_SDK_v1.5.1/pico-sdk/lib/tinyusb/src/device/usbd.c.obj
                0x10006a24                usbd_defer_func
 *fill*         0x10006a4e        0x2 
 .text.usbd_edpt_open
                0x10006a50       0x34 CMakeFiles/milling_2.dir/C_/Program_Files/Raspberry_Pi/Pico_SDK_v1.5.1/pico-sdk/lib/tinyusb/src/device/usbd.c.obj
                0x10006a50                usbd_edpt_open
 .text.usbd_open_edpt_pair
                0x10006a84       0x62 CMakeFiles/milling_2.dir/C_/Program_Files/Raspberry_Pi/Pico_SDK_v1.5.1/pico-sdk/lib/tinyusb/src/device/usbd.c.obj
                0x10006a84                usbd_open_edpt_pair
 *fill*         0x10006ae6        0x2 
 .text.usbd_edpt_claim
                0x10006ae8       0x28 CMakeFiles/milling_2.dir/C_/Program_Files/Raspberry_Pi/Pico_SDK_v1.5.1/pico-sdk/lib/tinyusb/src/device/usbd.c.obj
                0x10006ae8                usbd_edpt_claim
 .text.usbd_edpt_release
                0x10006b10       0x28 CMakeFiles/milling_2.dir/C_/Program_Files/Raspberry_Pi/Pico_SDK_v1.5.1/pico-sdk/lib/tinyusb/src/device/usbd.c.obj
                0x10006b10                usbd_edpt_release
 .text.usbd_edpt_xfer
                0x10006b38       0x78 CMakeFiles/milling_2.dir/C_/Program_Files/Raspberry_Pi/Pico_SDK_v1.5.1/pico-sdk/lib/tinyusb/src/device/usbd.c.obj
                0x10006b38                usbd_edpt_xfer
 .text.usbd_edpt_stall
                0x10006bb0       0x48 CMakeFiles/milling_2.dir/C_/Program_Files/Raspberry_Pi/Pico_SDK_v1.5.1/pico-sdk/lib/tinyusb/src/device/usbd.c.obj
                0x10006bb0                usbd_edpt_stall
 .text.usbd_edpt_clear_stall
                0x10006bf8       0x48 CMakeFiles/milling_2.dir/C_/Program_Files/Raspberry_Pi/Pico_SDK_v1.5.1/pico-sdk/lib/tinyusb/src/device/usbd.c.obj
                0x10006bf8                usbd_edpt_clear_stall
 .text.usbd_edpt_stalled
                0x10006c40       0x1c CMakeFiles/milling_2.dir/C_/Program_Files/Raspberry_Pi/Pico_SDK_v1.5.1/pico-sdk/lib/tinyusb/src/device/usbd.c.obj
                0x10006c40                usbd_edpt_stalled
 .text.process_control_request
                0x10006c5c      0x37c CMakeFiles/milling_2.dir/C_/Program_Files/Raspberry_Pi/Pico_SDK_v1.5.1/pico-sdk/lib/tinyusb/src/device/usbd.c.obj
 .text.tud_task_ext
                0x10006fd8      0x1b8 CMakeFiles/milling_2.dir/C_/Program_Files/Raspberry_Pi/Pico_SDK_v1.5.1/pico-sdk/lib/tinyusb/src/device/usbd.c.obj
                0x10006fd8                tud_task_ext
 .text._data_stage_xact
                0x10007190       0x58 CMakeFiles/milling_2.dir/C_/Program_Files/Raspberry_Pi/Pico_SDK_v1.5.1/pico-sdk/lib/tinyusb/src/device/usbd_control.c.obj
 .text.tud_control_status
                0x100071e8       0x38 CMakeFiles/milling_2.dir/C_/Program_Files/Raspberry_Pi/Pico_SDK_v1.5.1/pico-sdk/lib/tinyusb/src/device/usbd_control.c.obj
                0x100071e8                tud_control_status
 .text.tud_control_xfer
                0x10007220       0x74 CMakeFiles/milling_2.dir/C_/Program_Files/Raspberry_Pi/Pico_SDK_v1.5.1/pico-sdk/lib/tinyusb/src/device/usbd_control.c.obj
                0x10007220                tud_control_xfer
 .text.usbd_control_reset
                0x10007294       0x14 CMakeFiles/milling_2.dir/C_/Program_Files/Raspberry_Pi/Pico_SDK_v1.5.1/pico-sdk/lib/tinyusb/src/device/usbd_control.c.obj
                0x10007294                usbd_control_reset
 .text.usbd_control_set_complete_callback
                0x100072a8        0xc CMakeFiles/milling_2.dir/C_/Program_Files/Raspberry_Pi/Pico_SDK_v1.5.1/pico-sdk/lib/tinyusb/src/device/usbd_control.c.obj
                0x100072a8                usbd_control_set_complete_callback
 .text.usbd_control_set_request
                0x100072b4       0x1c CMakeFiles/milling_2.dir/C_/Program_Files/Raspberry_Pi/Pico_SDK_v1.5.1/pico-sdk/lib/tinyusb/src/device/usbd_control.c.obj
                0x100072b4                usbd_control_set_request
 .text.usbd_control_xfer_cb
                0x100072d0       0xcc CMakeFiles/milling_2.dir/C_/Program_Files/Raspberry_Pi/Pico_SDK_v1.5.1/pico-sdk/lib/tinyusb/src/device/usbd_control.c.obj
                0x100072d0                usbd_control_xfer_cb
 .text._prep_out_transaction
                0x1000739c       0x4a CMakeFiles/milling_2.dir/C_/Program_Files/Raspberry_Pi/Pico_SDK_v1.5.1/pico-sdk/lib/tinyusb/src/class/cdc/cdc_device.c.obj
 *fill*         0x100073e6        0x2 
 .text.tud_cdc_n_connected
                0x100073e8       0x44 CMakeFiles/milling_2.dir/C_/Program_Files/Raspberry_Pi/Pico_SDK_v1.5.1/pico-sdk/lib/tinyusb/src/class/cdc/cdc_device.c.obj
                0x100073e8                tud_cdc_n_connected
 .text.tud_cdc_n_available
                0x1000742c       0x18 CMakeFiles/milling_2.dir/C_/Program_Files/Raspberry_Pi/Pico_SDK_v1.5.1/pico-sdk/lib/tinyusb/src/class/cdc/cdc_device.c.obj
                0x1000742c                tud_cdc_n_available
 .text.tud_cdc_n_read
                0x10007444       0x28 CMakeFiles/milling_2.dir/C_/Program_Files/Raspberry_Pi/Pico_SDK_v1.5.1/pico-sdk/lib/tinyusb/src/class/cdc/cdc_device.c.obj
                0x10007444                tud_cdc_n_read
 .text.tud_cdc_n_write_flush
                0x1000746c       0xb8 CMakeFiles/milling_2.dir/C_/Program_Files/Raspberry_Pi/Pico_SDK_v1.5.1/pico-sdk/lib/tinyusb/src/class/cdc/cdc_device.c.obj
                0x1000746c                tud_cdc_n_write_flush
 .text.tud_cdc_n_write
                0x10007524       0x38 CMakeFiles/milling_2.dir/C_/Program_Files/Raspberry_Pi/Pico_SDK_v1.5.1/pico-sdk/lib/tinyusb/src/class/cdc/cdc_device.c.obj
                0x10007524                tud_cdc_n_write
 .text.tud_cdc_n_write_available
                0x1000755c       0x1c CMakeFiles/milling_2.dir/C_/Program_Files/Raspberry_Pi/Pico_SDK_v1.5.1/pico-sdk/lib/tinyusb/src/class/cdc/cdc_device.c.obj
                0x1000755c                tud_cdc_n_write_available
 .text.cdcd_init
                0x10007578       0xbc CMakeFiles/milling_2.dir/C_/Program_Files/Raspberry_Pi/Pico_SDK_v1.5.1/pico-sdk/lib/tinyusb/src/class/cdc/cdc_device.c.obj
                0x10007578                cdcd_init
 .text.cdcd_reset
                0x10007634       0x44 CMakeFiles/milling_2.dir/C_/Program_Files/Raspberry_Pi/Pico_SDK_v1.5.1/pico-sdk/lib/tinyusb/src/class/cdc/cdc_device.c.obj
                0x10007634                cdcd_reset
 .text.cdcd_open
                0x10007678       0xcc CMakeFiles/milling_2.dir/C_/Program_Files/Raspberry_Pi/Pico_SDK_v1.5.1/pico-sdk/lib/tinyusb/src/class/cdc/cdc_device.c.obj
                0x10007678                cdcd_open
 .text.cdcd_control_xfer_cb
                0x10007744      0x134 CMakeFiles/milling_2.dir/C_/Program_Files/Raspberry_Pi/Pico_SDK_v1.5.1/pico-sdk/lib/tinyusb/src/class/cdc/cdc_device.c.obj
                0x10007744                cdcd_control_xfer_cb
 .text.cdcd_xfer_cb
                0x10007878      0x130 CMakeFiles/milling_2.dir/C_/Program_Files/Raspberry_Pi/Pico_SDK_v1.5.1/pico-sdk/lib/tinyusb/src/class/cdc/cdc_device.c.obj
                0x10007878                cdcd_xfer_cb
 .text.tusb_init
                0x100079a8        0xa CMakeFiles/milling_2.dir/C_/Program_Files/Raspberry_Pi/Pico_SDK_v1.5.1/pico-sdk/lib/tinyusb/src/tusb.c.obj
                0x100079a8                tusb_init
 .text.tusb_inited
                0x100079b2        0xe CMakeFiles/milling_2.dir/C_/Program_Files/Raspberry_Pi/Pico_SDK_v1.5.1/pico-sdk/lib/tinyusb/src/tusb.c.obj
                0x100079b2                tusb_inited
 .text.tu_edpt_claim
                0x100079c0       0x50 CMakeFiles/milling_2.dir/C_/Program_Files/Raspberry_Pi/Pico_SDK_v1.5.1/pico-sdk/lib/tinyusb/src/tusb.c.obj
                0x100079c0                tu_edpt_claim
 .text.tu_edpt_release
                0x10007a10       0x3c CMakeFiles/milling_2.dir/C_/Program_Files/Raspberry_Pi/Pico_SDK_v1.5.1/pico-sdk/lib/tinyusb/src/tusb.c.obj
                0x10007a10                tu_edpt_release
 .text.tu_edpt_validate
                0x10007a4c       0x78 CMakeFiles/milling_2.dir/C_/Program_Files/Raspberry_Pi/Pico_SDK_v1.5.1/pico-sdk/lib/tinyusb/src/tusb.c.obj
                0x10007a4c                tu_edpt_validate
 .text.tu_edpt_bind_driver
                0x10007ac4       0x26 CMakeFiles/milling_2.dir/C_/Program_Files/Raspberry_Pi/Pico_SDK_v1.5.1/pico-sdk/lib/tinyusb/src/tusb.c.obj
                0x10007ac4                tu_edpt_bind_driver
 .text.advance_index
                0x10007aea       0x1a CMakeFiles/milling_2.dir/C_/Program_Files/Raspberry_Pi/Pico_SDK_v1.5.1/pico-sdk/lib/tinyusb/src/common/tusb_fifo.c.obj
 .text._tu_fifo_peek
                0x10007b04       0x56 CMakeFiles/milling_2.dir/C_/Program_Files/Raspberry_Pi/Pico_SDK_v1.5.1/pico-sdk/lib/tinyusb/src/common/tusb_fifo.c.obj
 .text._ff_pull_const_addr
                0x10007b5a       0x4c CMakeFiles/milling_2.dir/C_/Program_Files/Raspberry_Pi/Pico_SDK_v1.5.1/pico-sdk/lib/tinyusb/src/common/tusb_fifo.c.obj
 .text._ff_pull_n
                0x10007ba6      0x110 CMakeFiles/milling_2.dir/C_/Program_Files/Raspberry_Pi/Pico_SDK_v1.5.1/pico-sdk/lib/tinyusb/src/common/tusb_fifo.c.obj
 .text._tu_fifo_peek_n
                0x10007cb6       0x6a CMakeFiles/milling_2.dir/C_/Program_Files/Raspberry_Pi/Pico_SDK_v1.5.1/pico-sdk/lib/tinyusb/src/common/tusb_fifo.c.obj
 .text._tu_fifo_read_n
                0x10007d20       0x4e CMakeFiles/milling_2.dir/C_/Program_Files/Raspberry_Pi/Pico_SDK_v1.5.1/pico-sdk/lib/tinyusb/src/common/tusb_fifo.c.obj
 .text._ff_push_const_addr
                0x10007d6e       0x40 CMakeFiles/milling_2.dir/C_/Program_Files/Raspberry_Pi/Pico_SDK_v1.5.1/pico-sdk/lib/tinyusb/src/common/tusb_fifo.c.obj
 .text._ff_push_n
                0x10007dae      0x10c CMakeFiles/milling_2.dir/C_/Program_Files/Raspberry_Pi/Pico_SDK_v1.5.1/pico-sdk/lib/tinyusb/src/common/tusb_fifo.c.obj
 .text._tu_fifo_write_n
                0x10007eba       0xf0 CMakeFiles/milling_2.dir/C_/Program_Files/Raspberry_Pi/Pico_SDK_v1.5.1/pico-sdk/lib/tinyusb/src/common/tusb_fifo.c.obj
 .text.tu_fifo_config
                0x10007faa       0x7c CMakeFiles/milling_2.dir/C_/Program_Files/Raspberry_Pi/Pico_SDK_v1.5.1/pico-sdk/lib/tinyusb/src/common/tusb_fifo.c.obj
                0x10007faa                tu_fifo_config
 .text.tu_fifo_count
                0x10008026       0x2a CMakeFiles/milling_2.dir/C_/Program_Files/Raspberry_Pi/Pico_SDK_v1.5.1/pico-sdk/lib/tinyusb/src/common/tusb_fifo.c.obj
                0x10008026                tu_fifo_count
 .text.tu_fifo_empty
                0x10008050       0x10 CMakeFiles/milling_2.dir/C_/Program_Files/Raspberry_Pi/Pico_SDK_v1.5.1/pico-sdk/lib/tinyusb/src/common/tusb_fifo.c.obj
                0x10008050                tu_fifo_empty
 .text.tu_fifo_full
                0x10008060       0x28 CMakeFiles/milling_2.dir/C_/Program_Files/Raspberry_Pi/Pico_SDK_v1.5.1/pico-sdk/lib/tinyusb/src/common/tusb_fifo.c.obj
                0x10008060                tu_fifo_full
 .text.tu_fifo_remaining
                0x10008088       0x2c CMakeFiles/milling_2.dir/C_/Program_Files/Raspberry_Pi/Pico_SDK_v1.5.1/pico-sdk/lib/tinyusb/src/common/tusb_fifo.c.obj
                0x10008088                tu_fifo_remaining
 .text.tu_fifo_read
                0x100080b4       0x42 CMakeFiles/milling_2.dir/C_/Program_Files/Raspberry_Pi/Pico_SDK_v1.5.1/pico-sdk/lib/tinyusb/src/common/tusb_fifo.c.obj
                0x100080b4                tu_fifo_read
 .text.tu_fifo_read_n
                0x100080f6        0xa CMakeFiles/milling_2.dir/C_/Program_Files/Raspberry_Pi/Pico_SDK_v1.5.1/pico-sdk/lib/tinyusb/src/common/tusb_fifo.c.obj
                0x100080f6                tu_fifo_read_n
 .text.tu_fifo_write
                0x10008100       0x64 CMakeFiles/milling_2.dir/C_/Program_Files/Raspberry_Pi/Pico_SDK_v1.5.1/pico-sdk/lib/tinyusb/src/common/tusb_fifo.c.obj
                0x10008100                tu_fifo_write
 .text.tu_fifo_write_n
                0x10008164        0xa CMakeFiles/milling_2.dir/C_/Program_Files/Raspberry_Pi/Pico_SDK_v1.5.1/pico-sdk/lib/tinyusb/src/common/tusb_fifo.c.obj
                0x10008164                tu_fifo_write_n
 .text.tu_fifo_clear
                0x1000816e       0x3e CMakeFiles/milling_2.dir/C_/Program_Files/Raspberry_Pi/Pico_SDK_v1.5.1/pico-sdk/lib/tinyusb/src/common/tusb_fifo.c.obj
                0x1000816e                tu_fifo_clear
 .text.tu_fifo_set_overwritable
                0x100081ac       0x46 CMakeFiles/milling_2.dir/C_/Program_Files/Raspberry_Pi/Pico_SDK_v1.5.1/pico-sdk/lib/tinyusb/src/common/tusb_fifo.c.obj
                0x100081ac                tu_fifo_set_overwritable
 *fill*         0x100081f2        0x2 
 .text._calloc_r
                0x100081f4       0x9c c:/progra~1/raspbe~1/picosd~1.1/gcc-ar~1/bin/../lib/gcc/arm-none-eabi/10.3.1/../../../../arm-none-eabi/lib/thumb/v6-m/nofp\libg.a(lib_a-callocr.o)
                0x100081f4                _calloc_r
 .text.__errno  0x10008290        0xc c:/progra~1/raspbe~1/picosd~1.1/gcc-ar~1/bin/../lib/gcc/arm-none-eabi/10.3.1/../../../../arm-none-eabi/lib/thumb/v6-m/nofp\libg.a(lib_a-errno.o)
                0x10008290                __errno
 .text._malloc_r
                0x1000829c      0x584 c:/progra~1/raspbe~1/picosd~1.1/gcc-ar~1/bin/../lib/gcc/arm-none-eabi/10.3.1/../../../../arm-none-eabi/lib/thumb/v6-m/nofp\libg.a(lib_a-mallocr.o)
                0x1000829c                _malloc_r
 .text.__malloc_lock
                0x10008820       0x10 c:/progra~1/raspbe~1/picosd~1.1/gcc-ar~1/bin/../lib/gcc/arm-none-eabi/10.3.1/../../../../arm-none-eabi/lib/thumb/v6-m/nofp\libg.a(lib_a-mlock.o)
                0x10008820                __malloc_lock
 .text.__malloc_unlock
                0x10008830       0x10 c:/progra~1/raspbe~1/picosd~1.1/gcc-ar~1/bin/../lib/gcc/arm-none-eabi/10.3.1/../../../../arm-none-eabi/lib/thumb/v6-m/nofp\libg.a(lib_a-mlock.o)
                0x10008830                __malloc_unlock
 .text._sbrk_r  0x10008840       0x24 c:/progra~1/raspbe~1/picosd~1.1/gcc-ar~1/bin/../lib/gcc/arm-none-eabi/10.3.1/../../../../arm-none-eabi/lib/thumb/v6-m/nofp\libg.a(lib_a-sbrkr.o)
                0x10008840                _sbrk_r
 .text.strchr   0x10008864       0xc0 c:/progra~1/raspbe~1/picosd~1.1/gcc-ar~1/bin/../lib/gcc/arm-none-eabi/10.3.1/../../../../arm-none-eabi/lib/thumb/v6-m/nofp\libg.a(lib_a-strchr.o)
                0x10008864                strchr
 .text          0x10008924       0x88 c:/progra~1/raspbe~1/picosd~1.1/gcc-ar~1/bin/../lib/gcc/arm-none-eabi/10.3.1/../../../../arm-none-eabi/lib/thumb/v6-m/nofp\libg.a(lib_a-strcmp.o)
                0x10008924                strcmp
 .text.strlen   0x100089ac       0x5c c:/progra~1/raspbe~1/picosd~1.1/gcc-ar~1/bin/../lib/gcc/arm-none-eabi/10.3.1/../../../../arm-none-eabi/lib/thumb/v6-m/nofp\libg.a(lib_a-strlen-stub.o)
                0x100089ac                strlen
 .text.strncmp  0x10008a08       0x74 c:/progra~1/raspbe~1/picosd~1.1/gcc-ar~1/bin/../lib/gcc/arm-none-eabi/10.3.1/../../../../arm-none-eabi/lib/thumb/v6-m/nofp\libg.a(lib_a-strncmp.o)
                0x10008a08                strncmp
 .text._strtod_l
                0x10008a7c      0xf78 c:/progra~1/raspbe~1/picosd~1.1/gcc-ar~1/bin/../lib/gcc/arm-none-eabi/10.3.1/../../../../arm-none-eabi/lib/thumb/v6-m/nofp\libg.a(lib_a-strtod.o)
                0x10008a7c                _strtod_l
 .text.strtof   0x100099f4       0xb4 c:/progra~1/raspbe~1/picosd~1.1/gcc-ar~1/bin/../lib/gcc/arm-none-eabi/10.3.1/../../../../arm-none-eabi/lib/thumb/v6-m/nofp\libg.a(lib_a-strtod.o)
                0x100099f4                strtof
 .text._malloc_trim_r
                0x10009aa8       0x9c c:/progra~1/raspbe~1/picosd~1.1/gcc-ar~1/bin/../lib/gcc/arm-none-eabi/10.3.1/../../../../arm-none-eabi/lib/thumb/v6-m/nofp\libg.a(lib_a-freer.o)
                0x10009aa8                _malloc_trim_r
 .text._free_r  0x10009b44      0x1c4 c:/progra~1/raspbe~1/picosd~1.1/gcc-ar~1/bin/../lib/gcc/arm-none-eabi/10.3.1/../../../../arm-none-eabi/lib/thumb/v6-m/nofp\libg.a(lib_a-freer.o)
                0x10009b44                _free_r
 .text.rshift   0x10009d08       0xa4 c:/progra~1/raspbe~1/picosd~1.1/gcc-ar~1/bin/../lib/gcc/arm-none-eabi/10.3.1/../../../../arm-none-eabi/lib/thumb/v6-m/nofp\libg.a(lib_a-gdtoa-gethex.o)
 .text.__gethex
                0x10009dac      0x5cc c:/progra~1/raspbe~1/picosd~1.1/gcc-ar~1/bin/../lib/gcc/arm-none-eabi/10.3.1/../../../../arm-none-eabi/lib/thumb/v6-m/nofp\libg.a(lib_a-gdtoa-gethex.o)
                0x10009dac                __gethex
 .text.__match  0x1000a378       0x2c c:/progra~1/raspbe~1/picosd~1.1/gcc-ar~1/bin/../lib/gcc/arm-none-eabi/10.3.1/../../../../arm-none-eabi/lib/thumb/v6-m/nofp\libg.a(lib_a-gdtoa-hexnan.o)
                0x1000a378                __match
 .text.__hexnan
                0x1000a3a4      0x1d0 c:/progra~1/raspbe~1/picosd~1.1/gcc-ar~1/bin/../lib/gcc/arm-none-eabi/10.3.1/../../../../arm-none-eabi/lib/thumb/v6-m/nofp\libg.a(lib_a-gdtoa-hexnan.o)
                0x1000a3a4                __hexnan
 .text.__retarget_lock_acquire_recursive
                0x1000a574        0x4 c:/progra~1/raspbe~1/picosd~1.1/gcc-ar~1/bin/../lib/gcc/arm-none-eabi/10.3.1/../../../../arm-none-eabi/lib/thumb/v6-m/nofp\libg.a(lib_a-lock.o)
                0x1000a574                __retarget_lock_acquire_recursive
 .text.__retarget_lock_release_recursive
                0x1000a578        0x4 c:/progra~1/raspbe~1/picosd~1.1/gcc-ar~1/bin/../lib/gcc/arm-none-eabi/10.3.1/../../../../arm-none-eabi/lib/thumb/v6-m/nofp\libg.a(lib_a-lock.o)
                0x1000a578                __retarget_lock_release_recursive
 .text.__ascii_mbtowc
                0x1000a57c       0x2c c:/progra~1/raspbe~1/picosd~1.1/gcc-ar~1/bin/../lib/gcc/arm-none-eabi/10.3.1/../../../../arm-none-eabi/lib/thumb/v6-m/nofp\libg.a(lib_a-mbtowc_r.o)
                0x1000a57c                __ascii_mbtowc
 .text._Balloc  0x1000a5a8       0x50 c:/progra~1/raspbe~1/picosd~1.1/gcc-ar~1/bin/../lib/gcc/arm-none-eabi/10.3.1/../../../../arm-none-eabi/lib/thumb/v6-m/nofp\libg.a(lib_a-mprec.o)
                0x1000a5a8                _Balloc
 .text._Bfree   0x1000a5f8       0x14 c:/progra~1/raspbe~1/picosd~1.1/gcc-ar~1/bin/../lib/gcc/arm-none-eabi/10.3.1/../../../../arm-none-eabi/lib/thumb/v6-m/nofp\libg.a(lib_a-mprec.o)
                0x1000a5f8                _Bfree
 .text.__multadd
                0x1000a60c       0xa8 c:/progra~1/raspbe~1/picosd~1.1/gcc-ar~1/bin/../lib/gcc/arm-none-eabi/10.3.1/../../../../arm-none-eabi/lib/thumb/v6-m/nofp\libg.a(lib_a-mprec.o)
                0x1000a60c                __multadd
 .text.__s2b    0x1000a6b4       0xb0 c:/progra~1/raspbe~1/picosd~1.1/gcc-ar~1/bin/../lib/gcc/arm-none-eabi/10.3.1/../../../../arm-none-eabi/lib/thumb/v6-m/nofp\libg.a(lib_a-mprec.o)
                0x1000a6b4                __s2b
 .text.__hi0bits
                0x1000a764       0x38 c:/progra~1/raspbe~1/picosd~1.1/gcc-ar~1/bin/../lib/gcc/arm-none-eabi/10.3.1/../../../../arm-none-eabi/lib/thumb/v6-m/nofp\libg.a(lib_a-mprec.o)
                0x1000a764                __hi0bits
 .text.__lo0bits
                0x1000a79c       0x5c c:/progra~1/raspbe~1/picosd~1.1/gcc-ar~1/bin/../lib/gcc/arm-none-eabi/10.3.1/../../../../arm-none-eabi/lib/thumb/v6-m/nofp\libg.a(lib_a-mprec.o)
                0x1000a79c                __lo0bits
 .text.__i2b    0x1000a7f8       0x60 c:/progra~1/raspbe~1/picosd~1.1/gcc-ar~1/bin/../lib/gcc/arm-none-eabi/10.3.1/../../../../arm-none-eabi/lib/thumb/v6-m/nofp\libg.a(lib_a-mprec.o)
                0x1000a7f8                __i2b
 .text.__multiply
                0x1000a858      0x1a4 c:/progra~1/raspbe~1/picosd~1.1/gcc-ar~1/bin/../lib/gcc/arm-none-eabi/10.3.1/../../../../arm-none-eabi/lib/thumb/v6-m/nofp\libg.a(lib_a-mprec.o)
                0x1000a858                __multiply
 .text.__pow5mult
                0x1000a9fc       0xd8 c:/progra~1/raspbe~1/picosd~1.1/gcc-ar~1/bin/../lib/gcc/arm-none-eabi/10.3.1/../../../../arm-none-eabi/lib/thumb/v6-m/nofp\libg.a(lib_a-mprec.o)
                0x1000a9fc                __pow5mult
 .text.__lshift
                0x1000aad4       0xfc c:/progra~1/raspbe~1/picosd~1.1/gcc-ar~1/bin/../lib/gcc/arm-none-eabi/10.3.1/../../../../arm-none-eabi/lib/thumb/v6-m/nofp\libg.a(lib_a-mprec.o)
                0x1000aad4                __lshift
 .text.__mcmp   0x1000abd0       0x34 c:/progra~1/raspbe~1/picosd~1.1/gcc-ar~1/bin/../lib/gcc/arm-none-eabi/10.3.1/../../../../arm-none-eabi/lib/thumb/v6-m/nofp\libg.a(lib_a-mprec.o)
                0x1000abd0                __mcmp
 .text.__mdiff  0x1000ac04      0x18c c:/progra~1/raspbe~1/picosd~1.1/gcc-ar~1/bin/../lib/gcc/arm-none-eabi/10.3.1/../../../../arm-none-eabi/lib/thumb/v6-m/nofp\libg.a(lib_a-mprec.o)
                0x1000ac04                __mdiff
 .text.__ulp    0x1000ad90       0x48 c:/progra~1/raspbe~1/picosd~1.1/gcc-ar~1/bin/../lib/gcc/arm-none-eabi/10.3.1/../../../../arm-none-eabi/lib/thumb/v6-m/nofp\libg.a(lib_a-mprec.o)
                0x1000ad90                __ulp
 .text.__b2d    0x1000add8       0xc8 c:/progra~1/raspbe~1/picosd~1.1/gcc-ar~1/bin/../lib/gcc/arm-none-eabi/10.3.1/../../../../arm-none-eabi/lib/thumb/v6-m/nofp\libg.a(lib_a-mprec.o)
                0x1000add8                __b2d
 .text.__d2b    0x1000aea0       0xd8 c:/progra~1/raspbe~1/picosd~1.1/gcc-ar~1/bin/../lib/gcc/arm-none-eabi/10.3.1/../../../../arm-none-eabi/lib/thumb/v6-m/nofp\libg.a(lib_a-mprec.o)
                0x1000aea0                __d2b
 .text.__ratio  0x1000af78       0x68 c:/progra~1/raspbe~1/picosd~1.1/gcc-ar~1/bin/../lib/gcc/arm-none-eabi/10.3.1/../../../../arm-none-eabi/lib/thumb/v6-m/nofp\libg.a(lib_a-mprec.o)
                0x1000af78                __ratio
 .text.__copybits
                0x1000afe0       0x40 c:/progra~1/raspbe~1/picosd~1.1/gcc-ar~1/bin/../lib/gcc/arm-none-eabi/10.3.1/../../../../arm-none-eabi/lib/thumb/v6-m/nofp\libg.a(lib_a-mprec.o)
                0x1000afe0                __copybits
 .text.__any_on
                0x1000b020       0x50 c:/progra~1/raspbe~1/picosd~1.1/gcc-ar~1/bin/../lib/gcc/arm-none-eabi/10.3.1/../../../../arm-none-eabi/lib/thumb/v6-m/nofp\libg.a(lib_a-mprec.o)
                0x1000b020                __any_on
 .text.nan      0x1000b070        0xc c:/progra~1/raspbe~1/picosd~1.1/gcc-ar~1/bin/../lib/gcc/arm-none-eabi/10.3.1/../../../../arm-none-eabi/lib/thumb/v6-m/nofp\libg.a(lib_a-s_nan.o)
                0x1000b070                nan
 .text.nanf     0x1000b07c        0x8 c:/progra~1/raspbe~1/picosd~1.1/gcc-ar~1/bin/../lib/gcc/arm-none-eabi/10.3.1/../../../../arm-none-eabi/lib/thumb/v6-m/nofp\libg.a(lib_a-sf_nan.o)
                0x1000b07c                nanf
 .text.__ascii_wctomb
                0x1000b084       0x1c c:/progra~1/raspbe~1/picosd~1.1/gcc-ar~1/bin/../lib/gcc/arm-none-eabi/10.3.1/../../../../arm-none-eabi/lib/thumb/v6-m/nofp\libg.a(lib_a-wctomb_r.o)
                0x1000b084                __ascii_wctomb
 *(.fini)
 .fini          0x1000b0a0        0x4 c:/progra~1/raspbe~1/picosd~1.1/gcc-ar~1/bin/../lib/gcc/arm-none-eabi/10.3.1/thumb/v6-m/nofp/crti.o
                0x1000b0a0                _fini
 *fill*         0x1000b0a4        0x4 
 .fini.__stub   0x1000b0a8       0xe0 linker stubs
 *crtbegin.o(.ctors)
 *crtbegin?.o(.ctors)
 *(EXCLUDE_FILE(*crtend.o *crtend?.o) .ctors)
 *(SORT_BY_NAME(.ctors.*))
 *(.ctors)
 *crtbegin.o(.dtors)
 *crtbegin?.o(.dtors)
 *(EXCLUDE_FILE(*crtend.o *crtend?.o) .dtors)
 *(SORT_BY_NAME(.dtors.*))
 *(.dtors)
 *(.eh_frame*)
 .eh_frame      0x1000b188        0x0 c:/progra~1/raspbe~1/picosd~1.1/gcc-ar~1/bin/../lib/gcc/arm-none-eabi/10.3.1/thumb/v6-m/nofp/crtbegin.o
                0x1000b188                . = ALIGN (0x4)

.glue_7         0x1000b188        0x0
 .glue_7        0x1000b188        0x0 linker stubs

.glue_7t        0x1000b188        0x0
 .glue_7t       0x1000b188        0x0 linker stubs

.vfp11_veneer   0x1000b188        0x0
 .vfp11_veneer  0x1000b188        0x0 linker stubs

.v4_bx          0x1000b188        0x0
 .v4_bx         0x1000b188        0x0 linker stubs

.iplt           0x1000b188        0x0
 .iplt          0x1000b188        0x0 c:/progra~1/raspbe~1/picosd~1.1/gcc-ar~1/bin/../lib/gcc/arm-none-eabi/10.3.1/thumb/v6-m/nofp/crtbegin.o

.rodata         0x1000b188     0x2604
 *(EXCLUDE_FILE(*libm.a: *libc.a:*lib_a-mem*.o *libgcc.a:) .rodata*)
 .rodata.main.str1.4
                0x1000b188        0x8 CMakeFiles/milling_2.dir/main.c.obj
 .rodata.print_manual_menu.str1.4
                0x1000b190       0xfa CMakeFiles/milling_2.dir/machine.c.obj
 *fill*         0x1000b28a        0x2 
 .rodata.print_command_menu.str1.4
                0x1000b28c      0x307 CMakeFiles/milling_2.dir/machine.c.obj
 *fill*         0x1000b593        0x1 
 .rodata.move_axis_to_target.str1.4
                0x1000b594       0x13 CMakeFiles/milling_2.dir/machine.c.obj
 *fill*         0x1000b5a7        0x1 
 .rodata.execute_move.str1.4
                0x1000b5a8       0x38 CMakeFiles/milling_2.dir/machine.c.obj
 .rodata.execute_arc.str1.4
                0x1000b5e0       0x35 CMakeFiles/milling_2.dir/machine.c.obj
 *fill*         0x1000b615        0x3 
 .rodata.handle_manual_mode.str1.4
                0x1000b618       0x59 CMakeFiles/milling_2.dir/manual.c.obj
                                 0x79 (size before relaxing)
 *fill*         0x1000b671        0x3 
 .rodata.handle_manual_mode
                0x1000b674      0x134 CMakeFiles/milling_2.dir/manual.c.obj
 .rodata.handle_command_mode.str1.4
                0x1000b7a8      0x1ec CMakeFiles/milling_2.dir/command.c.obj
                                0x1f8 (size before relaxing)
 .rodata.handle_command_mode
                0x1000b994       0x40 CMakeFiles/milling_2.dir/command.c.obj
 .rodata.parse_command_type.str1.4
                0x1000b9d4       0x53 CMakeFiles/milling_2.dir/parser.c.obj
                                 0x5f (size before relaxing)
 *fill*         0x1000ba27        0x1 
 .rodata.mmhal_set_microstepping
                0x1000ba28       0x18 CMakeFiles/milling_2.dir/mmhal.c.obj
 .rodata.dir_pins
                0x1000ba40        0xc CMakeFiles/milling_2.dir/mmhal.c.obj
                0x1000ba40                dir_pins
 .rodata.step_pins
                0x1000ba4c        0xc CMakeFiles/milling_2.dir/mmhal.c.obj
                0x1000ba4c                step_pins
 .rodata.stepper_multipliers
                0x1000ba58        0xc CMakeFiles/milling_2.dir/mmhal.c.obj
                0x1000ba58                stepper_multipliers
 .rodata.spin_lock_claim_unused.str1.4
                0x1000ba64       0x1b CMakeFiles/milling_2.dir/C_/Program_Files/Raspberry_Pi/Pico_SDK_v1.5.1/pico-sdk/src/rp2_common/hardware_sync/sync.c.obj
 *fill*         0x1000ba7f        0x1 
 .rodata.make_branch.str1.4
                0x1000ba80       0x89 CMakeFiles/milling_2.dir/C_/Program_Files/Raspberry_Pi/Pico_SDK_v1.5.1/pico-sdk/src/rp2_common/hardware_irq/irq.c.obj
 *fill*         0x1000bb09        0x3 
 .rodata.insert_branch_and_link.str1.4
                0x1000bb0c       0x10 CMakeFiles/milling_2.dir/C_/Program_Files/Raspberry_Pi/Pico_SDK_v1.5.1/pico-sdk/src/rp2_common/hardware_irq/irq.c.obj
 .rodata.irq_set_exclusive_handler.str1.4
                0x1000bb1c       0x36 CMakeFiles/milling_2.dir/C_/Program_Files/Raspberry_Pi/Pico_SDK_v1.5.1/pico-sdk/src/rp2_common/hardware_irq/irq.c.obj
 *fill*         0x1000bb52        0x2 
 .rodata.irq_add_shared_handler.str1.4
                0x1000bb54       0xd9 CMakeFiles/milling_2.dir/C_/Program_Files/Raspberry_Pi/Pico_SDK_v1.5.1/pico-sdk/src/rp2_common/hardware_irq/irq.c.obj
 *fill*         0x1000bc2d        0x3 
 .rodata.irq_remove_handler.str1.4
                0x1000bc30       0x3a CMakeFiles/milling_2.dir/C_/Program_Files/Raspberry_Pi/Pico_SDK_v1.5.1/pico-sdk/src/rp2_common/hardware_irq/irq.c.obj
 *fill*         0x1000bc6a        0x2 
 .rodata.irq_add_tail_to_free_list.str1.4
                0x1000bc6c       0x3a CMakeFiles/milling_2.dir/C_/Program_Files/Raspberry_Pi/Pico_SDK_v1.5.1/pico-sdk/src/rp2_common/hardware_irq/irq.c.obj
 *fill*         0x1000bca6        0x2 
 .rodata.user_irq_claim_unused.str1.4
                0x1000bca8       0x1b CMakeFiles/milling_2.dir/C_/Program_Files/Raspberry_Pi/Pico_SDK_v1.5.1/pico-sdk/src/rp2_common/hardware_irq/irq.c.obj
 *fill*         0x1000bcc3        0x1 
 .rodata.__func__.0
                0x1000bcc4       0x1a CMakeFiles/milling_2.dir/C_/Program_Files/Raspberry_Pi/Pico_SDK_v1.5.1/pico-sdk/src/rp2_common/hardware_irq/irq.c.obj
 *fill*         0x1000bcde        0x2 
 .rodata.__func__.1
                0x1000bce0       0x17 CMakeFiles/milling_2.dir/C_/Program_Files/Raspberry_Pi/Pico_SDK_v1.5.1/pico-sdk/src/rp2_common/hardware_irq/irq.c.obj
 *fill*         0x1000bcf7        0x1 
 .rodata.__func__.2
                0x1000bcf8       0x13 CMakeFiles/milling_2.dir/C_/Program_Files/Raspberry_Pi/Pico_SDK_v1.5.1/pico-sdk/src/rp2_common/hardware_irq/irq.c.obj
 *fill*         0x1000bd0b        0x1 
 .rodata.__func__.3
                0x1000bd0c        0xc CMakeFiles/milling_2.dir/C_/Program_Files/Raspberry_Pi/Pico_SDK_v1.5.1/pico-sdk/src/rp2_common/hardware_irq/irq.c.obj
 .rodata.__func__.4
                0x1000bd18        0xf CMakeFiles/milling_2.dir/C_/Program_Files/Raspberry_Pi/Pico_SDK_v1.5.1/pico-sdk/src/rp2_common/hardware_irq/irq.c.obj
 *fill*         0x1000bd27        0x1 
 .rodata.__func__.5
                0x1000bd28       0x17 CMakeFiles/milling_2.dir/C_/Program_Files/Raspberry_Pi/Pico_SDK_v1.5.1/pico-sdk/src/rp2_common/hardware_irq/irq.c.obj
 *fill*         0x1000bd3f        0x1 
 .rodata.__func__.6
                0x1000bd40       0x1a CMakeFiles/milling_2.dir/C_/Program_Files/Raspberry_Pi/Pico_SDK_v1.5.1/pico-sdk/src/rp2_common/hardware_irq/irq.c.obj
 *fill*         0x1000bd5a        0x2 
 .rodata.str1.4
                0x1000bd5c      0x125 CMakeFiles/milling_2.dir/C_/Program_Files/Raspberry_Pi/Pico_SDK_v1.5.1/pico-sdk/src/common/pico_sync/mutex.c.obj
 *fill*         0x1000be81        0x3 
 .rodata.__func__.1
                0x1000be84        0xb CMakeFiles/milling_2.dir/C_/Program_Files/Raspberry_Pi/Pico_SDK_v1.5.1/pico-sdk/src/common/pico_sync/mutex.c.obj
 *fill*         0x1000be8f        0x1 
 .rodata.__func__.3
                0x1000be90       0x18 CMakeFiles/milling_2.dir/C_/Program_Files/Raspberry_Pi/Pico_SDK_v1.5.1/pico-sdk/src/common/pico_sync/mutex.c.obj
 .rodata.__func__.4
                0x1000bea8       0x15 CMakeFiles/milling_2.dir/C_/Program_Files/Raspberry_Pi/Pico_SDK_v1.5.1/pico-sdk/src/common/pico_sync/mutex.c.obj
 *fill*         0x1000bebd        0x3 
 .rodata.repeating_timer_callback.str1.4
                0x1000bec0       0x67 CMakeFiles/milling_2.dir/C_/Program_Files/Raspberry_Pi/Pico_SDK_v1.5.1/pico-sdk/src/common/pico_time/time.c.obj
 *fill*         0x1000bf27        0x1 
 .rodata.timer_pool_entry_comparator.str1.4
                0x1000bf28       0x22 CMakeFiles/milling_2.dir/C_/Program_Files/Raspberry_Pi/Pico_SDK_v1.5.1/pico-sdk/src/common/pico_time/time.c.obj
 *fill*         0x1000bf4a        0x2 
 .rodata.ph_add_child_node.str1.4
                0x1000bf4c       0xb2 CMakeFiles/milling_2.dir/C_/Program_Files/Raspberry_Pi/Pico_SDK_v1.5.1/pico-sdk/src/common/pico_time/time.c.obj
 *fill*         0x1000bffe        0x2 
 .rodata.add_alarm_under_lock.str1.4
                0x1000c000       0x28 CMakeFiles/milling_2.dir/C_/Program_Files/Raspberry_Pi/Pico_SDK_v1.5.1/pico-sdk/src/common/pico_time/time.c.obj
                                 0x2b (size before relaxing)
 .rodata.alarm_pool_alarm_callback.str1.4
                0x1000c028       0x98 CMakeFiles/milling_2.dir/C_/Program_Files/Raspberry_Pi/Pico_SDK_v1.5.1/pico-sdk/src/common/pico_time/time.c.obj
                                0x118 (size before relaxing)
 .rodata.alarm_pool_get_default.str1.4
                0x1000c0c0       0x21 CMakeFiles/milling_2.dir/C_/Program_Files/Raspberry_Pi/Pico_SDK_v1.5.1/pico-sdk/src/common/pico_time/time.c.obj
 *fill*         0x1000c0e1        0x3 
 .rodata.alarm_pool_cancel_alarm.str1.4
                0x1000c0e4       0x27 CMakeFiles/milling_2.dir/C_/Program_Files/Raspberry_Pi/Pico_SDK_v1.5.1/pico-sdk/src/common/pico_time/time.c.obj
 *fill*         0x1000c10b        0x1 
 .rodata.sleep_until.str1.4
                0x1000c10c       0x4d CMakeFiles/milling_2.dir/C_/Program_Files/Raspberry_Pi/Pico_SDK_v1.5.1/pico-sdk/src/common/pico_time/time.c.obj
 *fill*         0x1000c159        0x3 
 .rodata.__func__.1
                0x1000c15c       0x18 CMakeFiles/milling_2.dir/C_/Program_Files/Raspberry_Pi/Pico_SDK_v1.5.1/pico-sdk/src/common/pico_time/time.c.obj
 .rodata.__func__.10
                0x1000c174       0x15 CMakeFiles/milling_2.dir/C_/Program_Files/Raspberry_Pi/Pico_SDK_v1.5.1/pico-sdk/src/common/pico_time/time.c.obj
 *fill*         0x1000c189        0x3 
 .rodata.__func__.11
                0x1000c18c       0x1a CMakeFiles/milling_2.dir/C_/Program_Files/Raspberry_Pi/Pico_SDK_v1.5.1/pico-sdk/src/common/pico_time/time.c.obj
 *fill*         0x1000c1a6        0x2 
 .rodata.__func__.12
                0x1000c1a8        0xa CMakeFiles/milling_2.dir/C_/Program_Files/Raspberry_Pi/Pico_SDK_v1.5.1/pico-sdk/src/common/pico_time/time.c.obj
 *fill*         0x1000c1b2        0x2 
 .rodata.__func__.3
                0x1000c1b4       0x17 CMakeFiles/milling_2.dir/C_/Program_Files/Raspberry_Pi/Pico_SDK_v1.5.1/pico-sdk/src/common/pico_time/time.c.obj
 *fill*         0x1000c1cb        0x1 
 .rodata.__func__.4
                0x1000c1cc       0x12 CMakeFiles/milling_2.dir/C_/Program_Files/Raspberry_Pi/Pico_SDK_v1.5.1/pico-sdk/src/common/pico_time/time.c.obj
 *fill*         0x1000c1de        0x2 
 .rodata.__func__.5
                0x1000c1e0        0xd CMakeFiles/milling_2.dir/C_/Program_Files/Raspberry_Pi/Pico_SDK_v1.5.1/pico-sdk/src/common/pico_time/time.c.obj
 *fill*         0x1000c1ed        0x3 
 .rodata.__func__.6
                0x1000c1f0       0x12 CMakeFiles/milling_2.dir/C_/Program_Files/Raspberry_Pi/Pico_SDK_v1.5.1/pico-sdk/src/common/pico_time/time.c.obj
 *fill*         0x1000c202        0x2 
 .rodata.__func__.7
                0x1000c204        0xf CMakeFiles/milling_2.dir/C_/Program_Files/Raspberry_Pi/Pico_SDK_v1.5.1/pico-sdk/src/common/pico_time/time.c.obj
 *fill*         0x1000c213        0x1 
 .rodata.__func__.8
                0x1000c214        0xc CMakeFiles/milling_2.dir/C_/Program_Files/Raspberry_Pi/Pico_SDK_v1.5.1/pico-sdk/src/common/pico_time/time.c.obj
 .rodata.__func__.9
                0x1000c220       0x15 CMakeFiles/milling_2.dir/C_/Program_Files/Raspberry_Pi/Pico_SDK_v1.5.1/pico-sdk/src/common/pico_time/time.c.obj
 *fill*         0x1000c235        0x3 
 .rodata.hardware_alarm_claim.str1.4
                0x1000c238       0x22 CMakeFiles/milling_2.dir/C_/Program_Files/Raspberry_Pi/Pico_SDK_v1.5.1/pico-sdk/src/rp2_common/hardware_timer/timer.c.obj
 .rodata.busy_wait_us.str1.4
                0x1000c25a       0x7d CMakeFiles/milling_2.dir/C_/Program_Files/Raspberry_Pi/Pico_SDK_v1.5.1/pico-sdk/src/rp2_common/hardware_timer/timer.c.obj
 *fill*         0x1000c25a        0x2 
 .rodata.hardware_alarm_set_target.str1.4
                0x1000c25c       0x81 CMakeFiles/milling_2.dir/C_/Program_Files/Raspberry_Pi/Pico_SDK_v1.5.1/pico-sdk/src/rp2_common/hardware_timer/timer.c.obj
 *fill*         0x1000c2dd        0x3 
 .rodata.__func__.0
                0x1000c2e0       0x1a CMakeFiles/milling_2.dir/C_/Program_Files/Raspberry_Pi/Pico_SDK_v1.5.1/pico-sdk/src/rp2_common/hardware_timer/timer.c.obj
 *fill*         0x1000c2fa        0x2 
 .rodata.__func__.1
                0x1000c2fc       0x15 CMakeFiles/milling_2.dir/C_/Program_Files/Raspberry_Pi/Pico_SDK_v1.5.1/pico-sdk/src/rp2_common/hardware_timer/timer.c.obj
 .rodata.ph_add_child_node.str1.4
                0x1000c311       0xb2 CMakeFiles/milling_2.dir/C_/Program_Files/Raspberry_Pi/Pico_SDK_v1.5.1/pico-sdk/src/common/pico_util/pheap.c.obj
 *fill*         0x1000c311        0x3 
 .rodata.ph_remove_any_head.str1.4
                0x1000c314       0xa8 CMakeFiles/milling_2.dir/C_/Program_Files/Raspberry_Pi/Pico_SDK_v1.5.1/pico-sdk/src/common/pico_util/pheap.c.obj
                                 0xbc (size before relaxing)
 .rodata.ph_remove_and_free_node.str1.4
                0x1000c3bc       0x1e CMakeFiles/milling_2.dir/C_/Program_Files/Raspberry_Pi/Pico_SDK_v1.5.1/pico-sdk/src/common/pico_util/pheap.c.obj
                                 0x26 (size before relaxing)
 *fill*         0x1000c3da        0x2 
 .rodata.__func__.0
                0x1000c3dc       0x18 CMakeFiles/milling_2.dir/C_/Program_Files/Raspberry_Pi/Pico_SDK_v1.5.1/pico-sdk/src/common/pico_util/pheap.c.obj
 .rodata.__func__.1
                0x1000c3f4       0x13 CMakeFiles/milling_2.dir/C_/Program_Files/Raspberry_Pi/Pico_SDK_v1.5.1/pico-sdk/src/common/pico_util/pheap.c.obj
 *fill*         0x1000c407        0x1 
 .rodata.__func__.2